Archive member included to satisfy reference by file (symbol)

F:/ST/STM32CubeIDE_1.15.1/STM32CubeIDE/plugins/com.st.stm32cube.ide.mcu.externaltools.gnu-tools-for-stm32.12.3.rel1.win32_1.0.100.202403111256/tools/bin/../lib/gcc/arm-none-eabi/12.3.1/../../../../arm-none-eabi/lib/thumb/v7e-m+fp/hard\libc_nano.a(libc_a-exit.o)
                              F:/ST/STM32CubeIDE_1.15.1/STM32CubeIDE/plugins/com.st.stm32cube.ide.mcu.externaltools.gnu-tools-for-stm32.12.3.rel1.win32_1.0.100.202403111256/tools/bin/../lib/gcc/arm-none-eabi/12.3.1/../../../../arm-none-eabi/lib/thumb/v7e-m+fp/hard/crt0.o (exit)
F:/ST/STM32CubeIDE_1.15.1/STM32CubeIDE/plugins/com.st.stm32cube.ide.mcu.externaltools.gnu-tools-for-stm32.12.3.rel1.win32_1.0.100.202403111256/tools/bin/../lib/gcc/arm-none-eabi/12.3.1/../../../../arm-none-eabi/lib/thumb/v7e-m+fp/hard\libc_nano.a(libc_a-findfp.o)
                              F:/ST/STM32CubeIDE_1.15.1/STM32CubeIDE/plugins/com.st.stm32cube.ide.mcu.externaltools.gnu-tools-for-stm32.12.3.rel1.win32_1.0.100.202403111256/tools/bin/../lib/gcc/arm-none-eabi/12.3.1/../../../../arm-none-eabi/lib/thumb/v7e-m+fp/hard\libc_nano.a(libc_a-exit.o) (__stdio_exit_handler)
F:/ST/STM32CubeIDE_1.15.1/STM32CubeIDE/plugins/com.st.stm32cube.ide.mcu.externaltools.gnu-tools-for-stm32.12.3.rel1.win32_1.0.100.202403111256/tools/bin/../lib/gcc/arm-none-eabi/12.3.1/../../../../arm-none-eabi/lib/thumb/v7e-m+fp/hard\libc_nano.a(libc_a-fwalk.o)
                              F:/ST/STM32CubeIDE_1.15.1/STM32CubeIDE/plugins/com.st.stm32cube.ide.mcu.externaltools.gnu-tools-for-stm32.12.3.rel1.win32_1.0.100.202403111256/tools/bin/../lib/gcc/arm-none-eabi/12.3.1/../../../../arm-none-eabi/lib/thumb/v7e-m+fp/hard\libc_nano.a(libc_a-findfp.o) (_fwalk_sglue)
F:/ST/STM32CubeIDE_1.15.1/STM32CubeIDE/plugins/com.st.stm32cube.ide.mcu.externaltools.gnu-tools-for-stm32.12.3.rel1.win32_1.0.100.202403111256/tools/bin/../lib/gcc/arm-none-eabi/12.3.1/../../../../arm-none-eabi/lib/thumb/v7e-m+fp/hard\libc_nano.a(libc_a-stdio.o)
                              F:/ST/STM32CubeIDE_1.15.1/STM32CubeIDE/plugins/com.st.stm32cube.ide.mcu.externaltools.gnu-tools-for-stm32.12.3.rel1.win32_1.0.100.202403111256/tools/bin/../lib/gcc/arm-none-eabi/12.3.1/../../../../arm-none-eabi/lib/thumb/v7e-m+fp/hard\libc_nano.a(libc_a-findfp.o) (__sread)
F:/ST/STM32CubeIDE_1.15.1/STM32CubeIDE/plugins/com.st.stm32cube.ide.mcu.externaltools.gnu-tools-for-stm32.12.3.rel1.win32_1.0.100.202403111256/tools/bin/../lib/gcc/arm-none-eabi/12.3.1/../../../../arm-none-eabi/lib/thumb/v7e-m+fp/hard\libc_nano.a(libc_a-memset.o)
                              F:/ST/STM32CubeIDE_1.15.1/STM32CubeIDE/plugins/com.st.stm32cube.ide.mcu.externaltools.gnu-tools-for-stm32.12.3.rel1.win32_1.0.100.202403111256/tools/bin/../lib/gcc/arm-none-eabi/12.3.1/../../../../arm-none-eabi/lib/thumb/v7e-m+fp/hard/crt0.o (memset)
F:/ST/STM32CubeIDE_1.15.1/STM32CubeIDE/plugins/com.st.stm32cube.ide.mcu.externaltools.gnu-tools-for-stm32.12.3.rel1.win32_1.0.100.202403111256/tools/bin/../lib/gcc/arm-none-eabi/12.3.1/../../../../arm-none-eabi/lib/thumb/v7e-m+fp/hard\libc_nano.a(libc_a-closer.o)
                              F:/ST/STM32CubeIDE_1.15.1/STM32CubeIDE/plugins/com.st.stm32cube.ide.mcu.externaltools.gnu-tools-for-stm32.12.3.rel1.win32_1.0.100.202403111256/tools/bin/../lib/gcc/arm-none-eabi/12.3.1/../../../../arm-none-eabi/lib/thumb/v7e-m+fp/hard\libc_nano.a(libc_a-stdio.o) (_close_r)
F:/ST/STM32CubeIDE_1.15.1/STM32CubeIDE/plugins/com.st.stm32cube.ide.mcu.externaltools.gnu-tools-for-stm32.12.3.rel1.win32_1.0.100.202403111256/tools/bin/../lib/gcc/arm-none-eabi/12.3.1/../../../../arm-none-eabi/lib/thumb/v7e-m+fp/hard\libc_nano.a(libc_a-reent.o)
                              F:/ST/STM32CubeIDE_1.15.1/STM32CubeIDE/plugins/com.st.stm32cube.ide.mcu.externaltools.gnu-tools-for-stm32.12.3.rel1.win32_1.0.100.202403111256/tools/bin/../lib/gcc/arm-none-eabi/12.3.1/../../../../arm-none-eabi/lib/thumb/v7e-m+fp/hard\libc_nano.a(libc_a-closer.o) (errno)
F:/ST/STM32CubeIDE_1.15.1/STM32CubeIDE/plugins/com.st.stm32cube.ide.mcu.externaltools.gnu-tools-for-stm32.12.3.rel1.win32_1.0.100.202403111256/tools/bin/../lib/gcc/arm-none-eabi/12.3.1/../../../../arm-none-eabi/lib/thumb/v7e-m+fp/hard\libc_nano.a(libc_a-impure.o)
                              F:/ST/STM32CubeIDE_1.15.1/STM32CubeIDE/plugins/com.st.stm32cube.ide.mcu.externaltools.gnu-tools-for-stm32.12.3.rel1.win32_1.0.100.202403111256/tools/bin/../lib/gcc/arm-none-eabi/12.3.1/../../../../arm-none-eabi/lib/thumb/v7e-m+fp/hard\libc_nano.a(libc_a-reent.o) (_impure_ptr)
F:/ST/STM32CubeIDE_1.15.1/STM32CubeIDE/plugins/com.st.stm32cube.ide.mcu.externaltools.gnu-tools-for-stm32.12.3.rel1.win32_1.0.100.202403111256/tools/bin/../lib/gcc/arm-none-eabi/12.3.1/../../../../arm-none-eabi/lib/thumb/v7e-m+fp/hard\libc_nano.a(libc_a-lseekr.o)
[...]
Memory Configuration

Name             Origin             Length             Attributes
CCMRAM           0x10000000         0x00010000         xrw
RAM              0x20000000         0x00020000         xrw
FLASH            0x08000000         0x00080000         xr
*default*        0x00000000         0xffffffff

Linker script and memory map

LOAD F:/ST/STM32CubeIDE_1.15.1/STM32CubeIDE/plugins/com.st.stm32cube.ide.mcu.externaltools.gnu-tools-for-stm32.12.3.rel1.win32_1.0.100.202403111256/tools/bin/../lib/gcc/arm-none-eabi/12.3.1/thumb/v7e-m+fp/hard/crti.o
LOAD F:/ST/STM32CubeIDE_1.15.1/STM32CubeIDE/plugins/com.st.stm32cube.ide.mcu.externaltools.gnu-tools-for-stm32.12.3.rel1.win32_1.0.100.202403111256/tools/bin/../lib/gcc/arm-none-eabi/12.3.1/thumb/v7e-m+fp/hard/crtbegin.o
LOAD F:/ST/STM32CubeIDE_1.15.1/STM32CubeIDE/plugins/com.st.stm32cube.ide.mcu.externaltools.gnu-tools-for-stm32.12.3.rel1.win32_1.0.100.202403111256/tools/bin/../lib/gcc/arm-none-eabi/12.3.1/../../../../arm-none-eabi/lib/thumb/v7e-m+fp/hard/crt0.o
LOAD ./Core/Src/adc.o
LOAD ./Core/Src/can.o
LOAD ./Core/Src/gpio.o
LOAD ./Core/Src/i2c.o
LOAD ./Core/Src/main.o
LOAD ./Core/Src/spi.o
LOAD ./Core/Src/stm32f4xx_hal_msp.o
LOAD ./Core/Src/stm32f4xx_it.o
LOAD ./Core/Src/syscalls.o
LOAD ./Core/Src/sysmem.o
LOAD ./Core/Src/system_stm32f4xx.o
LOAD ./Core/Src/tim.o
LOAD ./Core/Src/usart.o
LOAD ./Core/Startup/startup_stm32f407vetx.o
LOAD ./Drivers/STM32F4xx_HAL_Driver/Src/stm32f4xx_hal.o
LOAD ./Drivers/STM32F4xx_HAL_Driver/Src/stm32f4xx_hal_adc.o
LOAD ./Drivers/STM32F4xx_HAL_Driver/Src/stm32f4xx_hal_adc_ex.o
LOAD ./Drivers/STM32F4xx_HAL_Driver/Src/stm32f4xx_hal_can.o
LOAD ./Drivers/STM32F4xx_HAL_Driver/Src/stm32f4xx_hal_cortex.o
LOAD ./Drivers/STM32F4xx_HAL_Driver/Src/stm32f4xx_hal_dma.o
LOAD ./Drivers/STM32F4xx_HAL_Driver/Src/stm32f4xx_hal_dma_ex.o
LOAD ./Drivers/STM32F4xx_HAL_Driver/Src/stm32f4xx_hal_exti.o
LOAD ./Drivers/STM32F4xx_HAL_Driver/Src/stm32f4xx_hal_flash.o
LOAD ./Drivers/STM32F4xx_HAL_Driver/Src/stm32f4xx_hal_flash_ex.o
LOAD ./Drivers/STM32F4xx_HAL_Driver/Src/stm32f4xx_hal_flash_ramfunc.o
LOAD ./Drivers/STM32F4xx_HAL_Driver/Src/stm32f4xx_hal_gpio.o
LOAD ./Drivers/STM32F4xx_HAL_Driver/Src/stm32f4xx_hal_i2c.o
LOAD ./Drivers/STM32F4xx_HAL_Driver/Src/stm32f4xx_hal_i2c_ex.o
LOAD ./Drivers/STM32F4xx_HAL_Driver/Src/stm32f4xx_hal_pwr.o
LOAD ./Drivers/STM32F4xx_HAL_Driver/Src/stm32f4xx_hal_pwr_ex.o
LOAD ./Drivers/STM32F4xx_HAL_Driver/Src/stm32f4xx_hal_rcc.o
LOAD ./Drivers/STM32F4xx_HAL_Driver/Src/stm32f4xx_hal_rcc_ex.o
LOAD ./Drivers/STM32F4xx_HAL_Driver/Src/stm32f4xx_hal_spi.o
LOAD ./Drivers/STM32F4xx_HAL_Driver/Src/stm32f4xx_hal_tim.o
LOAD ./Drivers/STM32F4xx_HAL_Driver/Src/stm32f4xx_hal_tim_ex.o
LOAD ./Drivers/STM32F4xx_HAL_Driver/Src/stm32f4xx_hal_uart.o
LOAD ./Drivers/STM32F4xx_HAL_Driver/Src/stm32f4xx_ll_adc.o
LOAD ./code/Encoder.o
LOAD ./code/LINEAR_CCD.o
LOAD ./code/N20_Motor.o
LOAD ./code/PID.o
LOAD ./code/task.o
START GROUP
LOAD F:/ST/STM32CubeIDE_1.15.1/STM32CubeIDE/plugins/com.st.stm32cube.ide.mcu.externaltools.gnu-tools-for-stm32.12.3.rel1.win32_1.0.100.202403111256/tools/bin/../lib/gcc/arm-none-eabi/12.3.1/../../../../arm-none-eabi/lib/thumb/v7e-m+fp/hard\libstdc++_nano.a
LOAD F:/ST/STM32CubeIDE_1.15.1/STM32CubeIDE/plugins/com.st.stm32cube.ide.mcu.externaltools.gnu-tools-for-stm32.12.3.rel1.win32_1.0.100.202403111256/tools/bin/../lib/gcc/arm-none-eabi/12.3.1/../../../../arm-none-eabi/lib/thumb/v7e-m+fp/hard\libsupc++_nano.a
END GROUP
LOAD F:/ST/STM32CubeIDE_1.15.1/STM32CubeIDE/plugins/com.st.stm32cube.ide.mcu.externaltools.gnu-tools-for-stm32.12.3.rel1.win32_1.0.100.202403111256/tools/bin/../lib/gcc/arm-none-eabi/12.3.1/../../../../arm-none-eabi/lib/thumb/v7e-m+fp/hard\libstdc++_nano.a
LOAD F:/ST/STM32CubeIDE_1.15.1/STM32CubeIDE/plugins/com.st.stm32cube.ide.mcu.externaltools.gnu-tools-for-stm32.12.3.rel1.win32_1.0.100.202403111256/tools/bin/../lib/gcc/arm-none-eabi/12.3.1/../../../../arm-none-eabi/lib/thumb/v7e-m+fp/hard\libm.a
LOAD F:/ST/STM32CubeIDE_1.15.1/STM32CubeIDE/plugins/com.st.stm32cube.ide.mcu.externaltools.gnu-tools-for-stm32.12.3.rel1.win32_1.0.100.202403111256/tools/bin/../lib/gcc/arm-none-eabi/12.3.1/../../../../arm-none-eabi/lib/thumb/v7e-m+fp/hard\libc_nano.a
START GROUP
LOAD F:/ST/STM32CubeIDE_1.15.1/STM32CubeIDE/plugins/com.st.stm32cube.ide.mcu.externaltools.gnu-tools-for-stm32.12.3.rel1.win32_1.0.100.202403111256/tools/bin/../lib/gcc/arm-none-eabi/12.3.1/thumb/v7e-m+fp/hard\libgcc.a
LOAD F:/ST/STM32CubeIDE_1.15.1/STM32CubeIDE/plugins/com.st.stm32cube.ide.mcu.externaltools.gnu-tools-for-stm32.12.3.rel1.win32_1.0.100.202403111256/tools/bin/../lib/gcc/arm-none-eabi/12.3.1/../../../../arm-none-eabi/lib/thumb/v7e-m+fp/hard\libc_nano.a
END GROUP
START GROUP
LOAD F:/ST/STM32CubeIDE_1.15.1/STM32CubeIDE/plugins/com.st.stm32cube.ide.mcu.externaltools.gnu-tools-for-stm32.12.3.rel1.win32_1.0.100.202403111256/tools/bin/../lib/gcc/arm-none-eabi/12.3.1/thumb/v7e-m+fp/hard\libgcc.a
LOAD F:/ST/STM32CubeIDE_1.15.1/STM32CubeIDE/plugins/com.st.stm32cube.ide.mcu.externaltools.gnu-tools-for-stm32.12.3.rel1.win32_1.0.100.202403111256/tools/bin/../lib/gcc/arm-none-eabi/12.3.1/../../../../arm-none-eabi/lib/thumb/v7e-m+fp/hard\libc_nano.a
END GROUP
LOAD F:/ST/STM32CubeIDE_1.15.1/STM32CubeIDE/plugins/com.st.stm32cube.ide.mcu.externaltools.gnu-tools-for-stm32.12.3.rel1.win32_1.0.100.202403111256/tools/bin/../lib/gcc/arm-none-eabi/12.3.1/thumb/v7e-m+fp/hard/crtend.o
LOAD F:/ST/STM32CubeIDE_1.15.1/STM32CubeIDE/plugins/com.st.stm32cube.ide.mcu.externaltools.gnu-tools-for-stm32.12.3.rel1.win32_1.0.100.202403111256/tools/bin/../lib/gcc/arm-none-eabi/12.3.1/thumb/v7e-m+fp/hard/crtn.o
                0x20020000                        _estack = (ORIGIN (RAM) + LENGTH (RAM))
                0x00000200                        _Min_Heap_Size = 0x200
                0x00000400                        _Min_Stack_Size = 0x400

.isr_vector     0x08000000      0x188
                0x08000000                        . = ALIGN (0x4)
 *(.isr_vector)
 .isr_vector    0x08000000      0x188 ./Core/Startup/startup_stm32f407vetx.o
                0x08000000                g_pfnVectors
                0x08000188                        . = ALIGN (0x4)

.text           0x08000188     0x6380
                0x08000188                        . = ALIGN (0x4)
 *(.text)
 .text          0x08000188       0x40 F:/ST/STM32CubeIDE_1.15.1/STM32CubeIDE/plugins/com.st.stm32cube.ide.mcu.externaltools.gnu-tools-for-stm32.12.3.rel1.win32_1.0.100.202403111256/tools/bin/../lib/gcc/arm-none-eabi/12.3.1/thumb/v7e-m+fp/hard/crtbegin.o
 .text          0x080001c8       0x30 F:/ST/STM32CubeIDE_1.15.1/STM32CubeIDE/plugins/com.st.stm32cube.ide.mcu.externaltools.gnu-tools-for-stm32.12.3.rel1.win32_1.0.100.202403111256/tools/bin/../lib/gcc/arm-none-eabi/12.3.1/thumb/v7e-m+fp/hard\libgcc.a(_aeabi_uldivmod.o)
                0x080001c8                __aeabi_uldivmod
 .text          0x080001f8      0x2bc F:/ST/STM32CubeIDE_1.15.1/STM32CubeIDE/plugins/com.st.stm32cube.ide.mcu.externaltools.gnu-tools-for-stm32.12.3.rel1.win32_1.0.100.202403111256/tools/bin/../lib/gcc/arm-none-eabi/12.3.1/thumb/v7e-m+fp/hard\libgcc.a(_udivmoddi4.o)
                0x080001f8                __udivmoddi4
 .text          0x080004b4        0x4 F:/ST/STM32CubeIDE_1.15.1/STM32CubeIDE/plugins/com.st.stm32cube.ide.mcu.externaltools.gnu-tools-for-stm32.12.3.rel1.win32_1.0.100.202403111256/tools/bin/../lib/gcc/arm-none-eabi/12.3.1/thumb/v7e-m+fp/hard\libgcc.a(_dvmd_tls.o)
                0x080004b4                __aeabi_idiv0
                0x080004b4                __aeabi_ldiv0
 *(.text*)
 .text.MX_ADC1_Init
                0x080004b8       0xa4 ./Core/Src/adc.o
                0x080004b8                MX_ADC1_Init
 .text.MX_ADC2_Init
                0x0800055c       0xa4 ./Core/Src/adc.o
                0x0800055c                MX_ADC2_Init
 .text.MX_ADC3_Init
                0x08000600       0xa4 ./Core/Src/adc.o
                0x08000600                MX_ADC3_Init
 .text.HAL_ADC_MspInit
                0x080006a4      0x180 ./Core/Src/adc.o
                0x080006a4                HAL_ADC_MspInit
 .text.MX_CAN1_Init
                0x08000824       0x68 ./Core/Src/can.o
                0x08000824                MX_CAN1_Init
 .text.MX_CAN2_Init
                0x0800088c       0x68 ./Core/Src/can.o
                0x0800088c                MX_CAN2_Init
 .text.HAL_CAN_MspInit
                0x080008f4      0x144 ./Core/Src/can.o
                0x080008f4                HAL_CAN_MspInit
 .text.MX_GPIO_Init
                0x08000a38      0x184 ./Core/Src/gpio.o
                0x08000a38                MX_GPIO_Init
 .text.MX_I2C1_Init
                0x08000bbc       0x5c ./Core/Src/i2c.o
                0x08000bbc                MX_I2C1_Init
 .text.MX_I2C2_Init
                0x08000c18       0x5c ./Core/Src/i2c.o
                0x08000c18                MX_I2C2_Init
 .text.HAL_I2C_MspInit
                0x08000c74       0xfc ./Core/Src/i2c.o
                0x08000c74                HAL_I2C_MspInit
 .text.main     0x08000d70       0x6a ./Core/Src/main.o
                0x08000d70                main
 *fill*         0x08000dda        0x2 
 .text.SystemClock_Config
                0x08000ddc       0xd4 ./Core/Src/main.o
                0x08000ddc                SystemClock_Config
 .text.Error_Handler
                0x08000eb0        0xc ./Core/Src/main.o
                0x08000eb0                Error_Handler
 .text.MX_SPI2_Init
                0x08000ebc       0x6c ./Core/Src/spi.o
                0x08000ebc                MX_SPI2_Init
 .text.HAL_SPI_MspInit
                0x08000f28       0xd0 ./Core/Src/spi.o
                0x08000f28                HAL_SPI_MspInit
 .text.HAL_MspInit
                0x08000ff8       0x50 ./Core/Src/stm32f4xx_hal_msp.o
                0x08000ff8                HAL_MspInit
 .text.NMI_Handler
                0x08001048        0x8 ./Core/Src/stm32f4xx_it.o
                0x08001048                NMI_Handler
 .text.HardFault_Handler
                0x08001050        0x8 ./Core/Src/stm32f4xx_it.o
                0x08001050                HardFault_Handler
 .text.MemManage_Handler
                0x08001058        0x8 ./Core/Src/stm32f4xx_it.o
                0x08001058                MemManage_Handler
 .text.BusFault_Handler
                0x08001060        0x8 ./Core/Src/stm32f4xx_it.o
                0x08001060                BusFault_Handler
 .text.UsageFault_Handler
                0x08001068        0x8 ./Core/Src/stm32f4xx_it.o
                0x08001068                UsageFault_Handler
 .text.SVC_Handler
                0x08001070        0xe ./Core/Src/stm32f4xx_it.o
                0x08001070                SVC_Handler
 .text.DebugMon_Handler
                0x0800107e        0xe ./Core/Src/stm32f4xx_it.o
                0x0800107e                DebugMon_Handler
 .text.PendSV_Handler
                0x0800108c        0xe ./Core/Src/stm32f4xx_it.o
                0x0800108c                PendSV_Handler
 .text.SysTick_Handler
                0x0800109a       0x10 ./Core/Src/stm32f4xx_it.o
                0x0800109a                SysTick_Handler
 *fill*         0x080010aa        0x2 
 .text.TIM1_TRG_COM_TIM11_IRQHandler
                0x080010ac       0x1c ./Core/Src/stm32f4xx_it.o
                0x080010ac                TIM1_TRG_COM_TIM11_IRQHandler
 .text.TIM2_IRQHandler
                0x080010c8       0x14 ./Core/Src/stm32f4xx_it.o
                0x080010c8                TIM2_IRQHandler
 .text.TIM3_IRQHandler
                0x080010dc       0x14 ./Core/Src/stm32f4xx_it.o
                0x080010dc                TIM3_IRQHandler
 .text.TIM4_IRQHandler
                0x080010f0       0x18 ./Core/Src/stm32f4xx_it.o
                0x080010f0                TIM4_IRQHandler
 .text.USART1_IRQHandler
                0x08001108       0x14 ./Core/Src/stm32f4xx_it.o
                0x08001108                USART1_IRQHandler
 .text.TIM5_IRQHandler
                0x0800111c       0x14 ./Core/Src/stm32f4xx_it.o
                0x0800111c                TIM5_IRQHandler
 .text.SystemInit
                0x08001130       0x24 ./Core/Src/system_stm32f4xx.o
                0x08001130                SystemInit
 .text.MX_TIM1_Init
                0x08001154      0x188 ./Core/Src/tim.o
                0x08001154                MX_TIM1_Init
 .text.MX_TIM2_Init
                0x080012dc       0xa8 ./Core/Src/tim.o
                0x080012dc                MX_TIM2_Init
 .text.MX_TIM3_Init
                0x08001384       0xa8 ./Core/Src/tim.o
                0x08001384                MX_TIM3_Init
 .text.MX_TIM4_Init
                0x0800142c       0xb0 ./Core/Src/tim.o
                0x0800142c                MX_TIM4_Init
 .text.MX_TIM5_Init
                0x080014dc       0xa8 ./Core/Src/tim.o
                0x080014dc                MX_TIM5_Init
 .text.MX_TIM8_Init
                0x08001584      0x188 ./Core/Src/tim.o
                0x08001584                MX_TIM8_Init
 .text.MX_TIM9_Init
                0x0800170c       0xdc ./Core/Src/tim.o
                0x0800170c                MX_TIM9_Init
 .text.MX_TIM11_Init
                0x080017e8       0xa8 ./Core/Src/tim.o
                0x080017e8                MX_TIM11_Init
 .text.MX_TIM12_Init
                0x08001890       0xdc ./Core/Src/tim.o
                0x08001890                MX_TIM12_Init
 .text.HAL_TIM_Base_MspInit
                0x0800196c      0x110 ./Core/Src/tim.o
                0x0800196c                HAL_TIM_Base_MspInit
 .text.HAL_TIM_Encoder_MspInit
                0x08001a7c      0x1cc ./Core/Src/tim.o
                0x08001a7c                HAL_TIM_Encoder_MspInit
 .text.HAL_TIM_PWM_MspInit
                0x08001c48       0x50 ./Core/Src/tim.o
                0x08001c48                HAL_TIM_PWM_MspInit
 .text.HAL_TIM_MspPostInit
                0x08001c98      0x204 ./Core/Src/tim.o
                0x08001c98                HAL_TIM_MspPostInit
 .text.MX_USART1_UART_Init
                0x08001e9c       0x54 ./Core/Src/usart.o
                0x08001e9c                MX_USART1_UART_Init
 .text.MX_USART2_UART_Init
                0x08001ef0       0x54 ./Core/Src/usart.o
                0x08001ef0                MX_USART2_UART_Init
 .text.MX_USART3_UART_Init
                0x08001f44       0x54 ./Core/Src/usart.o
                0x08001f44                MX_USART3_UART_Init
 .text.HAL_UART_MspInit
                0x08001f98      0x178 ./Core/Src/usart.o
                0x08001f98                HAL_UART_MspInit
 .text.Reset_Handler
                0x08002110       0x50 ./Core/Startup/startup_stm32f407vetx.o
                0x08002110                Reset_Handler
 .text.Default_Handler
                0x08002160        0x2 ./Core/Startup/startup_stm32f407vetx.o
                0x08002160                RTC_Alarm_IRQHandler
                0x08002160                HASH_RNG_IRQHandler
                0x08002160                EXTI2_IRQHandler
                0x08002160                TIM8_CC_IRQHandler
                0x08002160                TIM1_CC_IRQHandler
                0x08002160                DMA2_Stream5_IRQHandler
                0x08002160                DMA1_Stream5_IRQHandler
                0x08002160                PVD_IRQHandler
                0x08002160                SDIO_IRQHandler
                0x08002160                TAMP_STAMP_IRQHandler
                0x08002160                CAN2_RX1_IRQHandler
                0x08002160                EXTI3_IRQHandler
                0x08002160                TIM8_TRG_COM_TIM14_IRQHandler
                0x08002160                TIM1_UP_TIM10_IRQHandler
                0x08002160                TIM8_UP_TIM13_IRQHandler
                0x08002160                I2C3_ER_IRQHandler
                0x08002160                EXTI0_IRQHandler
                0x08002160                I2C2_EV_IRQHandler
                0x08002160                DMA1_Stream2_IRQHandler
                0x08002160                CAN1_RX0_IRQHandler
                0x08002160                FPU_IRQHandler
                0x08002160                OTG_HS_WKUP_IRQHandler
                0x08002160                CAN2_SCE_IRQHandler
                0x08002160                DMA2_Stream2_IRQHandler
                0x08002160                SPI1_IRQHandler
                0x08002160                TIM6_DAC_IRQHandler
                0x08002160                TIM1_BRK_TIM9_IRQHandler
                0x08002160                DCMI_IRQHandler
                0x08002160                CAN2_RX0_IRQHandler
                0x08002160                DMA2_Stream3_IRQHandler
                0x08002160                USART6_IRQHandler
                0x08002160                USART3_IRQHandler
                0x08002160                CAN1_RX1_IRQHandler
                0x08002160                UART5_IRQHandler
                0x08002160                DMA2_Stream0_IRQHandler
                0x08002160                I2C1_EV_IRQHandler
                0x08002160                DMA1_Stream6_IRQHandler
                0x08002160                DMA1_Stream1_IRQHandler
                0x08002160                UART4_IRQHandler
                0x08002160                RCC_IRQHandler
                0x08002160                TIM8_BRK_TIM12_IRQHandler
                0x08002160                Default_Handler
                0x08002160                EXTI15_10_IRQHandler
                0x08002160                ADC_IRQHandler
                0x08002160                DMA1_Stream7_IRQHandler
                0x08002160                TIM7_IRQHandler
                0x08002160                CAN2_TX_IRQHandler
                0x08002160                DMA2_Stream7_IRQHandler
                0x08002160                I2C3_EV_IRQHandler
                0x08002160                EXTI9_5_IRQHandler
                0x08002160                RTC_WKUP_IRQHandler
                0x08002160                ETH_WKUP_IRQHandler
                0x08002160                SPI2_IRQHandler
                0x08002160                OTG_HS_EP1_IN_IRQHandler
                0x08002160                DMA1_Stream0_IRQHandler
                0x08002160                CAN1_TX_IRQHandler
                0x08002160                EXTI4_IRQHandler
                0x08002160                FSMC_IRQHandler
                0x08002160                ETH_IRQHandler
                0x08002160                OTG_HS_EP1_OUT_IRQHandler
                0x08002160                WWDG_IRQHandler
                0x08002160                OTG_FS_WKUP_IRQHandler
                0x08002160                OTG_HS_IRQHandler
                0x08002160                EXTI1_IRQHandler
                0x08002160                USART2_IRQHandler
                0x08002160                I2C2_ER_IRQHandler
                0x08002160                DMA2_Stream1_IRQHandler
                0x08002160                CAN1_SCE_IRQHandler
                0x08002160                FLASH_IRQHandler
                0x08002160                DMA2_Stream4_IRQHandler
                0x08002160                OTG_FS_IRQHandler
                0x08002160                SPI3_IRQHandler
                0x08002160                DMA1_Stream4_IRQHandler
                0x08002160                I2C1_ER_IRQHandler
                0x08002160                DMA2_Stream6_IRQHandler
                0x08002160                DMA1_Stream3_IRQHandler
 *fill*         0x08002162        0x2 
 .text.HAL_Init
                0x08002164       0x44 ./Drivers/STM32F4xx_HAL_Driver/Src/stm32f4xx_hal.o
                0x08002164                HAL_Init
 .text.HAL_InitTick
                0x080021a8       0x60 ./Drivers/STM32F4xx_HAL_Driver/Src/stm32f4xx_hal.o
                0x080021a8                HAL_InitTick
 .text.HAL_IncTick
                0x08002208       0x28 ./Drivers/STM32F4xx_HAL_Driver/Src/stm32f4xx_hal.o
                0x08002208                HAL_IncTick
 .text.HAL_GetTick
                0x08002230       0x18 ./Drivers/STM32F4xx_HAL_Driver/Src/stm32f4xx_hal.o
                0x08002230                HAL_GetTick
 .text.HAL_Delay
                0x08002248       0x48 ./Drivers/STM32F4xx_HAL_Driver/Src/stm32f4xx_hal.o
                0x08002248                HAL_Delay
 .text.HAL_ADC_Init
                0x08002290       0x86 ./Drivers/STM32F4xx_HAL_Driver/Src/stm32f4xx_hal_adc.o
                0x08002290                HAL_ADC_Init
 *fill*         0x08002316        0x2 
 .text.HAL_ADC_Start
                0x08002318      0x1a4 ./Drivers/STM32F4xx_HAL_Driver/Src/stm32f4xx_hal_adc.o
                0x08002318                HAL_ADC_Start
 .text.HAL_ADC_Stop
                0x080024bc       0x66 ./Drivers/STM32F4xx_HAL_Driver/Src/stm32f4xx_hal_adc.o
                0x080024bc                HAL_ADC_Stop
 .text.HAL_ADC_PollForConversion
                0x08002522      0x116 ./Drivers/STM32F4xx_HAL_Driver/Src/stm32f4xx_hal_adc.o
                0x08002522                HAL_ADC_PollForConversion
 .text.HAL_ADC_GetValue
                0x08002638       0x1a ./Drivers/STM32F4xx_HAL_Driver/Src/stm32f4xx_hal_adc.o
                0x08002638                HAL_ADC_GetValue
 *fill*         0x08002652        0x2 
 .text.HAL_ADC_ConfigChannel
                0x08002654      0x244 ./Drivers/STM32F4xx_HAL_Driver/Src/stm32f4xx_hal_adc.o
                0x08002654                HAL_ADC_ConfigChannel
 .text.ADC_Init
                0x08002898      0x1f8 ./Drivers/STM32F4xx_HAL_Driver/Src/stm32f4xx_hal_adc.o
 .text.HAL_CAN_Init
                0x08002a90      0x1f6 ./Drivers/STM32F4xx_HAL_Driver/Src/stm32f4xx_hal_can.o
                0x08002a90                HAL_CAN_Init
 *fill*         0x08002c86        0x2 
 .text.__NVIC_SetPriorityGrouping
                0x08002c88       0x48 ./Drivers/STM32F4xx_HAL_Driver/Src/stm32f4xx_hal_cortex.o
 .text.__NVIC_GetPriorityGrouping
                0x08002cd0       0x1c ./Drivers/STM32F4xx_HAL_Driver/Src/stm32f4xx_hal_cortex.o
 .text.__NVIC_EnableIRQ
                0x08002cec       0x3c ./Drivers/STM32F4xx_HAL_Driver/Src/stm32f4xx_hal_cortex.o
 .text.__NVIC_SetPriority
                0x08002d28       0x54 ./Drivers/STM32F4xx_HAL_Driver/Src/stm32f4xx_hal_cortex.o
 .text.NVIC_EncodePriority
                0x08002d7c       0x66 ./Drivers/STM32F4xx_HAL_Driver/Src/stm32f4xx_hal_cortex.o
 *fill*         0x08002de2        0x2 
 .text.SysTick_Config
                0x08002de4       0x44 ./Drivers/STM32F4xx_HAL_Driver/Src/stm32f4xx_hal_cortex.o
 .text.HAL_NVIC_SetPriorityGrouping
                0x08002e28       0x16 ./Drivers/STM32F4xx_HAL_Driver/Src/stm32f4xx_hal_cortex.o
                0x08002e28                HAL_NVIC_SetPriorityGrouping
 .text.HAL_NVIC_SetPriority
                0x08002e3e       0x38 ./Drivers/STM32F4xx_HAL_Driver/Src/stm32f4xx_hal_cortex.o
                0x08002e3e                HAL_NVIC_SetPriority
 .text.HAL_NVIC_EnableIRQ
                0x08002e76       0x1c ./Drivers/STM32F4xx_HAL_Driver/Src/stm32f4xx_hal_cortex.o
                0x08002e76                HAL_NVIC_EnableIRQ
 .text.HAL_SYSTICK_Config
                0x08002e92       0x18 ./Drivers/STM32F4xx_HAL_Driver/Src/stm32f4xx_hal_cortex.o
                0x08002e92                HAL_SYSTICK_Config
 .text.HAL_DMA_Abort
                0x08002eaa       0xe0 ./Drivers/STM32F4xx_HAL_Driver/Src/stm32f4xx_hal_dma.o
                0x08002eaa                HAL_DMA_Abort
 .text.HAL_DMA_Abort_IT
                0x08002f8a       0x44 ./Drivers/STM32F4xx_HAL_Driver/Src/stm32f4xx_hal_dma.o
                0x08002f8a                HAL_DMA_Abort_IT
 *fill*         0x08002fce        0x2 
 .text.HAL_GPIO_Init
                0x08002fd0      0x338 ./Drivers/STM32F4xx_HAL_Driver/Src/stm32f4xx_hal_gpio.o
                0x08002fd0                HAL_GPIO_Init
 .text.HAL_GPIO_WritePin
                0x08003308       0x32 ./Drivers/STM32F4xx_HAL_Driver/Src/stm32f4xx_hal_gpio.o
                0x08003308                HAL_GPIO_WritePin
 .text.HAL_GPIO_TogglePin
                0x0800333a       0x34 ./Drivers/STM32F4xx_HAL_Driver/Src/stm32f4xx_hal_gpio.o
                0x0800333a                HAL_GPIO_TogglePin
 *fill*         0x0800336e        0x2 
 .text.HAL_I2C_Init
                0x08003370      0x288 ./Drivers/STM32F4xx_HAL_Driver/Src/stm32f4xx_hal_i2c.o
                0x08003370                HAL_I2C_Init
 .text.HAL_RCC_OscConfig
                0x080035f8      0x4f0 ./Drivers/STM32F4xx_HAL_Driver/Src/stm32f4xx_hal_rcc.o
                0x080035f8                HAL_RCC_OscConfig
 .text.HAL_RCC_ClockConfig
                0x08003ae8      0x1cc ./Drivers/STM32F4xx_HAL_Driver/Src/stm32f4xx_hal_rcc.o
                0x08003ae8                HAL_RCC_ClockConfig
 .text.HAL_RCC_GetSysClockFreq
                0x08003cb4      0x20c ./Drivers/STM32F4xx_HAL_Driver/Src/stm32f4xx_hal_rcc.o
                0x08003cb4                HAL_RCC_GetSysClockFreq
 .text.HAL_RCC_GetHCLKFreq
                0x08003ec0       0x18 ./Drivers/STM32F4xx_HAL_Driver/Src/stm32f4xx_hal_rcc.o
                0x08003ec0                HAL_RCC_GetHCLKFreq
 .text.HAL_RCC_GetPCLK1Freq
                0x08003ed8       0x28 ./Drivers/STM32F4xx_HAL_Driver/Src/stm32f4xx_hal_rcc.o
                0x08003ed8                HAL_RCC_GetPCLK1Freq
 .text.HAL_RCC_GetPCLK2Freq
                0x08003f00       0x28 ./Drivers/STM32F4xx_HAL_Driver/Src/stm32f4xx_hal_rcc.o
                0x08003f00                HAL_RCC_GetPCLK2Freq
 .text.HAL_SPI_Init
                0x08003f28      0x112 ./Drivers/STM32F4xx_HAL_Driver/Src/stm32f4xx_hal_spi.o
                0x08003f28                HAL_SPI_Init
 .text.HAL_TIM_Base_Init
                0x0800403a       0x9e ./Drivers/STM32F4xx_HAL_Driver/Src/stm32f4xx_hal_tim.o
                0x0800403a                HAL_TIM_Base_Init
 .text.HAL_TIM_Base_Start_IT
                0x080040d8       0xe0 ./Drivers/STM32F4xx_HAL_Driver/Src/stm32f4xx_hal_tim.o
                0x080040d8                HAL_TIM_Base_Start_IT
 .text.HAL_TIM_PWM_Init
                0x080041b8       0x9e ./Drivers/STM32F4xx_HAL_Driver/Src/stm32f4xx_hal_tim.o
                0x080041b8                HAL_TIM_PWM_Init
 *fill*         0x08004256        0x2 
 .text.HAL_TIM_PWM_Start
                0x08004258      0x190 ./Drivers/STM32F4xx_HAL_Driver/Src/stm32f4xx_hal_tim.o
                0x08004258                HAL_TIM_PWM_Start
 .text.HAL_TIM_Encoder_Init
                0x080043e8      0x14c ./Drivers/STM32F4xx_HAL_Driver/Src/stm32f4xx_hal_tim.o
                0x080043e8                HAL_TIM_Encoder_Init
 .text.HAL_TIM_Encoder_Start
                0x08004534      0x11c ./Drivers/STM32F4xx_HAL_Driver/Src/stm32f4xx_hal_tim.o
                0x08004534                HAL_TIM_Encoder_Start
 .text.HAL_TIM_IRQHandler
                0x08004650      0x210 ./Drivers/STM32F4xx_HAL_Driver/Src/stm32f4xx_hal_tim.o
                0x08004650                HAL_TIM_IRQHandler
 .text.HAL_TIM_PWM_ConfigChannel
                0x08004860      0x184 ./Drivers/STM32F4xx_HAL_Driver/Src/stm32f4xx_hal_tim.o
                0x08004860                HAL_TIM_PWM_ConfigChannel
 .text.HAL_TIM_ConfigClockSource
                0x080049e4      0x18e ./Drivers/STM32F4xx_HAL_Driver/Src/stm32f4xx_hal_tim.o
                0x080049e4                HAL_TIM_ConfigClockSource
 .text.HAL_TIM_PeriodElapsedCallback
                0x08004b72       0x14 ./Drivers/STM32F4xx_HAL_Driver/Src/stm32f4xx_hal_tim.o
                0x08004b72                HAL_TIM_PeriodElapsedCallback
 .text.HAL_TIM_OC_DelayElapsedCallback
                0x08004b86       0x14 ./Drivers/STM32F4xx_HAL_Driver/Src/stm32f4xx_hal_tim.o
                0x08004b86                HAL_TIM_OC_DelayElapsedCallback
 .text.HAL_TIM_IC_CaptureCallback
                0x08004b9a       0x14 ./Drivers/STM32F4xx_HAL_Driver/Src/stm32f4xx_hal_tim.o
                0x08004b9a                HAL_TIM_IC_CaptureCallback
 .text.HAL_TIM_PWM_PulseFinishedCallback
                0x08004bae       0x14 ./Drivers/STM32F4xx_HAL_Driver/Src/stm32f4xx_hal_tim.o
                0x08004bae                HAL_TIM_PWM_PulseFinishedCallback
 .text.HAL_TIM_TriggerCallback
                0x08004bc2       0x14 ./Drivers/STM32F4xx_HAL_Driver/Src/stm32f4xx_hal_tim.o
                0x08004bc2                HAL_TIM_TriggerCallback
 *fill*         0x08004bd6        0x2 
 .text.TIM_Base_SetConfig
                0x08004bd8      0x140 ./Drivers/STM32F4xx_HAL_Driver/Src/stm32f4xx_hal_tim.o
                0x08004bd8                TIM_Base_SetConfig
 .text.TIM_OC1_SetConfig
                0x08004d18       0xe0 ./Drivers/STM32F4xx_HAL_Driver/Src/stm32f4xx_hal_tim.o
 .text.TIM_OC2_SetConfig
                0x08004df8       0xec ./Drivers/STM32F4xx_HAL_Driver/Src/stm32f4xx_hal_tim.o
                0x08004df8                TIM_OC2_SetConfig
 .text.TIM_OC3_SetConfig
                0x08004ee4       0xe8 ./Drivers/STM32F4xx_HAL_Driver/Src/stm32f4xx_hal_tim.o
 .text.TIM_OC4_SetConfig
                0x08004fcc       0xac ./Drivers/STM32F4xx_HAL_Driver/Src/stm32f4xx_hal_tim.o
 .text.TIM_TI1_ConfigInputStage
                0x08005078       0x5e ./Drivers/STM32F4xx_HAL_Driver/Src/stm32f4xx_hal_tim.o
 .text.TIM_TI2_ConfigInputStage
                0x080050d6       0x60 ./Drivers/STM32F4xx_HAL_Driver/Src/stm32f4xx_hal_tim.o
 .text.TIM_ITRx_SetConfig
                0x08005136       0x36 ./Drivers/STM32F4xx_HAL_Driver/Src/stm32f4xx_hal_tim.o
 .text.TIM_ETR_SetConfig
                0x0800516c       0x40 ./Drivers/STM32F4xx_HAL_Driver/Src/stm32f4xx_hal_tim.o
                0x0800516c                TIM_ETR_SetConfig
 .text.TIM_CCxChannelCmd
                0x080051ac       0x4a ./Drivers/STM32F4xx_HAL_Driver/Src/stm32f4xx_hal_tim.o
                0x080051ac                TIM_CCxChannelCmd
 *fill*         0x080051f6        0x2 
 .text.HAL_TIMEx_MasterConfigSynchronization
                0x080051f8       0xf8 ./Drivers/STM32F4xx_HAL_Driver/Src/stm32f4xx_hal_tim_ex.o
                0x080051f8                HAL_TIMEx_MasterConfigSynchronization
 .text.HAL_TIMEx_ConfigBreakDeadTime
                0x080052f0       0xa4 ./Drivers/STM32F4xx_HAL_Driver/Src/stm32f4xx_hal_tim_ex.o
                0x080052f0                HAL_TIMEx_ConfigBreakDeadTime
 .text.HAL_TIMEx_CommutCallback
                0x08005394       0x14 ./Drivers/STM32F4xx_HAL_Driver/Src/stm32f4xx_hal_tim_ex.o
                0x08005394                HAL_TIMEx_CommutCallback
 .text.HAL_TIMEx_BreakCallback
                0x080053a8       0x14 ./Drivers/STM32F4xx_HAL_Driver/Src/stm32f4xx_hal_tim_ex.o
                0x080053a8                HAL_TIMEx_BreakCallback
 .text.HAL_UART_Init
                0x080053bc       0x9a ./Drivers/STM32F4xx_HAL_Driver/Src/stm32f4xx_hal_uart.o
                0x080053bc                HAL_UART_Init
 *fill*         0x08005456        0x2 
 .text.HAL_UART_IRQHandler
                0x08005458      0x51c ./Drivers/STM32F4xx_HAL_Driver/Src/stm32f4xx_hal_uart.o
                0x08005458                HAL_UART_IRQHandler
 .text.HAL_UART_TxCpltCallback
                0x08005974       0x14 ./Drivers/STM32F4xx_HAL_Driver/Src/stm32f4xx_hal_uart.o
                0x08005974                HAL_UART_TxCpltCallback
 .text.HAL_UART_RxCpltCallback
                0x08005988       0x14 ./Drivers/STM32F4xx_HAL_Driver/Src/stm32f4xx_hal_uart.o
                0x08005988                HAL_UART_RxCpltCallback
 .text.HAL_UART_ErrorCallback
                0x0800599c       0x14 ./Drivers/STM32F4xx_HAL_Driver/Src/stm32f4xx_hal_uart.o
                0x0800599c                HAL_UART_ErrorCallback
 .text.HAL_UARTEx_RxEventCallback
                0x080059b0       0x18 ./Drivers/STM32F4xx_HAL_Driver/Src/stm32f4xx_hal_uart.o
                0x080059b0                HAL_UARTEx_RxEventCallback
 .text.UART_EndRxTransfer
                0x080059c8       0xc6 ./Drivers/STM32F4xx_HAL_Driver/Src/stm32f4xx_hal_uart.o
 .text.UART_DMAAbortOnError
                0x08005a8e       0x28 ./Drivers/STM32F4xx_HAL_Driver/Src/stm32f4xx_hal_uart.o
 .text.UART_Transmit_IT
                0x08005ab6       0xa0 ./Drivers/STM32F4xx_HAL_Driver/Src/stm32f4xx_hal_uart.o
 .text.UART_EndTransmit_IT
                0x08005b56       0x30 ./Drivers/STM32F4xx_HAL_Driver/Src/stm32f4xx_hal_uart.o
 .text.UART_Receive_IT
                0x08005b86      0x176 ./Drivers/STM32F4xx_HAL_Driver/Src/stm32f4xx_hal_uart.o
 .text.UART_SetConfig
                0x08005cfc      0x4e8 ./Drivers/STM32F4xx_HAL_Driver/Src/stm32f4xx_hal_uart.o
 .text._ZN7Encoder10circle_getEv
                0x080061e4       0x44 ./code/Encoder.o
                0x080061e4                Encoder::circle_get()
 .text._ZN7EncoderC2EP17TIM_HandleTypeDef
                0x08006228       0x3a ./code/Encoder.o
                0x08006228                Encoder::Encoder(TIM_HandleTypeDef*)
                0x08006228                Encoder::Encoder(TIM_HandleTypeDef*)
 *fill*         0x08006262        0x2 
 .text._Z13CCD_scale_getv
                0x08006264       0x2c ./code/LINEAR_CCD.o
                0x08006264                CCD_scale_get()
 .text._Z8CCD_initv
                0x08006290       0x34 ./code/LINEAR_CCD.o
                0x08006290                CCD_init()
 .text._Z11CCD_Handlerv
                0x080062c4       0x7c ./code/LINEAR_CCD.o
                0x080062c4                CCD_Handler()
 .text._ZN9N20_MotorC2EP17TIM_HandleTypeDefmmP7Encoderfff
                0x08006340       0x52 ./code/N20_Motor.o
                0x08006340                N20_Motor::N20_Motor(TIM_HandleTypeDef*, unsigned long, unsigned long, Encoder*, float, float, float)
                0x08006340                N20_Motor::N20_Motor(TIM_HandleTypeDef*, unsigned long, unsigned long, Encoder*, float, float, float)
 *fill*         0x08006392        0x2 
 .text.setup    0x08006394       0x20 ./code/task.o
                0x08006394                setup
 .text.loop     0x080063b4       0x24 ./code/task.o
                0x080063b4                loop
 .text.task_handler
                0x080063d8       0x14 ./code/task.o
                0x080063d8                task_handler
 .text.TIM4_handler
                0x080063ec        0xc ./code/task.o
                0x080063ec                TIM4_handler
 .text._Z41__static_initialization_and_destruction_0ii
                0x080063f8       0x90 ./code/task.o
 .text._GLOBAL__sub_I_left_encoder
                0x08006488       0x10 ./code/task.o
 .text.memset   0x08006498       0x10 F:/ST/STM32CubeIDE_1.15.1/STM32CubeIDE/plugins/com.st.stm32cube.ide.mcu.externaltools.gnu-tools-for-stm32.12.3.rel1.win32_1.0.100.202403111256/tools/bin/../lib/gcc/arm-none-eabi/12.3.1/../../../../arm-none-eabi/lib/thumb/v7e-m+fp/hard\libc_nano.a(libc_a-memset.o)
                0x08006498                memset
 .text.__libc_init_array
                0x080064a8       0x48 F:/ST/STM32CubeIDE_1.15.1/STM32CubeIDE/plugins/com.st.stm32cube.ide.mcu.externaltools.gnu-tools-for-stm32.12.3.rel1.win32_1.0.100.202403111256/tools/bin/../lib/gcc/arm-none-eabi/12.3.1/../../../../arm-none-eabi/lib/thumb/v7e-m+fp/hard\libc_nano.a(libc_a-init.o)
                0x080064a8                __libc_init_array
 *(.glue_7)
 .glue_7        0x080064f0        0x0 linker stubs
 *(.glue_7t)
 .glue_7t       0x080064f0        0x0 linker stubs
 *(.eh_frame)
 .eh_frame      0x080064f0        0x0 F:/ST/STM32CubeIDE_1.15.1/STM32CubeIDE/plugins/com.st.stm32cube.ide.mcu.externaltools.gnu-tools-for-stm32.12.3.rel1.win32_1.0.100.202403111256/tools/bin/../lib/gcc/arm-none-eabi/12.3.1/thumb/v7e-m+fp/hard/crtbegin.o
 *(.init)
 .init          0x080064f0        0x4 F:/ST/STM32CubeIDE_1.15.1/STM32CubeIDE/plugins/com.st.stm32cube.ide.mcu.externaltools.gnu-tools-for-stm32.12.3.rel1.win32_1.0.100.202403111256/tools/bin/../lib/gcc/arm-none-eabi/12.3.1/thumb/v7e-m+fp/hard/crti.o
                0x080064f0                _init
 .init          0x080064f4        0x8 F:/ST/STM32CubeIDE_1.15.1/STM32CubeIDE/plugins/com.st.stm32cube.ide.mcu.externaltools.gnu-tools-for-stm32.12.3.rel1.win32_1.0.100.202403111256/tools/bin/../lib/gcc/arm-none-eabi/12.3.1/thumb/v7e-m+fp/hard/crtn.o
 *(.fini)
 .fini          0x080064fc        0x4 F:/ST/STM32CubeIDE_1.15.1/STM32CubeIDE/plugins/com.st.stm32cube.ide.mcu.externaltools.gnu-tools-for-stm32.12.3.rel1.win32_1.0.100.202403111256/tools/bin/../lib/gcc/arm-none-eabi/12.3.1/thumb/v7e-m+fp/hard/crti.o
                0x080064fc                _fini
 .fini          0x08006500        0x8 F:/ST/STM32CubeIDE_1.15.1/STM32CubeIDE/plugins/com.st.stm32cube.ide.mcu.externaltools.gnu-tools-for-stm32.12.3.rel1.win32_1.0.100.202403111256/tools/bin/../lib/gcc/arm-none-eabi/12.3.1/thumb/v7e-m+fp/hard/crtn.o
                0x08006508                        . = ALIGN (0x4)
                0x08006508                        _etext = .

.vfp11_veneer   0x08006508        0x0
 .vfp11_veneer  0x08006508        0x0 linker stubs

.v4_bx          0x08006508        0x0
 .v4_bx         0x08006508        0x0 linker stubs

.iplt           0x08006508        0x0
 .iplt          0x08006508        0x0 F:/ST/STM32CubeIDE_1.15.1/STM32CubeIDE/plugins/com.st.stm32cube.ide.mcu.externaltools.gnu-tools-for-stm32.12.3.rel1.win32_1.0.100.202403111256/tools/bin/../lib/gcc/arm-none-eabi/12.3.1/thumb/v7e-m+fp/hard/crtbegin.o

.rodata         0x08006508       0x18
                0x08006508                        . = ALIGN (0x4)
 *(.rodata)
 *(.rodata*)
 .rodata.AHBPrescTable
                0x08006508       0x10 ./Core/Src/system_stm32f4xx.o
                0x08006508                AHBPrescTable
 .rodata.APBPrescTable
                0x08006518        0x8 ./Core/Src/system_stm32f4xx.o
                0x08006518                APBPrescTable
                0x08006520                        . = ALIGN (0x4)

.ARM.extab      0x08006520        0x0
                0x08006520                        . = ALIGN (0x4)
 *(.ARM.extab* .gnu.linkonce.armextab.*)
                0x08006520                        . = ALIGN (0x4)

.ARM            0x08006520        0x8
                0x08006520                        . = ALIGN (0x4)
                0x08006520                        __exidx_start = .
 *(.ARM.exidx*)
 .ARM.exidx     0x08006520        0x8 F:/ST/STM32CubeIDE_1.15.1/STM32CubeIDE/plugins/com.st.stm32cube.ide.mcu.externaltools.gnu-tools-for-stm32.12.3.rel1.win32_1.0.100.202403111256/tools/bin/../lib/gcc/arm-none-eabi/12.3.1/thumb/v7e-m+fp/hard\libgcc.a(_udivmoddi4.o)
                0x08006528                        __exidx_end = .
                0x08006528                        . = ALIGN (0x4)

.rel.dyn        0x08006528        0x0
 .rel.iplt      0x08006528        0x0 F:/ST/STM32CubeIDE_1.15.1/STM32CubeIDE/plugins/com.st.stm32cube.ide.mcu.externaltools.gnu-tools-for-stm32.12.3.rel1.win32_1.0.100.202403111256/tools/bin/../lib/gcc/arm-none-eabi/12.3.1/thumb/v7e-m+fp/hard/crtbegin.o

.preinit_array  0x08006528        0x0
                0x08006528                        . = ALIGN (0x4)
                0x08006528                        PROVIDE (__preinit_array_start = .)
 *(.preinit_array*)
                0x08006528                        PROVIDE (__preinit_array_end = .)
                0x08006528                        . = ALIGN (0x4)

.init_array     0x08006528        0x8
                0x08006528                        . = ALIGN (0x4)
                0x08006528                        PROVIDE (__init_array_start = .)
 *(SORT_BY_NAME(.init_array.*))
 *(.init_array*)
 .init_array    0x08006528        0x4 F:/ST/STM32CubeIDE_1.15.1/STM32CubeIDE/plugins/com.st.stm32cube.ide.mcu.externaltools.gnu-tools-for-stm32.12.3.rel1.win32_1.0.100.202403111256/tools/bin/../lib/gcc/arm-none-eabi/12.3.1/thumb/v7e-m+fp/hard/crtbegin.o
 .init_array    0x0800652c        0x4 ./code/task.o
                0x08006530                        PROVIDE (__init_array_end = .)
                0x08006530                        . = ALIGN (0x4)

.fini_array     0x08006530        0x4
                0x08006530                        . = ALIGN (0x4)
                [!provide]                        PROVIDE (__fini_array_start = .)
 *(SORT_BY_NAME(.fini_array.*))
 *(.fini_array*)
 .fini_array    0x08006530        0x4 F:/ST/STM32CubeIDE_1.15.1/STM32CubeIDE/plugins/com.st.stm32cube.ide.mcu.externaltools.gnu-tools-for-stm32.12.3.rel1.win32_1.0.100.202403111256/tools/bin/../lib/gcc/arm-none-eabi/12.3.1/thumb/v7e-m+fp/hard/crtbegin.o
                [!provide]                        PROVIDE (__fini_array_end = .)
                0x08006534                        . = ALIGN (0x4)
                0x08006534                        _sidata = LOADADDR (.data)

.data           0x20000000        0xc load address 0x08006534
                0x20000000                        . = ALIGN (0x4)
                0x20000000                        _sdata = .
 *(.data)
 *(.data*)
 .data.SystemCoreClock
                0x20000000        0x4 ./Core/Src/system_stm32f4xx.o
                0x20000000                SystemCoreClock
 .data.uwTickPrio
                0x20000004        0x4 ./Drivers/STM32F4xx_HAL_Driver/Src/stm32f4xx_hal.o
                0x20000004                uwTickPrio
 .data.uwTickFreq
                0x20000008        0x1 ./Drivers/STM32F4xx_HAL_Driver/Src/stm32f4xx_hal.o
                0x20000008                uwTickFreq
 *(.RamFunc)
 *(.RamFunc*)
                0x2000000c                        . = ALIGN (0x4)
 *fill*         0x20000009        0x3 
                0x2000000c                        _edata = .
                0x08006540                        _siccmram = LOADADDR (.ccmram)

.igot.plt       0x2000000c        0x0 load address 0x08006540
 .igot.plt      0x2000000c        0x0 F:/ST/STM32CubeIDE_1.15.1/STM32CubeIDE/plugins/com.st.stm32cube.ide.mcu.externaltools.gnu-tools-for-stm32.12.3.rel1.win32_1.0.100.202403111256/tools/bin/../lib/gcc/arm-none-eabi/12.3.1/thumb/v7e-m+fp/hard/crtbegin.o

.ccmram         0x10000000        0x0 load address 0x08006540
                0x10000000                        . = ALIGN (0x4)
                0x10000000                        _sccmram = .
 *(.ccmram)
 *(.ccmram*)
                0x10000000                        . = ALIGN (0x4)
                0x10000000                        _eccmram = .
                0x10000000                        . = ALIGN (0x4)

.bss            0x2000000c      0x81c
                0x2000000c                        _sbss = .
                0x2000000c                        __bss_start__ = _sbss
 *(.bss)
 .bss           0x2000000c       0x1c F:/ST/STM32CubeIDE_1.15.1/STM32CubeIDE/plugins/com.st.stm32cube.ide.mcu.externaltools.gnu-tools-for-stm32.12.3.rel1.win32_1.0.100.202403111256/tools/bin/../lib/gcc/arm-none-eabi/12.3.1/thumb/v7e-m+fp/hard/crtbegin.o
 *(.bss*)
 .bss.hadc1     0x20000028       0x48 ./Core/Src/adc.o
                0x20000028                hadc1
 .bss.hadc2     0x20000070       0x48 ./Core/Src/adc.o
                0x20000070                hadc2
 .bss.hadc3     0x200000b8       0x48 ./Core/Src/adc.o
                0x200000b8                hadc3
 .bss.hcan1     0x20000100       0x28 ./Core/Src/can.o
                0x20000100                hcan1
 .bss.hcan2     0x20000128       0x28 ./Core/Src/can.o
                0x20000128                hcan2
 .bss.HAL_RCC_CAN1_CLK_ENABLED
                0x20000150        0x4 ./Core/Src/can.o
 .bss.hi2c1     0x20000154       0x54 ./Core/Src/i2c.o
                0x20000154                hi2c1
 .bss.hi2c2     0x200001a8       0x54 ./Core/Src/i2c.o
                0x200001a8                hi2c2
 .bss.hspi2     0x200001fc       0x58 ./Core/Src/spi.o
                0x200001fc                hspi2
 .bss.htim1     0x20000254       0x48 ./Core/Src/tim.o
                0x20000254                htim1
 .bss.htim2     0x2000029c       0x48 ./Core/Src/tim.o
                0x2000029c                htim2
 .bss.htim3     0x200002e4       0x48 ./Core/Src/tim.o
                0x200002e4                htim3
 .bss.htim4     0x2000032c       0x48 ./Core/Src/tim.o
                0x2000032c                htim4
 .bss.htim5     0x20000374       0x48 ./Core/Src/tim.o
                0x20000374                htim5
 .bss.htim8     0x200003bc       0x48 ./Core/Src/tim.o
                0x200003bc                htim8
 .bss.htim9     0x20000404       0x48 ./Core/Src/tim.o
                0x20000404                htim9
 .bss.htim11    0x2000044c       0x48 ./Core/Src/tim.o
                0x2000044c                htim11
 .bss.htim12    0x20000494       0x48 ./Core/Src/tim.o
                0x20000494                htim12
 .bss.huart1    0x200004dc       0x44 ./Core/Src/usart.o
                0x200004dc                huart1
 .bss.huart2    0x20000520       0x44 ./Core/Src/usart.o
                0x20000520                huart2
 .bss.huart3    0x20000564       0x44 ./Core/Src/usart.o
                0x20000564                huart3
 .bss.uwTick    0x200005a8        0x4 ./Drivers/STM32F4xx_HAL_Driver/Src/stm32f4xx_hal.o
                0x200005a8                uwTick
 .bss.gray_scale
                0x200005ac      0x200 ./code/LINEAR_CCD.o
                0x200005ac                gray_scale
 .bss.CCD_ADC_flag
                0x200007ac        0x1 ./code/LINEAR_CCD.o
                0x200007ac                CCD_ADC_flag
 .bss.CCD_point_num
                0x200007ad        0x1 ./code/LINEAR_CCD.o
                0x200007ad                CCD_point_num
 *fill*         0x200007ae        0x2 
 .bss.left_encoder
                0x200007b0       0x14 ./code/task.o
                0x200007b0                left_encoder
 .bss.right_encoder
                0x200007c4       0x14 ./code/task.o
                0x200007c4                right_encoder
 .bss.left_motor
                0x200007d8       0x28 ./code/task.o
                0x200007d8                left_motor
 .bss.right_motor
                0x20000800       0x28 ./code/task.o
                0x20000800                right_motor
 *(COMMON)
                0x20000828                        . = ALIGN (0x4)
                0x20000828                        _ebss = .
                0x20000828                        __bss_end__ = _ebss

._user_heap_stack
                0x20000828      0x600
                0x20000828                        . = ALIGN (0x8)
                [!provide]                        PROVIDE (end = .)
                0x20000828                        PROVIDE (_end = .)
                0x20000a28                        . = (. + _Min_Heap_Size)
 *fill*         0x20000828      0x200 
                0x20000e28                        . = (. + _Min_Stack_Size)
 *fill*         0x20000a28      0x400 
                0x20000e28                        . = ALIGN (0x8)

/DISCARD/
 libc.a(*)
 libm.a(*)
 libgcc.a(*)

.ARM.attributes
                0x00000000       0x30
 *(.ARM.attributes)
 .ARM.attributes
                0x00000000       0x22 F:/ST/STM32CubeIDE_1.15.1/STM32CubeIDE/plugins/com.st.stm32cube.ide.mcu.externaltools.gnu-tools-for-stm32.12.3.rel1.win32_1.0.100.202403111256/tools/bin/../lib/gcc/arm-none-eabi/12.3.1/thumb/v7e-m+fp/hard/crti.o
 .ARM.attributes
                0x00000022       0x34 F:/ST/STM32CubeIDE_1.15.1/STM32CubeIDE/plugins/com.st.stm32cube.ide.mcu.externaltools.gnu-tools-for-stm32.12.3.rel1.win32_1.0.100.202403111256/tools/bin/../lib/gcc/arm-none-eabi/12.3.1/thumb/v7e-m+fp/hard/crtbegin.o
 .ARM.attributes
                0x00000056       0x34 ./Core/Src/adc.o
 .ARM.attributes
                0x0000008a       0x34 ./Core/Src/can.o
 .ARM.attributes
                0x000000be       0x34 ./Core/Src/gpio.o
 .ARM.attributes
                0x000000f2       0x34 ./Core/Src/i2c.o
 .ARM.attributes
                0x00000126       0x34 ./Core/Src/main.o
 .ARM.attributes
                0x0000015a       0x34 ./Core/Src/spi.o
 .ARM.attributes
                0x0000018e       0x34 ./Core/Src/stm32f4xx_hal_msp.o
 .ARM.attributes
                0x000001c2       0x34 ./Core/Src/stm32f4xx_it.o
 .ARM.attributes
                0x000001f6       0x34 ./Core/Src/system_stm32f4xx.o
 .ARM.attributes
                0x0000022a       0x34 ./Core/Src/tim.o
 .ARM.attributes
                0x0000025e       0x34 ./Core/Src/usart.o
 .ARM.attributes
                0x00000292       0x21 ./Core/Startup/startup_stm32f407vetx.o
 .ARM.attributes
                0x000002b3       0x34 ./Drivers/STM32F4xx_HAL_Driver/Src/stm32f4xx_hal.o
 .ARM.attributes
                0x000002e7       0x34 ./Drivers/STM32F4xx_HAL_Driver/Src/stm32f4xx_hal_adc.o
 .ARM.attributes
                0x0000031b       0x34 ./Drivers/STM32F4xx_HAL_Driver/Src/stm32f4xx_hal_can.o
 .ARM.attributes
                0x0000034f       0x34 ./Drivers/STM32F4xx_HAL_Driver/Src/stm32f4xx_hal_cortex.o
 .ARM.attributes
                0x00000383       0x34 ./Drivers/STM32F4xx_HAL_Driver/Src/stm32f4xx_hal_dma.o
 .ARM.attributes
                0x000003b7       0x34 ./Drivers/STM32F4xx_HAL_Driver/Src/stm32f4xx_hal_gpio.o
 .ARM.attributes
                0x000003eb       0x34 ./Drivers/STM32F4xx_HAL_Driver/Src/stm32f4xx_hal_i2c.o
 .ARM.attributes
                0x0000041f       0x34 ./Drivers/STM32F4xx_HAL_Driver/Src/stm32f4xx_hal_rcc.o
 .ARM.attributes
                0x00000453       0x34 ./Drivers/STM32F4xx_HAL_Driver/Src/stm32f4xx_hal_spi.o
 .ARM.attributes
                0x00000487       0x34 ./Drivers/STM32F4xx_HAL_Driver/Src/stm32f4xx_hal_tim.o
 .ARM.attributes
                0x000004bb       0x34 ./Drivers/STM32F4xx_HAL_Driver/Src/stm32f4xx_hal_tim_ex.o
 .ARM.attributes
                0x000004ef       0x34 ./Drivers/STM32F4xx_HAL_Driver/Src/stm32f4xx_hal_uart.o
 .ARM.attributes
                0x00000523       0x34 ./code/Encoder.o
 .ARM.attributes
                0x00000557       0x34 ./code/LINEAR_CCD.o
 .ARM.attributes
                0x0000058b       0x34 ./code/N20_Motor.o
 .ARM.attributes
                0x000005bf       0x34 ./code/task.o
 .ARM.attributes
                0x000005f3       0x34 F:/ST/STM32CubeIDE_1.15.1/STM32CubeIDE/plugins/com.st.stm32cube.ide.mcu.externaltools.gnu-tools-for-stm32.12.3.rel1.win32_1.0.100.202403111256/tools/bin/../lib/gcc/arm-none-eabi/12.3.1/../../../../arm-none-eabi/lib/thumb/v7e-m+fp/hard\libc_nano.a(libc_a-memset.o)
 .ARM.attributes
                0x00000627       0x34 F:/ST/STM32CubeIDE_1.15.1/STM32CubeIDE/plugins/com.st.stm32cube.ide.mcu.externaltools.gnu-tools-for-stm32.12.3.rel1.win32_1.0.100.202403111256/tools/bin/../lib/gcc/arm-none-eabi/12.3.1/../../../../arm-none-eabi/lib/thumb/v7e-m+fp/hard\libc_nano.a(libc_a-init.o)
 .ARM.attributes
                0x0000065b       0x22 F:/ST/STM32CubeIDE_1.15.1/STM32CubeIDE/plugins/com.st.stm32cube.ide.mcu.externaltools.gnu-tools-for-stm32.12.3.rel1.win32_1.0.100.202403111256/tools/bin/../lib/gcc/arm-none-eabi/12.3.1/thumb/v7e-m+fp/hard\libgcc.a(_aeabi_uldivmod.o)
 .ARM.attributes
                0x0000067d       0x34 F:/ST/STM32CubeIDE_1.15.1/STM32CubeIDE/plugins/com.st.stm32cube.ide.mcu.externaltools.gnu-tools-for-stm32.12.3.rel1.win32_1.0.100.202403111256/tools/bin/../lib/gcc/arm-none-eabi/12.3.1/thumb/v7e-m+fp/hard\libgcc.a(_udivmoddi4.o)
 .ARM.attributes
                0x000006b1       0x22 F:/ST/STM32CubeIDE_1.15.1/STM32CubeIDE/plugins/com.st.stm32cube.ide.mcu.externaltools.gnu-tools-for-stm32.12.3.rel1.win32_1.0.100.202403111256/tools/bin/../lib/gcc/arm-none-eabi/12.3.1/thumb/v7e-m+fp/hard\libgcc.a(_dvmd_tls.o)
 .ARM.attributes
                0x000006d3       0x22 F:/ST/STM32CubeIDE_1.15.1/STM32CubeIDE/plugins/com.st.stm32cube.ide.mcu.externaltools.gnu-tools-for-stm32.12.3.rel1.win32_1.0.100.202403111256/tools/bin/../lib/gcc/arm-none-eabi/12.3.1/thumb/v7e-m+fp/hard/crtn.o
OUTPUT(control.elf elf32-littlearm)
LOAD linker stubs
LOAD F:/ST/STM32CubeIDE_1.15.1/STM32CubeIDE/plugins/com.st.stm32cube.ide.mcu.externaltools.gnu-tools-for-stm32.12.3.rel1.win32_1.0.100.202403111256/tools/bin/../lib/gcc/arm-none-eabi/12.3.1/../../../../arm-none-eabi/lib/thumb/v7e-m+fp/hard\libc.a
LOAD F:/ST/STM32CubeIDE_1.15.1/STM32CubeIDE/plugins/com.st.stm32cube.ide.mcu.externaltools.gnu-tools-for-stm32.12.3.rel1.win32_1.0.100.202403111256/tools/bin/../lib/gcc/arm-none-eabi/12.3.1/../../../../arm-none-eabi/lib/thumb/v7e-m+fp/hard\libm.a
LOAD F:/ST/STM32CubeIDE_1.15.1/STM32CubeIDE/plugins/com.st.stm32cube.ide.mcu.externaltools.gnu-tools-for-stm32.12.3.rel1.win32_1.0.100.202403111256/tools/bin/../lib/gcc/arm-none-eabi/12.3.1/thumb/v7e-m+fp/hard\libgcc.a

.debug_info     0x00000000    0x1d071
 .debug_info    0x00000000      0xa8f ./Core/Src/adc.o
 .debug_info    0x00000a8f      0x8d6 ./Core/Src/can.o
 .debug_info    0x00001365      0x441 ./Core/Src/gpio.o
 .debug_info    0x000017a6      0x9c0 ./Core/Src/i2c.o
 .debug_info    0x00002166      0x54e ./Core/Src/main.o
 .debug_info    0x000026b4      0x95f ./Core/Src/spi.o
 .debug_info    0x00003013      0x269 ./Core/Src/stm32f4xx_hal_msp.o
 .debug_info    0x0000327c      0x9fe ./Core/Src/stm32f4xx_it.o
 .debug_info    0x00003c7a      0x512 ./Core/Src/system_stm32f4xx.o
 .debug_info    0x0000418c     0x149c ./Core/Src/tim.o
 .debug_info    0x00005628      0xc25 ./Core/Src/usart.o
 .debug_info    0x0000624d       0x30 ./Core/Startup/startup_stm32f407vetx.o
 .debug_info    0x0000627d      0x948 ./Drivers/STM32F4xx_HAL_Driver/Src/stm32f4xx_hal.o
 .debug_info    0x00006bc5      0xcd4 ./Drivers/STM32F4xx_HAL_Driver/Src/stm32f4xx_hal_adc.o
 .debug_info    0x00007899      0xf03 ./Drivers/STM32F4xx_HAL_Driver/Src/stm32f4xx_hal_can.o
 .debug_info    0x0000879c      0xd46 ./Drivers/STM32F4xx_HAL_Driver/Src/stm32f4xx_hal_cortex.o
 .debug_info    0x000094e2      0x8e7 ./Drivers/STM32F4xx_HAL_Driver/Src/stm32f4xx_hal_dma.o
 .debug_info    0x00009dc9      0x6c3 ./Drivers/STM32F4xx_HAL_Driver/Src/stm32f4xx_hal_gpio.o
 .debug_info    0x0000a48c     0x23e1 ./Drivers/STM32F4xx_HAL_Driver/Src/stm32f4xx_hal_i2c.o
 .debug_info    0x0000c86d      0x8b1 ./Drivers/STM32F4xx_HAL_Driver/Src/stm32f4xx_hal_rcc.o
 .debug_info    0x0000d11e     0x15fb ./Drivers/STM32F4xx_HAL_Driver/Src/stm32f4xx_hal_spi.o
 .debug_info    0x0000e719     0x2948 ./Drivers/STM32F4xx_HAL_Driver/Src/stm32f4xx_hal_tim.o
 .debug_info    0x00011061     0x14ae ./Drivers/STM32F4xx_HAL_Driver/Src/stm32f4xx_hal_tim_ex.o
 .debug_info    0x0001250f     0x2fb8 ./Drivers/STM32F4xx_HAL_Driver/Src/stm32f4xx_hal_uart.o
 .debug_info    0x000154c7     0x1bf8 ./code/Encoder.o
 .debug_info    0x000170bf     0x2041 ./code/LINEAR_CCD.o
 .debug_info    0x00019100     0x1e79 ./code/N20_Motor.o
 .debug_info    0x0001af79     0x20f8 ./code/task.o

.debug_abbrev   0x00000000     0x3de3
 .debug_abbrev  0x00000000      0x1f7 ./Core/Src/adc.o
 .debug_abbrev  0x000001f7      0x217 ./Core/Src/can.o
 .debug_abbrev  0x0000040e      0x152 ./Core/Src/gpio.o
 .debug_abbrev  0x00000560      0x1f7 ./Core/Src/i2c.o
 .debug_abbrev  0x00000757      0x1f1 ./Core/Src/main.o
 .debug_abbrev  0x00000948      0x1f3 ./Core/Src/spi.o
 .debug_abbrev  0x00000b3b       0xd8 ./Core/Src/stm32f4xx_hal_msp.o
 .debug_abbrev  0x00000c13      0x1d1 ./Core/Src/stm32f4xx_it.o
 .debug_abbrev  0x00000de4      0x11a ./Core/Src/system_stm32f4xx.o
 .debug_abbrev  0x00000efe      0x271 ./Core/Src/tim.o
 .debug_abbrev  0x0000116f      0x21e ./Core/Src/usart.o
 .debug_abbrev  0x0000138d       0x24 ./Core/Startup/startup_stm32f407vetx.o
 .debug_abbrev  0x000013b1      0x213 ./Drivers/STM32F4xx_HAL_Driver/Src/stm32f4xx_hal.o
 .debug_abbrev  0x000015c4      0x252 ./Drivers/STM32F4xx_HAL_Driver/Src/stm32f4xx_hal_adc.o
 .debug_abbrev  0x00001816      0x239 ./Drivers/STM32F4xx_HAL_Driver/Src/stm32f4xx_hal_can.o
 .debug_abbrev  0x00001a4f      0x327 ./Drivers/STM32F4xx_HAL_Driver/Src/stm32f4xx_hal_cortex.o
 .debug_abbrev  0x00001d76      0x264 ./Drivers/STM32F4xx_HAL_Driver/Src/stm32f4xx_hal_dma.o
 .debug_abbrev  0x00001fda      0x1d4 ./Drivers/STM32F4xx_HAL_Driver/Src/stm32f4xx_hal_gpio.o
 .debug_abbrev  0x000021ae      0x2ad ./Drivers/STM32F4xx_HAL_Driver/Src/stm32f4xx_hal_i2c.o
 .debug_abbrev  0x0000245b      0x2b6 ./Drivers/STM32F4xx_HAL_Driver/Src/stm32f4xx_hal_rcc.o
 .debug_abbrev  0x00002711      0x284 ./Drivers/STM32F4xx_HAL_Driver/Src/stm32f4xx_hal_spi.o
 .debug_abbrev  0x00002995      0x271 ./Drivers/STM32F4xx_HAL_Driver/Src/stm32f4xx_hal_tim.o
 .debug_abbrev  0x00002c06      0x27c ./Drivers/STM32F4xx_HAL_Driver/Src/stm32f4xx_hal_tim_ex.o
 .debug_abbrev  0x00002e82      0x30e ./Drivers/STM32F4xx_HAL_Driver/Src/stm32f4xx_hal_uart.o
 .debug_abbrev  0x00003190      0x2d2 ./code/Encoder.o
 .debug_abbrev  0x00003462      0x289 ./code/LINEAR_CCD.o
 .debug_abbrev  0x000036eb      0x34d ./code/N20_Motor.o
 .debug_abbrev  0x00003a38      0x3ab ./code/task.o

.debug_aranges  0x00000000     0x1538
 .debug_aranges
                0x00000000       0x40 ./Core/Src/adc.o
 .debug_aranges
                0x00000040       0x38 ./Core/Src/can.o
 .debug_aranges
                0x00000078       0x20 ./Core/Src/gpio.o
 .debug_aranges
                0x00000098       0x38 ./Core/Src/i2c.o
 .debug_aranges
                0x000000d0       0x30 ./Core/Src/main.o
 .debug_aranges
                0x00000100       0x30 ./Core/Src/spi.o
 .debug_aranges
                0x00000130       0x20 ./Core/Src/stm32f4xx_hal_msp.o
 .debug_aranges
                0x00000150       0x90 ./Core/Src/stm32f4xx_it.o
 .debug_aranges
                0x000001e0       0x28 ./Core/Src/system_stm32f4xx.o
 .debug_aranges
                0x00000208       0x98 ./Core/Src/tim.o
 .debug_aranges
                0x000002a0       0x40 ./Core/Src/usart.o
 .debug_aranges
                0x000002e0       0x28 ./Core/Startup/startup_stm32f407vetx.o
 .debug_aranges
                0x00000308       0xf0 ./Drivers/STM32F4xx_HAL_Driver/Src/stm32f4xx_hal.o
 .debug_aranges
                0x000003f8       0xe8 ./Drivers/STM32F4xx_HAL_Driver/Src/stm32f4xx_hal_adc.o
 .debug_aranges
                0x000004e0      0x138 ./Drivers/STM32F4xx_HAL_Driver/Src/stm32f4xx_hal_can.o
 .debug_aranges
                0x00000618      0x118 ./Drivers/STM32F4xx_HAL_Driver/Src/stm32f4xx_hal_cortex.o
 .debug_aranges
                0x00000730       0x90 ./Drivers/STM32F4xx_HAL_Driver/Src/stm32f4xx_hal_dma.o
 .debug_aranges
                0x000007c0       0x58 ./Drivers/STM32F4xx_HAL_Driver/Src/stm32f4xx_hal_gpio.o
 .debug_aranges
                0x00000818      0x2a0 ./Drivers/STM32F4xx_HAL_Driver/Src/stm32f4xx_hal_i2c.o
 .debug_aranges
                0x00000ab8       0x88 ./Drivers/STM32F4xx_HAL_Driver/Src/stm32f4xx_hal_rcc.o
 .debug_aranges
                0x00000b40      0x1d0 ./Drivers/STM32F4xx_HAL_Driver/Src/stm32f4xx_hal_spi.o
 .debug_aranges
                0x00000d10      0x3d0 ./Drivers/STM32F4xx_HAL_Driver/Src/stm32f4xx_hal_tim.o
 .debug_aranges
                0x000010e0      0x168 ./Drivers/STM32F4xx_HAL_Driver/Src/stm32f4xx_hal_tim_ex.o
 .debug_aranges
                0x00001248      0x200 ./Drivers/STM32F4xx_HAL_Driver/Src/stm32f4xx_hal_uart.o
 .debug_aranges
                0x00001448       0x30 ./code/Encoder.o
 .debug_aranges
                0x00001478       0x30 ./code/LINEAR_CCD.o
 .debug_aranges
                0x000014a8       0x40 ./code/N20_Motor.o
 .debug_aranges
                0x000014e8       0x50 ./code/task.o

.debug_rnglists
                0x00000000     0x109a
 .debug_rnglists
                0x00000000       0x30 ./Core/Src/adc.o
 .debug_rnglists
                0x00000030       0x27 ./Core/Src/can.o
 .debug_rnglists
                0x00000057       0x14 ./Core/Src/gpio.o
 .debug_rnglists
                0x0000006b       0x26 ./Core/Src/i2c.o
 .debug_rnglists
                0x00000091       0x20 ./Core/Src/main.o
 .debug_rnglists
                0x000000b1       0x20 ./Core/Src/spi.o
 .debug_rnglists
                0x000000d1       0x13 ./Core/Src/stm32f4xx_hal_msp.o
 .debug_rnglists
                0x000000e4       0x67 ./Core/Src/stm32f4xx_it.o
 .debug_rnglists
                0x0000014b       0x1a ./Core/Src/system_stm32f4xx.o
 .debug_rnglists
                0x00000165       0x7b ./Core/Src/tim.o
 .debug_rnglists
                0x000001e0       0x2d ./Core/Src/usart.o
 .debug_rnglists
                0x0000020d       0x19 ./Core/Startup/startup_stm32f407vetx.o
 .debug_rnglists
                0x00000226       0xaf ./Drivers/STM32F4xx_HAL_Driver/Src/stm32f4xx_hal.o
 .debug_rnglists
                0x000002d5       0xb5 ./Drivers/STM32F4xx_HAL_Driver/Src/stm32f4xx_hal_adc.o
 .debug_rnglists
                0x0000038a       0xee ./Drivers/STM32F4xx_HAL_Driver/Src/stm32f4xx_hal_can.o
 .debug_rnglists
                0x00000478       0xce ./Drivers/STM32F4xx_HAL_Driver/Src/stm32f4xx_hal_cortex.o
 .debug_rnglists
                0x00000546       0x70 ./Drivers/STM32F4xx_HAL_Driver/Src/stm32f4xx_hal_dma.o
 .debug_rnglists
                0x000005b6       0x3f ./Drivers/STM32F4xx_HAL_Driver/Src/stm32f4xx_hal_gpio.o
 .debug_rnglists
                0x000005f5      0x235 ./Drivers/STM32F4xx_HAL_Driver/Src/stm32f4xx_hal_i2c.o
 .debug_rnglists
                0x0000082a       0x66 ./Drivers/STM32F4xx_HAL_Driver/Src/stm32f4xx_hal_rcc.o
 .debug_rnglists
                0x00000890      0x16f ./Drivers/STM32F4xx_HAL_Driver/Src/stm32f4xx_hal_spi.o
 .debug_rnglists
                0x000009ff      0x31a ./Drivers/STM32F4xx_HAL_Driver/Src/stm32f4xx_hal_tim.o
 .debug_rnglists
                0x00000d19      0x125 ./Drivers/STM32F4xx_HAL_Driver/Src/stm32f4xx_hal_tim_ex.o
 .debug_rnglists
                0x00000e3e      0x1b7 ./Drivers/STM32F4xx_HAL_Driver/Src/stm32f4xx_hal_uart.o
 .debug_rnglists
                0x00000ff5       0x20 ./code/Encoder.o
 .debug_rnglists
                0x00001015       0x1f ./code/LINEAR_CCD.o
 .debug_rnglists
                0x00001034       0x2e ./code/N20_Motor.o
 .debug_rnglists
                0x00001062       0x38 ./code/task.o

.debug_macro    0x00000000    0x276cc
 .debug_macro   0x00000000      0x23d ./Core/Src/adc.o
 .debug_macro   0x0000023d      0xab4 ./Core/Src/adc.o
 .debug_macro   0x00000cf1      0x2b3 ./Core/Src/adc.o
 .debug_macro   0x00000fa4       0x2e ./Core/Src/adc.o
 .debug_macro   0x00000fd2       0x2f ./Core/Src/adc.o
 .debug_macro   0x00001001       0x22 ./Core/Src/adc.o
 .debug_macro   0x00001023       0x8e ./Core/Src/adc.o
 .debug_macro   0x000010b1       0x51 ./Core/Src/adc.o
 .debug_macro   0x00001102      0x103 ./Core/Src/adc.o
 .debug_macro   0x00001205       0x6a ./Core/Src/adc.o
 .debug_macro   0x0000126f      0x1df ./Core/Src/adc.o
 .debug_macro   0x0000144e       0x1c ./Core/Src/adc.o
 .debug_macro   0x0000146a       0x22 ./Core/Src/adc.o
 .debug_macro   0x0000148c       0xd9 ./Core/Src/adc.o
 .debug_macro   0x00001565     0x102d ./Core/Src/adc.o
 .debug_macro   0x00002592      0x11f ./Core/Src/adc.o
 .debug_macro   0x000026b1    0x15e82 ./Core/Src/adc.o
 .debug_macro   0x00018533       0x6d ./Core/Src/adc.o
 .debug_macro   0x000185a0     0x367e ./Core/Src/adc.o
 .debug_macro   0x0001bc1e      0x189 ./Core/Src/adc.o
 .debug_macro   0x0001bda7       0x5c ./Core/Src/adc.o
 .debug_macro   0x0001be03      0x96b ./Core/Src/adc.o
 .debug_macro   0x0001c76e      0x9fe ./Core/Src/adc.o
 .debug_macro   0x0001d16c      0x115 ./Core/Src/adc.o
 .debug_macro   0x0001d281      0x13e ./Core/Src/adc.o
 .debug_macro   0x0001d3bf       0xa5 ./Core/Src/adc.o
 .debug_macro   0x0001d464      0x174 ./Core/Src/adc.o
 .debug_macro   0x0001d5d8      0x287 ./Core/Src/adc.o
 .debug_macro   0x0001d85f       0x5f ./Core/Src/adc.o
 .debug_macro   0x0001d8be      0x236 ./Core/Src/adc.o
 .debug_macro   0x0001daf4      0xb5b ./Core/Src/adc.o
 .debug_macro   0x0001e64f      0x38b ./Core/Src/adc.o
 .debug_macro   0x0001e9da      0x176 ./Core/Src/adc.o
 .debug_macro   0x0001eb50       0xf9 ./Core/Src/adc.o
 .debug_macro   0x0001ec49      0x40f ./Core/Src/adc.o
 .debug_macro   0x0001f058      0x12c ./Core/Src/adc.o
 .debug_macro   0x0001f184      0x21e ./Core/Src/adc.o
 .debug_macro   0x0001f3a2       0x2e ./Core/Src/adc.o
 .debug_macro   0x0001f3d0      0x1b5 ./Core/Src/adc.o
 .debug_macro   0x0001f585       0xd6 ./Core/Src/adc.o
 .debug_macro   0x0001f65b      0x11a ./Core/Src/adc.o
 .debug_macro   0x0001f775       0x7e ./Core/Src/adc.o
 .debug_macro   0x0001f7f3       0x89 ./Core/Src/adc.o
 .debug_macro   0x0001f87c      0x225 ./Core/Src/adc.o
 .debug_macro   0x0001faa1      0x8e6 ./Core/Src/adc.o
 .debug_macro   0x00020387       0x47 ./Core/Src/adc.o
 .debug_macro   0x000203ce      0x295 ./Core/Src/adc.o
 .debug_macro   0x00020663      0x12d ./Core/Src/adc.o
 .debug_macro   0x00020790       0x40 ./Core/Src/adc.o
 .debug_macro   0x000207d0      0x23d ./Core/Src/can.o
 .debug_macro   0x00020a0d      0x23d ./Core/Src/gpio.o
 .debug_macro   0x00020c4a      0x23d ./Core/Src/i2c.o
 .debug_macro   0x00020e87      0x287 ./Core/Src/main.o
 .debug_macro   0x0002110e      0x23d ./Core/Src/spi.o
 .debug_macro   0x0002134b      0x233 ./Core/Src/stm32f4xx_hal_msp.o
 .debug_macro   0x0002157e      0x247 ./Core/Src/stm32f4xx_it.o
 .debug_macro   0x000217c5      0x224 ./Core/Src/system_stm32f4xx.o
 .debug_macro   0x000219e9      0x23d ./Core/Src/tim.o
 .debug_macro   0x00021c26      0x23d ./Core/Src/usart.o
 .debug_macro   0x00021e63      0x284 ./Drivers/STM32F4xx_HAL_Driver/Src/stm32f4xx_hal.o
 .debug_macro   0x000220e7      0x225 ./Drivers/STM32F4xx_HAL_Driver/Src/stm32f4xx_hal_adc.o
 .debug_macro   0x0002230c      0x22c ./Drivers/STM32F4xx_HAL_Driver/Src/stm32f4xx_hal_can.o
 .debug_macro   0x00022538      0x224 ./Drivers/STM32F4xx_HAL_Driver/Src/stm32f4xx_hal_cortex.o
 .debug_macro   0x0002275c      0x22a ./Drivers/STM32F4xx_HAL_Driver/Src/stm32f4xx_hal_dma.o
 .debug_macro   0x00022986      0x22a ./Drivers/STM32F4xx_HAL_Driver/Src/stm32f4xx_hal_gpio.o
 .debug_macro   0x00022bb0      0x26b ./Drivers/STM32F4xx_HAL_Driver/Src/stm32f4xx_hal_i2c.o
 .debug_macro   0x00022e1b      0x248 ./Drivers/STM32F4xx_HAL_Driver/Src/stm32f4xx_hal_rcc.o
 .debug_macro   0x00023063      0x233 ./Drivers/STM32F4xx_HAL_Driver/Src/stm32f4xx_hal_spi.o
 .debug_macro   0x00023296      0x225 ./Drivers/STM32F4xx_HAL_Driver/Src/stm32f4xx_hal_tim.o
 .debug_macro   0x000234bb      0x224 ./Drivers/STM32F4xx_HAL_Driver/Src/stm32f4xx_hal_tim_ex.o
 .debug_macro   0x000236df      0x225 ./Drivers/STM32F4xx_HAL_Driver/Src/stm32f4xx_hal_uart.o
 .debug_macro   0x00023904      0x3ed ./code/Encoder.o
 .debug_macro   0x00023cf1      0xb8c ./code/Encoder.o
 .debug_macro   0x0002487d       0x1c ./code/Encoder.o
 .debug_macro   0x00024899     0x102d ./code/Encoder.o
 .debug_macro   0x000258c6      0x190 ./code/Encoder.o
 .debug_macro   0x00025a56      0x1d6 ./code/Encoder.o
 .debug_macro   0x00025c2c       0x10 ./code/Encoder.o
 .debug_macro   0x00025c3c      0x417 ./code/Encoder.o
 .debug_macro   0x00026053       0x18 ./code/Encoder.o
 .debug_macro   0x0002606b       0x61 ./code/Encoder.o
 .debug_macro   0x000260cc       0x34 ./code/Encoder.o
 .debug_macro   0x00026100       0x43 ./code/Encoder.o
 .debug_macro   0x00026143       0x16 ./code/Encoder.o
 .debug_macro   0x00026159      0x38c ./code/Encoder.o
 .debug_macro   0x000264e5      0x194 ./code/Encoder.o
 .debug_macro   0x00026679       0x10 ./code/Encoder.o
 .debug_macro   0x00026689       0x35 ./code/Encoder.o
 .debug_macro   0x000266be       0x10 ./code/Encoder.o
 .debug_macro   0x000266ce      0x3c7 ./code/Encoder.o
 .debug_macro   0x00026a95       0x1c ./code/Encoder.o
 .debug_macro   0x00026ab1      0x3e1 ./code/LINEAR_CCD.o
 .debug_macro   0x00026e92      0x415 ./code/N20_Motor.o
 .debug_macro   0x000272a7      0x425 ./code/task.o

.debug_line     0x00000000    0x1e501
 .debug_line    0x00000000      0x984 ./Core/Src/adc.o
 .debug_line    0x00000984      0x900 ./Core/Src/can.o
 .debug_line    0x00001284      0x839 ./Core/Src/gpio.o
 .debug_line    0x00001abd      0x8cc ./Core/Src/i2c.o
 .debug_line    0x00002389      0x8cd ./Core/Src/main.o
 .debug_line    0x00002c56      0x878 ./Core/Src/spi.o
 .debug_line    0x000034ce      0x7f4 ./Core/Src/stm32f4xx_hal_msp.o
 .debug_line    0x00003cc2      0x95e ./Core/Src/stm32f4xx_it.o
 .debug_line    0x00004620      0x879 ./Core/Src/system_stm32f4xx.o
 .debug_line    0x00004e99      0xe6e ./Core/Src/tim.o
 .debug_line    0x00005d07      0x934 ./Core/Src/usart.o
 .debug_line    0x0000663b       0x7a ./Core/Startup/startup_stm32f407vetx.o
 .debug_line    0x000066b5      0xae2 ./Drivers/STM32F4xx_HAL_Driver/Src/stm32f4xx_hal.o
 .debug_line    0x00007197     0x1354 ./Drivers/STM32F4xx_HAL_Driver/Src/stm32f4xx_hal_adc.o
 .debug_line    0x000084eb     0x1289 ./Drivers/STM32F4xx_HAL_Driver/Src/stm32f4xx_hal_can.o
 .debug_line    0x00009774      0xd8f ./Drivers/STM32F4xx_HAL_Driver/Src/stm32f4xx_hal_cortex.o
 .debug_line    0x0000a503     0x1052 ./Drivers/STM32F4xx_HAL_Driver/Src/stm32f4xx_hal_dma.o
 .debug_line    0x0000b555      0xc6e ./Drivers/STM32F4xx_HAL_Driver/Src/stm32f4xx_hal_gpio.o
 .debug_line    0x0000c1c3     0x3b88 ./Drivers/STM32F4xx_HAL_Driver/Src/stm32f4xx_hal_i2c.o
 .debug_line    0x0000fd4b      0xe55 ./Drivers/STM32F4xx_HAL_Driver/Src/stm32f4xx_hal_rcc.o
 .debug_line    0x00010ba0     0x1d97 ./Drivers/STM32F4xx_HAL_Driver/Src/stm32f4xx_hal_spi.o
 .debug_line    0x00012937     0x37e6 ./Drivers/STM32F4xx_HAL_Driver/Src/stm32f4xx_hal_tim.o
 .debug_line    0x0001611d     0x1ad9 ./Drivers/STM32F4xx_HAL_Driver/Src/stm32f4xx_hal_tim_ex.o
 .debug_line    0x00017bf6     0x2b99 ./Drivers/STM32F4xx_HAL_Driver/Src/stm32f4xx_hal_uart.o
 .debug_line    0x0001a78f      0xf18 ./code/Encoder.o
 .debug_line    0x0001b6a7      0xee9 ./code/LINEAR_CCD.o
 .debug_line    0x0001c590     0x1013 ./code/N20_Motor.o
 .debug_line    0x0001d5a3      0xf5e ./code/task.o

.debug_str      0x00000000    0xe15fe
 .debug_str     0x00000000    0xd503f ./Core/Src/adc.o
                              0xd53e9 (size before relaxing)
 .debug_str     0x000d503f      0x29a ./Core/Src/can.o
                              0xd523f (size before relaxing)
 .debug_str     0x000d52d9       0x5a ./Core/Src/gpio.o
                              0xd4f51 (size before relaxing)
 .debug_str     0x000d5333      0x2dc ./Core/Src/i2c.o
                              0xd5493 (size before relaxing)
 .debug_str     0x000d560f      0x27b ./Core/Src/main.o
                              0xd51c7 (size before relaxing)
 .debug_str     0x000d588a      0x1f9 ./Core/Src/spi.o
                              0xd53dd (size before relaxing)
 .debug_str     0x000d5a83       0x2c ./Core/Src/stm32f4xx_hal_msp.o
                              0xd4e86 (size before relaxing)
 .debug_str     0x000d5aaf      0x4e8 ./Core/Src/stm32f4xx_it.o
                              0xd5629 (size before relaxing)
 .debug_str     0x000d5f97       0xdb ./Core/Src/system_stm32f4xx.o
                              0xd4e61 (size before relaxing)
 .debug_str     0x000d6072      0x8cc ./Core/Src/tim.o
                              0xd5e29 (size before relaxing)
 .debug_str     0x000d693e       0x5f ./Core/Src/usart.o
                              0xd5950 (size before relaxing)
 .debug_str     0x000d699d       0x44 ./Core/Startup/startup_stm32f407vetx.o
                                 0x67 (size before relaxing)
 .debug_str     0x000d69e1      0x5f9 ./Drivers/STM32F4xx_HAL_Driver/Src/stm32f4xx_hal.o
                              0xd59e5 (size before relaxing)
 .debug_str     0x000d6fda      0x2d0 ./Drivers/STM32F4xx_HAL_Driver/Src/stm32f4xx_hal_adc.o
                              0xd544e (size before relaxing)
 .debug_str     0x000d72aa      0x565 ./Drivers/STM32F4xx_HAL_Driver/Src/stm32f4xx_hal_can.o
                              0xd554d (size before relaxing)
 .debug_str     0x000d780f      0x31d ./Drivers/STM32F4xx_HAL_Driver/Src/stm32f4xx_hal_cortex.o
                              0xd5718 (size before relaxing)
 .debug_str     0x000d7b2c      0x2f6 ./Drivers/STM32F4xx_HAL_Driver/Src/stm32f4xx_hal_dma.o
                              0xd527b (size before relaxing)
 .debug_str     0x000d7e22      0x121 ./Drivers/STM32F4xx_HAL_Driver/Src/stm32f4xx_hal_gpio.o
                              0xd4fdc (size before relaxing)
 .debug_str     0x000d7f43      0xab0 ./Drivers/STM32F4xx_HAL_Driver/Src/stm32f4xx_hal_i2c.o
                              0xd5e2c (size before relaxing)
 .debug_str     0x000d89f3      0x213 ./Drivers/STM32F4xx_HAL_Driver/Src/stm32f4xx_hal_rcc.o
                              0xd5295 (size before relaxing)
 .debug_str     0x000d8c06      0x54d ./Drivers/STM32F4xx_HAL_Driver/Src/stm32f4xx_hal_spi.o
                              0xd5725 (size before relaxing)
 .debug_str     0x000d9153      0xc53 ./Drivers/STM32F4xx_HAL_Driver/Src/stm32f4xx_hal_tim.o
                              0xd61db (size before relaxing)
 .debug_str     0x000d9da6      0x3e1 ./Drivers/STM32F4xx_HAL_Driver/Src/stm32f4xx_hal_tim_ex.o
                              0xd59f7 (size before relaxing)
 .debug_str     0x000da187      0x5d9 ./Drivers/STM32F4xx_HAL_Driver/Src/stm32f4xx_hal_uart.o
                              0xd5834 (size before relaxing)
 .debug_str     0x000da760     0x6a31 ./code/Encoder.o
                              0xdbc5e (size before relaxing)
 .debug_str     0x000e1191      0x195 ./code/LINEAR_CCD.o
                              0xdbffb (size before relaxing)
 .debug_str     0x000e1326      0x1df ./code/N20_Motor.o
                              0xdbe25 (size before relaxing)
 .debug_str     0x000e1505       0xf9 ./code/task.o
                              0xdc16f (size before relaxing)

.comment        0x00000000       0x43
 .comment       0x00000000       0x43 ./Core/Src/adc.o
                                 0x44 (size before relaxing)
 .comment       0x00000043       0x44 ./Core/Src/can.o
 .comment       0x00000043       0x44 ./Core/Src/gpio.o
 .comment       0x00000043       0x44 ./Core/Src/i2c.o
 .comment       0x00000043       0x44 ./Core/Src/main.o
 .comment       0x00000043       0x44 ./Core/Src/spi.o
 .comment       0x00000043       0x44 ./Core/Src/stm32f4xx_hal_msp.o
 .comment       0x00000043       0x44 ./Core/Src/stm32f4xx_it.o
 .comment       0x00000043       0x44 ./Core/Src/system_stm32f4xx.o
 .comment       0x00000043       0x44 ./Core/Src/tim.o
 .comment       0x00000043       0x44 ./Core/Src/usart.o
 .comment       0x00000043       0x44 ./Drivers/STM32F4xx_HAL_Driver/Src/stm32f4xx_hal.o
 .comment       0x00000043       0x44 ./Drivers/STM32F4xx_HAL_Driver/Src/stm32f4xx_hal_adc.o
 .comment       0x00000043       0x44 ./Drivers/STM32F4xx_HAL_Driver/Src/stm32f4xx_hal_can.o
 .comment       0x00000043       0x44 ./Drivers/STM32F4xx_HAL_Driver/Src/stm32f4xx_hal_cortex.o
 .comment       0x00000043       0x44 ./Drivers/STM32F4xx_HAL_Driver/Src/stm32f4xx_hal_dma.o
 .comment       0x00000043       0x44 ./Drivers/STM32F4xx_HAL_Driver/Src/stm32f4xx_hal_gpio.o
 .comment       0x00000043       0x44 ./Drivers/STM32F4xx_HAL_Driver/Src/stm32f4xx_hal_i2c.o
 .comment       0x00000043       0x44 ./Drivers/STM32F4xx_HAL_Driver/Src/stm32f4xx_hal_rcc.o
 .comment       0x00000043       0x44 ./Drivers/STM32F4xx_HAL_Driver/Src/stm32f4xx_hal_spi.o
 .comment       0x00000043       0x44 ./Drivers/STM32F4xx_HAL_Driver/Src/stm32f4xx_hal_tim.o
 .comment       0x00000043       0x44 ./Drivers/STM32F4xx_HAL_Driver/Src/stm32f4xx_hal_tim_ex.o
 .comment       0x00000043       0x44 ./Drivers/STM32F4xx_HAL_Driver/Src/stm32f4xx_hal_uart.o
 .comment       0x00000043       0x44 ./code/Encoder.o
 .comment       0x00000043       0x44 ./code/LINEAR_CCD.o
 .comment       0x00000043       0x44 ./code/N20_Motor.o
 .comment       0x00000043       0x44 ./code/task.o

.debug_frame    0x00000000     0x5858
 .debug_frame   0x00000000       0xc4 ./Core/Src/adc.o
 .debug_frame   0x000000c4       0x90 ./Core/Src/can.o
 .debug_frame   0x00000154       0x34 ./Core/Src/gpio.o
 .debug_frame   0x00000188       0x90 ./Core/Src/i2c.o
 .debug_frame   0x00000218       0x68 ./Core/Src/main.o
 .debug_frame   0x00000280       0x74 ./Core/Src/spi.o
 .debug_frame   0x000002f4       0x38 ./Core/Src/stm32f4xx_hal_msp.o
 .debug_frame   0x0000032c      0x1ac ./Core/Src/stm32f4xx_it.o
 .debug_frame   0x000004d8       0x58 ./Core/Src/system_stm32f4xx.o
 .debug_frame   0x00000530      0x254 ./Core/Src/tim.o
 .debug_frame   0x00000784       0xac ./Core/Src/usart.o
 .debug_frame   0x00000830      0x374 ./Drivers/STM32F4xx_HAL_Driver/Src/stm32f4xx_hal.o
 .debug_frame   0x00000ba4      0x3fc ./Drivers/STM32F4xx_HAL_Driver/Src/stm32f4xx_hal_adc.o
 .debug_frame   0x00000fa0      0x5a0 ./Drivers/STM32F4xx_HAL_Driver/Src/stm32f4xx_hal_can.o
 .debug_frame   0x00001540      0x498 ./Drivers/STM32F4xx_HAL_Driver/Src/stm32f4xx_hal_cortex.o
 .debug_frame   0x000019d8      0x250 ./Drivers/STM32F4xx_HAL_Driver/Src/stm32f4xx_hal_dma.o
 .debug_frame   0x00001c28      0x14c ./Drivers/STM32F4xx_HAL_Driver/Src/stm32f4xx_hal_gpio.o
 .debug_frame   0x00001d74      0xc5c ./Drivers/STM32F4xx_HAL_Driver/Src/stm32f4xx_hal_i2c.o
 .debug_frame   0x000029d0      0x1f4 ./Drivers/STM32F4xx_HAL_Driver/Src/stm32f4xx_hal_rcc.o
 .debug_frame   0x00002bc4      0x824 ./Drivers/STM32F4xx_HAL_Driver/Src/stm32f4xx_hal_spi.o
 .debug_frame   0x000033e8     0x11c4 ./Drivers/STM32F4xx_HAL_Driver/Src/stm32f4xx_hal_tim.o
 .debug_frame   0x000045ac      0x638 ./Drivers/STM32F4xx_HAL_Driver/Src/stm32f4xx_hal_tim_ex.o
 .debug_frame   0x00004be4      0x92c ./Drivers/STM32F4xx_HAL_Driver/Src/stm32f4xx_hal_uart.o
 .debug_frame   0x00005510       0x88 ./code/Encoder.o
 .debug_frame   0x00005598       0x68 ./code/LINEAR_CCD.o
 .debug_frame   0x00005600       0xd0 ./code/N20_Motor.o
 .debug_frame   0x000056d0       0xdc ./code/task.o
 .debug_frame   0x000057ac       0x20 F:/ST/STM32CubeIDE_1.15.1/STM32CubeIDE/plugins/com.st.stm32cube.ide.mcu.externaltools.gnu-tools-for-stm32.12.3.rel1.win32_1.0.100.202403111256/tools/bin/../lib/gcc/arm-none-eabi/12.3.1/../../../../arm-none-eabi/lib/thumb/v7e-m+fp/hard\libc_nano.a(libc_a-memset.o)
 .debug_frame   0x000057cc       0x2c F:/ST/STM32CubeIDE_1.15.1/STM32CubeIDE/plugins/com.st.stm32cube.ide.mcu.externaltools.gnu-tools-for-stm32.12.3.rel1.win32_1.0.100.202403111256/tools/bin/../lib/gcc/arm-none-eabi/12.3.1/../../../../arm-none-eabi/lib/thumb/v7e-m+fp/hard\libc_nano.a(libc_a-init.o)
 .debug_frame   0x000057f8       0x2c F:/ST/STM32CubeIDE_1.15.1/STM32CubeIDE/plugins/com.st.stm32cube.ide.mcu.externaltools.gnu-tools-for-stm32.12.3.rel1.win32_1.0.100.202403111256/tools/bin/../lib/gcc/arm-none-eabi/12.3.1/thumb/v7e-m+fp/hard\libgcc.a(_aeabi_uldivmod.o)
 .debug_frame   0x00005824       0x34 F:/ST/STM32CubeIDE_1.15.1/STM32CubeIDE/plugins/com.st.stm32cube.ide.mcu.externaltools.gnu-tools-for-stm32.12.3.rel1.win32_1.0.100.202403111256/tools/bin/../lib/gcc/arm-none-eabi/12.3.1/thumb/v7e-m+fp/hard\libgcc.a(_udivmoddi4.o)

.debug_line_str
                0x00000000       0x4b
 .debug_line_str
                0x00000000       0x4b ./Core/Startup/startup_stm32f407vetx.o
