Component: ARM Compiler 6.12 Tool: armlink [5d624300]

==============================================================================

Section Cross References

    startup_stm32f407xx.o(STACK) refers (Special) to heapauxi.o(.text) for __use_two_region_memory
    startup_stm32f407xx.o(HEAP) refers (Special) to heapauxi.o(.text) for __use_two_region_memory
    startup_stm32f407xx.o(RESET) refers (Special) to heapauxi.o(.text) for __use_two_region_memory
    startup_stm32f407xx.o(RESET) refers to startup_stm32f407xx.o(STACK) for __initial_sp
    startup_stm32f407xx.o(RESET) refers to startup_stm32f407xx.o(.text) for Reset_Handler
    startup_stm32f407xx.o(RESET) refers to stm32f4xx_it.o(.text.NMI_Handler) for NMI_Handler
    startup_stm32f407xx.o(RESET) refers to stm32f4xx_it.o(.text.HardFault_Handler) for HardFault_Handler
    startup_stm32f407xx.o(RESET) refers to stm32f4xx_it.o(.text.MemManage_Handler) for MemManage_Handler
    startup_stm32f407xx.o(RESET) refers to stm32f4xx_it.o(.text.BusFault_Handler) for BusFault_Handler
    startup_stm32f407xx.o(RESET) refers to stm32f4xx_it.o(.text.UsageFault_Handler) for UsageFault_Handler
    startup_stm32f407xx.o(RESET) refers to stm32f4xx_it.o(.text.SVC_Handler) for SVC_Handler
    startup_stm32f407xx.o(RESET) refers to stm32f4xx_it.o(.text.DebugMon_Handler) for DebugMon_Handler
    startup_stm32f407xx.o(RESET) refers to stm32f4xx_it.o(.text.PendSV_Handler) for PendSV_Handler
    startup_stm32f407xx.o(RESET) refers to stm32f4xx_it.o(.text.SysTick_Handler) for SysTick_Handler
    startup_stm32f407xx.o(RESET) refers to stm32f4xx_it.o(.text.TIM2_IRQHandler) for TIM2_IRQHandler
    startup_stm32f407xx.o(RESET) refers to stm32f4xx_it.o(.text.TIM3_IRQHandler) for TIM3_IRQHandler
    startup_stm32f407xx.o(RESET) refers to stm32f4xx_it.o(.text.TIM4_IRQHandler) for TIM4_IRQHandler
    startup_stm32f407xx.o(RESET) refers to stm32f4xx_it.o(.text.USART1_IRQHandler) for USART1_IRQHandler
    startup_stm32f407xx.o(RESET) refers to stm32f4xx_it.o(.text.TIM5_IRQHandler) for TIM5_IRQHandler
    startup_stm32f407xx.o(RESET) refers to stm32f4xx_it.o(.text.DMA2_Stream0_IRQHandler) for DMA2_Stream0_IRQHandler
    startup_stm32f407xx.o(.text) refers (Special) to heapauxi.o(.text) for __use_two_region_memory
    startup_stm32f407xx.o(.text) refers to system_stm32f4xx.o(.text.SystemInit) for SystemInit
    startup_stm32f407xx.o(.text) refers to __main.o(!!!main) for __main
    startup_stm32f407xx.o(.text) refers to startup_stm32f407xx.o(HEAP) for Heap_Mem
    startup_stm32f407xx.o(.text) refers to startup_stm32f407xx.o(STACK) for Stack_Mem
    main.o(.text.main) refers to stm32f4xx_hal.o(.text.HAL_Init) for HAL_Init
    main.o(.text.main) refers to main.o(.text.SystemClock_Config) for SystemClock_Config
    main.o(.text.main) refers to gpio.o(.text.MX_GPIO_Init) for MX_GPIO_Init
    main.o(.text.main) refers to dma.o(.text.MX_DMA_Init) for MX_DMA_Init
    main.o(.text.main) refers to adc.o(.text.MX_ADC1_Init) for MX_ADC1_Init
    main.o(.text.main) refers to adc.o(.text.MX_ADC2_Init) for MX_ADC2_Init
    main.o(.text.main) refers to adc.o(.text.MX_ADC3_Init) for MX_ADC3_Init
    main.o(.text.main) refers to can.o(.text.MX_CAN1_Init) for MX_CAN1_Init
    main.o(.text.main) refers to can.o(.text.MX_CAN2_Init) for MX_CAN2_Init
    main.o(.text.main) refers to i2c.o(.text.MX_I2C1_Init) for MX_I2C1_Init
    main.o(.text.main) refers to spi.o(.text.MX_SPI2_Init) for MX_SPI2_Init
    main.o(.text.main) refers to tim.o(.text.MX_TIM1_Init) for MX_TIM1_Init
    main.o(.text.main) refers to tim.o(.text.MX_TIM2_Init) for MX_TIM2_Init
    main.o(.text.main) refers to tim.o(.text.MX_TIM3_Init) for MX_TIM3_Init
    main.o(.text.main) refers to tim.o(.text.MX_TIM4_Init) for MX_TIM4_Init
    main.o(.text.main) refers to tim.o(.text.MX_TIM5_Init) for MX_TIM5_Init
    main.o(.text.main) refers to tim.o(.text.MX_TIM8_Init) for MX_TIM8_Init
    main.o(.text.main) refers to tim.o(.text.MX_TIM9_Init) for MX_TIM9_Init
    main.o(.text.main) refers to tim.o(.text.MX_TIM12_Init) for MX_TIM12_Init
    main.o(.text.main) refers to usart.o(.text.MX_USART1_UART_Init) for MX_USART1_UART_Init
    main.o(.text.main) refers to usart.o(.text.MX_USART2_UART_Init) for MX_USART2_UART_Init
    main.o(.text.main) refers to usart.o(.text.MX_USART3_UART_Init) for MX_USART3_UART_Init
    main.o(.text.main) refers to i2c.o(.text.MX_I2C2_Init) for MX_I2C2_Init
    main.o(.text.main) refers to task.o(.text.setup) for setup
    main.o(.text.main) refers to task.o(.text.loop) for loop
    main.o(.ARM.exidx.text.main) refers to main.o(.text.main) for [Anonymous Symbol]
    main.o(.text.SystemClock_Config) refers to stm32f4xx_hal_rcc.o(.text.HAL_RCC_OscConfig) for HAL_RCC_OscConfig
    main.o(.text.SystemClock_Config) refers to stm32f4xx_hal_rcc.o(.text.HAL_RCC_ClockConfig) for HAL_RCC_ClockConfig
    main.o(.ARM.exidx.text.SystemClock_Config) refers to main.o(.text.SystemClock_Config) for [Anonymous Symbol]
[...]
    [Anonymous Symbol]                       0x0800434c   Section        0  tim.o(.text.MX_TIM1_Init)
    [Anonymous Symbol]                       0x080044a0   Section        0  tim.o(.text.MX_TIM2_Init)
    [Anonymous Symbol]                       0x08004508   Section        0  tim.o(.text.MX_TIM3_Init)
    [Anonymous Symbol]                       0x08004574   Section        0  tim.o(.text.MX_TIM4_Init)
    [Anonymous Symbol]                       0x08004644   Section        0  tim.o(.text.MX_TIM5_Init)
    [Anonymous Symbol]                       0x080046b0   Section        0  tim.o(.text.MX_TIM8_Init)
    [Anonymous Symbol]                       0x08004804   Section        0  tim.o(.text.MX_TIM9_Init)
    [Anonymous Symbol]                       0x080048cc   Section        0  usart.o(.text.MX_USART1_UART_Init)
    [Anonymous Symbol]                       0x0800490c   Section        0  usart.o(.text.MX_USART2_UART_Init)
    [Anonymous Symbol]                       0x0800494c   Section        0  usart.o(.text.MX_USART3_UART_Init)
    [Anonymous Symbol]                       0x0800498c   Section        0  stm32f4xx_it.o(.text.MemManage_Handler)
    [Anonymous Symbol]                       0x08004990   Section        0  stm32f4xx_it.o(.text.NMI_Handler)
    [Anonymous Symbol]                       0x08004994   Section        0  stm32f4xx_it.o(.text.PendSV_Handler)
    SPI_EndRxTransaction                     0x08004999   Thumb Code   108  stm32f4xx_hal_spi.o(.text.SPI_EndRxTransaction)
    [Anonymous Symbol]                       0x08004998   Section        0  stm32f4xx_hal_spi.o(.text.SPI_EndRxTransaction)
    SPI_WaitFlagStateUntilTimeout            0x08004a05   Thumb Code   202  stm32f4xx_hal_spi.o(.text.SPI_WaitFlagStateUntilTimeout)
    [Anonymous Symbol]                       0x08004a04   Section        0  stm32f4xx_hal_spi.o(.text.SPI_WaitFlagStateUntilTimeout)
    [Anonymous Symbol]                       0x08004ad0   Section        0  stm32f4xx_it.o(.text.SVC_Handler)
    [Anonymous Symbol]                       0x08004ad4   Section        0  stm32f4xx_it.o(.text.SysTick_Handler)
    [Anonymous Symbol]                       0x08004ae4   Section        0  main.o(.text.SystemClock_Config)
    [Anonymous Symbol]                       0x08004b94   Section        0  system_stm32f4xx.o(.text.SystemInit)
    [Anonymous Symbol]                       0x08004ba8   Section        0  stm32f4xx_it.o(.text.TIM2_IRQHandler)
    [Anonymous Symbol]                       0x08004bb4   Section        0  stm32f4xx_it.o(.text.TIM3_IRQHandler)
    [Anonymous Symbol]                       0x08004bc0   Section        0  stm32f4xx_it.o(.text.TIM4_IRQHandler)
    [Anonymous Symbol]                       0x08004bd8   Section        0  stm32f4xx_it.o(.text.TIM5_IRQHandler)
    [Anonymous Symbol]                       0x08004be4   Section        0  stm32f4xx_hal_tim.o(.text.TIM_Base_SetConfig)
    UART_DMAAbortOnError                     0x08004d0d   Thumb Code    12  stm32f4xx_hal_uart.o(.text.UART_DMAAbortOnError)
    [Anonymous Symbol]                       0x08004d0c   Section        0  stm32f4xx_hal_uart.o(.text.UART_DMAAbortOnError)
    UART_Receive_IT                          0x08004d19   Thumb Code   248  stm32f4xx_hal_uart.o(.text.UART_Receive_IT)
    [Anonymous Symbol]                       0x08004d18   Section        0  stm32f4xx_hal_uart.o(.text.UART_Receive_IT)
    UART_SetConfig                           0x08004e11   Thumb Code   226  stm32f4xx_hal_uart.o(.text.UART_SetConfig)
    [Anonymous Symbol]                       0x08004e10   Section        0  stm32f4xx_hal_uart.o(.text.UART_SetConfig)
    [Anonymous Symbol]                       0x08004ef4   Section        0  stm32f4xx_it.o(.text.USART1_IRQHandler)
    [Anonymous Symbol]                       0x08004f10   Section        0  stm32f4xx_it.o(.text.UsageFault_Handler)
    _GLOBAL__sub_I_task.cpp                  0x08004f15   Thumb Code   204  task.o(.text._GLOBAL__sub_I_task.cpp)
    [Anonymous Symbol]                       0x08004f14   Section        0  task.o(.text._GLOBAL__sub_I_task.cpp)
    [Anonymous Symbol]                       0x08004fe0   Section        0  ccd.o(.text._ZN3CCD4initEv)
    [Anonymous Symbol]                       0x08004ff0   Section        0  ccd.o(.text._ZN3CCD7HandlerEv)
    [Anonymous Symbol]                       0x0800501c   Section        0  ccd.o(.text._ZN3CCD7SI_sendEv)
    [Anonymous Symbol]                       0x0800508c   Section        0  imu.o(.text._ZN3IMU4initEv)
    [Anonymous Symbol]                       0x080050a0   Section        0  imu.o(.text._ZN3IMU7HandlerEv)
    [Anonymous Symbol]                       0x080051dc   Section        0  remote.o(.text._ZN6Remote12process_dataEPt)
    [Anonymous Symbol]                       0x08005218   Section        0  remote.o(.text._ZN6Remote7HandlerEv)
    [Anonymous Symbol]                       0x08005238   Section        0  remote.o(.text._ZN6RemoteC2EP20__UART_HandleTypeDef)
    [Anonymous Symbol]                       0x08005248   Section        0  encoder.o(.text._ZN7Encoder15overflow_updateEv)
    [Anonymous Symbol]                       0x0800526c   Section        0  encoder.o(.text._ZN7Encoder4initEv)
    [Anonymous Symbol]                       0x08005284   Section        0  encoder.o(.text._ZN7Encoder7HandlerEv)
    [Anonymous Symbol]                       0x080052a8   Section        0  encoder.o(.text._ZN7EncoderC2EP17TIM_HandleTypeDef)
    [Anonymous Symbol]                       0x080052b8   Section        0  n20_motor.o(.text._ZN9N20_Motor16output_intensityEv)
    [Anonymous Symbol]                       0x08005510   Section        0  n20_motor.o(.text._ZN9N20_Motor17measure_parameterEv)
    [Anonymous Symbol]                       0x08005624   Section        0  n20_motor.o(.text._ZN9N20_Motor4initEv)
    [Anonymous Symbol]                       0x0800563c   Section        0  n20_motor.o(.text._ZN9N20_Motor7HandlerEv)
    [Anonymous Symbol]                       0x08005650   Section        0  n20_motor.o(.text._ZN9N20_MotorC2EP17TIM_HandleTypeDefjjP7Encoderfff)
    [Anonymous Symbol]                       0x08005670   Section        0  imu660.o(.text.imu660ra_get_acc)
    [Anonymous Symbol]                       0x080056ec   Section        0  imu660.o(.text.imu660ra_get_gyro)
    [Anonymous Symbol]                       0x08005768   Section        0  imu660.o(.text.imu660ra_init)
    [Anonymous Symbol]                       0x08005af0   Section        0  task.o(.text.loop)
    [Anonymous Symbol]                       0x08005c2c   Section        0  main.o(.text.main)
    [Anonymous Symbol]                       0x08005c94   Section        0  task.o(.text.setup)
    [Anonymous Symbol]                       0x08005cf8   Section        0  task.o(.text.task_handler)
    $v0                                      0x08005d84   Number         0  d2f.o(x$fpl$d2f)
    x$fpl$d2f                                0x08005d84   Section       98  d2f.o(x$fpl$d2f)
    $v0                                      0x08005de8   Number         0  daddsub_clz.o(x$fpl$dadd)
    x$fpl$dadd                               0x08005de8   Section      336  daddsub_clz.o(x$fpl$dadd)
    _dadd1                                   0x08005df9   Thumb Code     0  daddsub_clz.o(x$fpl$dadd)
    $v0                                      0x08005f38   Number         0  dmul.o(x$fpl$dmul)
    x$fpl$dmul                               0x08005f38   Section      340  dmul.o(x$fpl$dmul)
    $v0                                      0x0800608c   Number         0  dnaninf.o(x$fpl$dnaninf)
    x$fpl$dnaninf                            0x0800608c   Section      156  dnaninf.o(x$fpl$dnaninf)
    $v0                                      0x08006128   Number         0  dretinf.o(x$fpl$dretinf)
    x$fpl$dretinf                            0x08006128   Section       12  dretinf.o(x$fpl$dretinf)
    $v0                                      0x08006134   Number         0  daddsub_clz.o(x$fpl$dsub)
    x$fpl$dsub                               0x08006134   Section      468  daddsub_clz.o(x$fpl$dsub)
    _dsub1                                   0x08006145   Thumb Code     0  daddsub_clz.o(x$fpl$dsub)
    $v0                                      0x08006308   Number         0  f2d.o(x$fpl$f2d)
    x$fpl$f2d                                0x08006308   Section       86  f2d.o(x$fpl$f2d)
    $v0                                      0x0800635e   Number         0  fnaninf.o(x$fpl$fnaninf)
    x$fpl$fnaninf                            0x0800635e   Section      140  fnaninf.o(x$fpl$fnaninf)
    $v0                                      0x080063ea   Number         0  fpinit.o(x$fpl$fpinit)
    x$fpl$fpinit                             0x080063ea   Section       26  fpinit.o(x$fpl$fpinit)
    $v0                                      0x08006404   Number         0  fretinf.o(x$fpl$fretinf)
    x$fpl$fretinf                            0x08006404   Section       10  fretinf.o(x$fpl$fretinf)
    x$fpl$usenofp                            0x0800640e   Section        0  usenofp.o(x$fpl$usenofp)
    DMA_CalcBaseAndBitshift.flagBitshiftOffset 0x08006426   Data           8  stm32f4xx_hal_dma.o(.rodata.cst8)
    .init_array                              0x08008454   Section        0  init_aeabi.o(.init_array)
    .bss                                     0x20000020   Section       96  libspace.o(.bss)
    HAL_RCC_CAN1_CLK_ENABLED                 0x20000080   Data           4  can.o(.bss.HAL_RCC_CAN1_CLK_ENABLED)
    [Anonymous Symbol]                       0x20000080   Section        0  can.o(.bss.HAL_RCC_CAN1_CLK_ENABLED)
    Heap_Mem                                 0x20000858   Data         512  startup_stm32f407xx.o(HEAP)
    HEAP                                     0x20000858   Section      512  startup_stm32f407xx.o(HEAP)
    Stack_Mem                                0x20000a58   Data        1024  startup_stm32f407xx.o(STACK)
    STACK                                    0x20000a58   Section     1024  startup_stm32f407xx.o(STACK)
    __initial_sp                             0x20000e58   Data           0  startup_stm32f407xx.o(STACK)

    Global Symbols

    Symbol Name                              Value     Ov Type        Size  Object(Section)

    BuildAttributes$$THM_ISAv4$E$P$D$K$B$S$7EM$VFPi3$EXTD16$VFPS$VFMA$PE$A:L22UL41UL21$X:L11$S22US41US21$IEEE1$IW$~IW$USESV6$~STKCKD$USESV7$~SHL$OTIME$ROPI$EBA8$UX$STANDARDLIB$REQ8$PRES8$EABIv2 0x00000000   Number         0  anon$$obj.o ABSOLUTE
    __ARM_exceptions_init                     - Undefined Weak Reference
    __alloca_initialize                       - Undefined Weak Reference
    __arm_preinit_                            - Undefined Weak Reference
    __cxa_finalize                            - Undefined Weak Reference
    __rt_locale                               - Undefined Weak Reference
    __sigvec_lookup                           - Undefined Weak Reference
    _atexit_init                              - Undefined Weak Reference
    _call_atexit_fns                          - Undefined Weak Reference
    _clock_init                               - Undefined Weak Reference
    _fp_trap_init                             - Undefined Weak Reference
    _fp_trap_shutdown                         - Undefined Weak Reference
    _get_lc_collate                           - Undefined Weak Reference
    _get_lc_ctype                             - Undefined Weak Reference
    _get_lc_monetary                          - Undefined Weak Reference
    _get_lc_numeric                           - Undefined Weak Reference
    _get_lc_time                              - Undefined Weak Reference
    _getenv_init                              - Undefined Weak Reference
    _handle_redirection                       - Undefined Weak Reference
    _init_alloc                               - Undefined Weak Reference
    _init_user_alloc                          - Undefined Weak Reference
    _initio                                   - Undefined Weak Reference
    _rand_init                                - Undefined Weak Reference
    _signal_finish                            - Undefined Weak Reference
    _signal_init                              - Undefined Weak Reference
    _terminate_alloc                          - Undefined Weak Reference
    _terminate_user_alloc                     - Undefined Weak Reference
    _terminateio                              - Undefined Weak Reference
    __Vectors_Size                           0x00000188   Number         0  startup_stm32f407xx.o ABSOLUTE
    __Vectors                                0x08000000   Data           4  startup_stm32f407xx.o(RESET)
    __Vectors_End                            0x08000188   Data           0  startup_stm32f407xx.o(RESET)
    __main                                   0x08000189   Thumb Code     8  __main.o(!!!main)
    __scatterload                            0x08000191   Thumb Code     0  __scatter.o(!!!scatter)
    __scatterload_rt2                        0x08000191   Thumb Code    44  __scatter.o(!!!scatter)
    __scatterload_rt2_thumb_only             0x08000191   Thumb Code     0  __scatter.o(!!!scatter)
    __scatterload_null                       0x0800019f   Thumb Code     0  __scatter.o(!!!scatter)
    __scatterload_copy                       0x080001c5   Thumb Code    26  __scatter_copy.o(!!handler_copy)
    __scatterload_zeroinit                   0x080001e1   Thumb Code    28  __scatter_zi.o(!!handler_zi)
    __rt_lib_init                            0x080001fd   Thumb Code     0  libinit.o(.ARM.Collect$$libinit$$00000000)
    __rt_lib_init_fp_1                       0x080001ff   Thumb Code     0  libinit2.o(.ARM.Collect$$libinit$$00000001)
    __rt_lib_init_alloca_1                   0x08000203   Thumb Code     0  libinit2.o(.ARM.Collect$$libinit$$0000002E)
    __rt_lib_init_argv_1                     0x08000203   Thumb Code     0  libinit2.o(.ARM.Collect$$libinit$$0000002C)
    __rt_lib_init_atexit_1                   0x08000203   Thumb Code     0  libinit2.o(.ARM.Collect$$libinit$$0000001B)
    __rt_lib_init_clock_1                    0x08000203   Thumb Code     0  libinit2.o(.ARM.Collect$$libinit$$00000021)
    __rt_lib_init_cpp_2                      0x08000203   Thumb Code     0  libinit2.o(.ARM.Collect$$libinit$$00000031)
    __rt_lib_init_exceptions_1               0x08000203   Thumb Code     0  libinit2.o(.ARM.Collect$$libinit$$00000030)
    __rt_lib_init_fp_trap_1                  0x08000203   Thumb Code     0  libinit2.o(.ARM.Collect$$libinit$$0000001F)
    __rt_lib_init_getenv_1                   0x08000203   Thumb Code     0  libinit2.o(.ARM.Collect$$libinit$$00000023)
    __rt_lib_init_heap_1                     0x08000203   Thumb Code     0  libinit2.o(.ARM.Collect$$libinit$$0000000A)
    __rt_lib_init_lc_collate_1               0x08000203   Thumb Code     0  libinit2.o(.ARM.Collect$$libinit$$00000011)
    __rt_lib_init_lc_ctype_1                 0x08000203   Thumb Code     0  libinit2.o(.ARM.Collect$$libinit$$00000013)
    __rt_lib_init_lc_monetary_1              0x08000203   Thumb Code     0  libinit2.o(.ARM.Collect$$libinit$$00000015)
    __rt_lib_init_lc_numeric_1               0x08000203   Thumb Code     0  libinit2.o(.ARM.Collect$$libinit$$00000017)
    __rt_lib_init_lc_time_1                  0x08000203   Thumb Code     0  libinit2.o(.ARM.Collect$$libinit$$00000019)
    __rt_lib_init_preinit_1                  0x08000203   Thumb Code     0  libinit2.o(.ARM.Collect$$libinit$$00000004)
    __rt_lib_init_rand_1                     0x08000203   Thumb Code     0  libinit2.o(.ARM.Collect$$libinit$$0000000E)
    __rt_lib_init_signal_1                   0x08000203   Thumb Code     0  libinit2.o(.ARM.Collect$$libinit$$0000001D)
    __rt_lib_init_stdio_1                    0x08000203   Thumb Code     0  libinit2.o(.ARM.Collect$$libinit$$00000025)
    __rt_lib_init_user_alloc_1               0x08000203   Thumb Code     0  libinit2.o(.ARM.Collect$$libinit$$0000000C)
    __rt_lib_init_cpp_1                      0x08000207   Thumb Code     0  libinit2.o(.ARM.Collect$$libinit$$00000032)
    __rt_lib_init_return                     0x08000207   Thumb Code     0  libinit2.o(.ARM.Collect$$libinit$$00000033)
    __rt_lib_shutdown                        0x08000209   Thumb Code     0  libshutdown.o(.ARM.Collect$$libshutdown$$00000000)
    __rt_lib_shutdown_cpp_1                  0x0800020b   Thumb Code     0  libshutdown2.o(.ARM.Collect$$libshutdown$$00000002)
    __rt_lib_shutdown_fp_trap_1              0x0800020b   Thumb Code     0  libshutdown2.o(.ARM.Collect$$libshutdown$$00000007)
    __rt_lib_shutdown_heap_1                 0x0800020b   Thumb Code     0  libshutdown2.o(.ARM.Collect$$libshutdown$$0000000F)
    __rt_lib_shutdown_return                 0x0800020b   Thumb Code     0  libshutdown2.o(.ARM.Collect$$libshutdown$$00000010)
    __rt_lib_shutdown_signal_1               0x0800020b   Thumb Code     0  libshutdown2.o(.ARM.Collect$$libshutdown$$0000000A)
    __rt_lib_shutdown_stdio_1                0x0800020b   Thumb Code     0  libshutdown2.o(.ARM.Collect$$libshutdown$$00000004)
    __rt_lib_shutdown_user_alloc_1           0x0800020b   Thumb Code     0  libshutdown2.o(.ARM.Collect$$libshutdown$$0000000C)
    __rt_entry                               0x0800020d   Thumb Code     0  __rtentry.o(.ARM.Collect$$rtentry$$00000000)
    __rt_entry_presh_1                       0x0800020d   Thumb Code     0  __rtentry2.o(.ARM.Collect$$rtentry$$00000002)
    __rt_entry_sh                            0x0800020d   Thumb Code     0  __rtentry4.o(.ARM.Collect$$rtentry$$00000004)
    __rt_entry_li                            0x08000213   Thumb Code     0  __rtentry2.o(.ARM.Collect$$rtentry$$0000000A)
    __rt_entry_postsh_1                      0x08000213   Thumb Code     0  __rtentry2.o(.ARM.Collect$$rtentry$$00000009)
    __rt_entry_main                          0x08000217   Thumb Code     0  __rtentry2.o(.ARM.Collect$$rtentry$$0000000D)
    __rt_entry_postli_1                      0x08000217   Thumb Code     0  __rtentry2.o(.ARM.Collect$$rtentry$$0000000C)
    __rt_exit                                0x0800021f   Thumb Code     0  rtexit.o(.ARM.Collect$$rtexit$$00000000)
    __rt_exit_ls                             0x08000221   Thumb Code     0  rtexit2.o(.ARM.Collect$$rtexit$$00000003)
    __rt_exit_prels_1                        0x08000221   Thumb Code     0  rtexit2.o(.ARM.Collect$$rtexit$$00000002)
    __rt_exit_exit                           0x08000225   Thumb Code     0  rtexit2.o(.ARM.Collect$$rtexit$$00000004)
    Reset_Handler                            0x0800022d   Thumb Code     8  startup_stm32f407xx.o(.text)
    ADC_IRQHandler                           0x08000247   Thumb Code     0  startup_stm32f407xx.o(.text)
    CAN1_RX0_IRQHandler                      0x08000247   Thumb Code     0  startup_stm32f407xx.o(.text)
    CAN1_RX1_IRQHandler                      0x08000247   Thumb Code     0  startup_stm32f407xx.o(.text)
    CAN1_SCE_IRQHandler                      0x08000247   Thumb Code     0  startup_stm32f407xx.o(.text)
    CAN1_TX_IRQHandler                       0x08000247   Thumb Code     0  startup_stm32f407xx.o(.text)
    CAN2_RX0_IRQHandler                      0x08000247   Thumb Code     0  startup_stm32f407xx.o(.text)
    CAN2_RX1_IRQHandler                      0x08000247   Thumb Code     0  startup_stm32f407xx.o(.text)
    CAN2_SCE_IRQHandler                      0x08000247   Thumb Code     0  startup_stm32f407xx.o(.text)
    CAN2_TX_IRQHandler                       0x08000247   Thumb Code     0  startup_stm32f407xx.o(.text)
    DCMI_IRQHandler                          0x08000247   Thumb Code     0  startup_stm32f407xx.o(.text)
    DMA1_Stream0_IRQHandler                  0x08000247   Thumb Code     0  startup_stm32f407xx.o(.text)
    DMA1_Stream1_IRQHandler                  0x08000247   Thumb Code     0  startup_stm32f407xx.o(.text)
    DMA1_Stream2_IRQHandler                  0x08000247   Thumb Code     0  startup_stm32f407xx.o(.text)
    DMA1_Stream3_IRQHandler                  0x08000247   Thumb Code     0  startup_stm32f407xx.o(.text)
    DMA1_Stream4_IRQHandler                  0x08000247   Thumb Code     0  startup_stm32f407xx.o(.text)
    DMA1_Stream5_IRQHandler                  0x08000247   Thumb Code     0  startup_stm32f407xx.o(.text)
    DMA1_Stream6_IRQHandler                  0x08000247   Thumb Code     0  startup_stm32f407xx.o(.text)
    DMA1_Stream7_IRQHandler                  0x08000247   Thumb Code     0  startup_stm32f407xx.o(.text)
    DMA2_Stream1_IRQHandler                  0x08000247   Thumb Code     0  startup_stm32f407xx.o(.text)
    DMA2_Stream2_IRQHandler                  0x08000247   Thumb Code     0  startup_stm32f407xx.o(.text)
    DMA2_Stream3_IRQHandler                  0x08000247   Thumb Code     0  startup_stm32f407xx.o(.text)
    DMA2_Stream4_IRQHandler                  0x08000247   Thumb Code     0  startup_stm32f407xx.o(.text)
    DMA2_Stream5_IRQHandler                  0x08000247   Thumb Code     0  startup_stm32f407xx.o(.text)
    DMA2_Stream6_IRQHandler                  0x08000247   Thumb Code     0  startup_stm32f407xx.o(.text)
    DMA2_Stream7_IRQHandler                  0x08000247   Thumb Code     0  startup_stm32f407xx.o(.text)
    ETH_IRQHandler                           0x08000247   Thumb Code     0  startup_stm32f407xx.o(.text)
    ETH_WKUP_IRQHandler                      0x08000247   Thumb Code     0  startup_stm32f407xx.o(.text)
    EXTI0_IRQHandler                         0x08000247   Thumb Code     0  startup_stm32f407xx.o(.text)
    EXTI15_10_IRQHandler                     0x08000247   Thumb Code     0  startup_stm32f407xx.o(.text)
    EXTI1_IRQHandler                         0x08000247   Thumb Code     0  startup_stm32f407xx.o(.text)
    EXTI2_IRQHandler                         0x08000247   Thumb Code     0  startup_stm32f407xx.o(.text)
    EXTI3_IRQHandler                         0x08000247   Thumb Code     0  startup_stm32f407xx.o(.text)
    EXTI4_IRQHandler                         0x08000247   Thumb Code     0  startup_stm32f407xx.o(.text)
    EXTI9_5_IRQHandler                       0x08000247   Thumb Code     0  startup_stm32f407xx.o(.text)
    FLASH_IRQHandler                         0x08000247   Thumb Code     0  startup_stm32f407xx.o(.text)
    FMC_IRQHandler                           0x08000247   Thumb Code     0  startup_stm32f407xx.o(.text)
    FPU_IRQHandler                           0x08000247   Thumb Code     0  startup_stm32f407xx.o(.text)
    HASH_RNG_IRQHandler                      0x08000247   Thumb Code     0  startup_stm32f407xx.o(.text)
    I2C1_ER_IRQHandler                       0x08000247   Thumb Code     0  startup_stm32f407xx.o(.text)
    I2C1_EV_IRQHandler                       0x08000247   Thumb Code     0  startup_stm32f407xx.o(.text)
    I2C2_ER_IRQHandler                       0x08000247   Thumb Code     0  startup_stm32f407xx.o(.text)
    I2C2_EV_IRQHandler                       0x08000247   Thumb Code     0  startup_stm32f407xx.o(.text)
    I2C3_ER_IRQHandler                       0x08000247   Thumb Code     0  startup_stm32f407xx.o(.text)
    I2C3_EV_IRQHandler                       0x08000247   Thumb Code     0  startup_stm32f407xx.o(.text)
    OTG_FS_IRQHandler                        0x08000247   Thumb Code     0  startup_stm32f407xx.o(.text)
    OTG_FS_WKUP_IRQHandler                   0x08000247   Thumb Code     0  startup_stm32f407xx.o(.text)
    OTG_HS_EP1_IN_IRQHandler                 0x08000247   Thumb Code     0  startup_stm32f407xx.o(.text)
    OTG_HS_EP1_OUT_IRQHandler                0x08000247   Thumb Code     0  startup_stm32f407xx.o(.text)
    OTG_HS_IRQHandler                        0x08000247   Thumb Code     0  startup_stm32f407xx.o(.text)
    OTG_HS_WKUP_IRQHandler                   0x08000247   Thumb Code     0  startup_stm32f407xx.o(.text)
    PVD_IRQHandler                           0x08000247   Thumb Code     0  startup_stm32f407xx.o(.text)
    RCC_IRQHandler                           0x08000247   Thumb Code     0  startup_stm32f407xx.o(.text)
    RTC_Alarm_IRQHandler                     0x08000247   Thumb Code     0  startup_stm32f407xx.o(.text)
    RTC_WKUP_IRQHandler                      0x08000247   Thumb Code     0  startup_stm32f407xx.o(.text)
    SDIO_IRQHandler                          0x08000247   Thumb Code     0  startup_stm32f407xx.o(.text)
    SPI1_IRQHandler                          0x08000247   Thumb Code     0  startup_stm32f407xx.o(.text)
    SPI2_IRQHandler                          0x08000247   Thumb Code     0  startup_stm32f407xx.o(.text)
    SPI3_IRQHandler                          0x08000247   Thumb Code     0  startup_stm32f407xx.o(.text)
    TAMP_STAMP_IRQHandler                    0x08000247   Thumb Code     0  startup_stm32f407xx.o(.text)
    TIM1_BRK_TIM9_IRQHandler                 0x08000247   Thumb Code     0  startup_stm32f407xx.o(.text)
    TIM1_CC_IRQHandler                       0x08000247   Thumb Code     0  startup_stm32f407xx.o(.text)
    TIM1_TRG_COM_TIM11_IRQHandler            0x08000247   Thumb Code     0  startup_stm32f407xx.o(.text)
    TIM1_UP_TIM10_IRQHandler                 0x08000247   Thumb Code     0  startup_stm32f407xx.o(.text)
    TIM6_DAC_IRQHandler                      0x08000247   Thumb Code     0  startup_stm32f407xx.o(.text)
    TIM7_IRQHandler                          0x08000247   Thumb Code     0  startup_stm32f407xx.o(.text)
    TIM8_BRK_TIM12_IRQHandler                0x08000247   Thumb Code     0  startup_stm32f407xx.o(.text)
    TIM8_CC_IRQHandler                       0x08000247   Thumb Code     0  startup_stm32f407xx.o(.text)
    TIM8_TRG_COM_TIM14_IRQHandler            0x08000247   Thumb Code     0  startup_stm32f407xx.o(.text)
    TIM8_UP_TIM13_IRQHandler                 0x08000247   Thumb Code     0  startup_stm32f407xx.o(.text)
    UART4_IRQHandler                         0x08000247   Thumb Code     0  startup_stm32f407xx.o(.text)
    UART5_IRQHandler                         0x08000247   Thumb Code     0  startup_stm32f407xx.o(.text)
    USART2_IRQHandler                        0x08000247   Thumb Code     0  startup_stm32f407xx.o(.text)
    USART3_IRQHandler                        0x08000247   Thumb Code     0  startup_stm32f407xx.o(.text)
    USART6_IRQHandler                        0x08000247   Thumb Code     0  startup_stm32f407xx.o(.text)
    WWDG_IRQHandler                          0x08000247   Thumb Code     0  startup_stm32f407xx.o(.text)
    __user_initial_stackheap                 0x08000249   Thumb Code     0  startup_stm32f407xx.o(.text)
    __aeabi_uldivmod                         0x0800026d   Thumb Code     0  lludivv7m.o(.text)
    _ll_udiv                                 0x0800026d   Thumb Code   238  lludivv7m.o(.text)
    __use_two_region_memory                  0x0800035b   Thumb Code     2  heapauxi.o(.text)
    __rt_heap_escrow$2region                 0x0800035d   Thumb Code     2  heapauxi.o(.text)
    __rt_heap_expand$2region                 0x0800035f   Thumb Code     2  heapauxi.o(.text)
    __cpp_initialize__aeabi_                 0x08000361   Thumb Code    26  init_aeabi.o(.text)
    __user_setup_stackheap                   0x08000385   Thumb Code    74  sys_stackheap_outer.o(.text)
    exit                                     0x080003cf   Thumb Code    18  exit.o(.text)
    __user_libspace                          0x080003e1   Thumb Code     8  libspace.o(.text)
    __user_perproc_libspace                  0x080003e1   Thumb Code     0  libspace.o(.text)
    __user_perthread_libspace                0x080003e1   Thumb Code     0  libspace.o(.text)
    _sys_exit                                0x080003e9   Thumb Code     8  sys_exit.o(.text)
    __I$use$semihosting                      0x080003f5   Thumb Code     0  use_no_semi.o(.text)
    __use_no_semihosting_swi                 0x080003f5   Thumb Code     2  use_no_semi.o(.text)
    __semihosting_library_function           0x080003f7   Thumb Code     0  indicate_semi.o(.text)
    BusFault_Handler                         0x0800047d   Thumb Code     2  stm32f4xx_it.o(.text.BusFault_Handler)
    CCD_Handler                              0x08000481   Thumb Code    12  task.o(.text.CCD_Handler)
    DMA2_Stream0_IRQHandler                  0x0800048d   Thumb Code    12  stm32f4xx_it.o(.text.DMA2_Stream0_IRQHandler)
    DebugMon_Handler                         0x08000499   Thumb Code     2  stm32f4xx_it.o(.text.DebugMon_Handler)
    Error_Handler                            0x0800049d   Thumb Code    10  main.o(.text.Error_Handler)
    HAL_ADC_ConfigChannel                    0x080004a9   Thumb Code   292  stm32f4xx_hal_adc.o(.text.HAL_ADC_ConfigChannel)
    HAL_ADC_ConvCpltCallback                 0x080005cd   Thumb Code     2  stm32f4xx_hal_adc.o(.text.HAL_ADC_ConvCpltCallback)
    HAL_ADC_ConvHalfCpltCallback             0x080005d1   Thumb Code     2  stm32f4xx_hal_adc.o(.text.HAL_ADC_ConvHalfCpltCallback)
    HAL_ADC_ErrorCallback                    0x080005d5   Thumb Code     2  stm32f4xx_hal_adc.o(.text.HAL_ADC_ErrorCallback)
    HAL_ADC_GetValue                         0x080005d9   Thumb Code     6  stm32f4xx_hal_adc.o(.text.HAL_ADC_GetValue)
    HAL_ADC_Init                             0x080005e1   Thumb Code   328  stm32f4xx_hal_adc.o(.text.HAL_ADC_Init)
    HAL_ADC_MspInit                          0x08000729   Thumb Code   388  adc.o(.text.HAL_ADC_MspInit)
    HAL_ADC_PollForConversion                0x080008ad   Thumb Code   176  stm32f4xx_hal_adc.o(.text.HAL_ADC_PollForConversion)
    HAL_ADC_Start                            0x0800095d   Thumb Code   298  stm32f4xx_hal_adc.o(.text.HAL_ADC_Start)
    HAL_ADC_Start_DMA                        0x08000a89   Thumb Code   390  stm32f4xx_hal_adc.o(.text.HAL_ADC_Start_DMA)
    HAL_ADC_Stop                             0x08000c11   Thumb Code    58  stm32f4xx_hal_adc.o(.text.HAL_ADC_Stop)
    HAL_CAN_Init                             0x08000c4d   Thumb Code   256  stm32f4xx_hal_can.o(.text.HAL_CAN_Init)
    HAL_CAN_MspInit                          0x08000d4d   Thumb Code   290  can.o(.text.HAL_CAN_MspInit)
    HAL_DMA_Abort                            0x08000e71   Thumb Code   128  stm32f4xx_hal_dma.o(.text.HAL_DMA_Abort)
    HAL_DMA_Abort_IT                         0x08000ef1   Thumb Code    36  stm32f4xx_hal_dma.o(.text.HAL_DMA_Abort_IT)
    HAL_DMA_IRQHandler                       0x08000f15   Thumb Code   444  stm32f4xx_hal_dma.o(.text.HAL_DMA_IRQHandler)
    HAL_DMA_Init                             0x080010d1   Thumb Code   338  stm32f4xx_hal_dma.o(.text.HAL_DMA_Init)
    HAL_DMA_Start_IT                         0x08001225   Thumb Code   160  stm32f4xx_hal_dma.o(.text.HAL_DMA_Start_IT)
    HAL_Delay                                0x080012c5   Thumb Code    40  stm32f4xx_hal.o(.text.HAL_Delay)
    HAL_GPIO_Init                            0x080012ed   Thumb Code   444  stm32f4xx_hal_gpio.o(.text.HAL_GPIO_Init)
    HAL_GPIO_ReadPin                         0x080014a9   Thumb Code    10  stm32f4xx_hal_gpio.o(.text.HAL_GPIO_ReadPin)
    HAL_GPIO_TogglePin                       0x080014b5   Thumb Code    16  stm32f4xx_hal_gpio.o(.text.HAL_GPIO_TogglePin)
    HAL_GPIO_WritePin                        0x080014c5   Thumb Code    10  stm32f4xx_hal_gpio.o(.text.HAL_GPIO_WritePin)
    HAL_GetTick                              0x080014d1   Thumb Code    12  stm32f4xx_hal.o(.text.HAL_GetTick)
    HAL_I2C_Init                             0x080014dd   Thumb Code   412  stm32f4xx_hal_i2c.o(.text.HAL_I2C_Init)
    HAL_I2C_MspInit                          0x08001679   Thumb Code   216  i2c.o(.text.HAL_I2C_MspInit)
    HAL_IncTick                              0x08001751   Thumb Code    26  stm32f4xx_hal.o(.text.HAL_IncTick)
    HAL_Init                                 0x0800176d   Thumb Code    54  stm32f4xx_hal.o(.text.HAL_Init)
    HAL_InitTick                             0x080017a5   Thumb Code    76  stm32f4xx_hal.o(.text.HAL_InitTick)
    HAL_MspInit                              0x080017f1   Thumb Code    56  stm32f4xx_hal_msp.o(.text.HAL_MspInit)
    HAL_NVIC_EnableIRQ                       0x08001829   Thumb Code    32  stm32f4xx_hal_cortex.o(.text.HAL_NVIC_EnableIRQ)
    HAL_NVIC_SetPriority                     0x08001849   Thumb Code    92  stm32f4xx_hal_cortex.o(.text.HAL_NVIC_SetPriority)
    HAL_NVIC_SetPriorityGrouping             0x080018a5   Thumb Code    32  stm32f4xx_hal_cortex.o(.text.HAL_NVIC_SetPriorityGrouping)
    HAL_RCC_ClockConfig                      0x080018c5   Thumb Code   352  stm32f4xx_hal_rcc.o(.text.HAL_RCC_ClockConfig)
    HAL_RCC_GetPCLK1Freq                     0x08001a25   Thumb Code    38  stm32f4xx_hal_rcc.o(.text.HAL_RCC_GetPCLK1Freq)
    HAL_RCC_GetPCLK2Freq                     0x08001a4d   Thumb Code    38  stm32f4xx_hal_rcc.o(.text.HAL_RCC_GetPCLK2Freq)
    HAL_RCC_GetSysClockFreq                  0x08001a75   Thumb Code   106  stm32f4xx_hal_rcc.o(.text.HAL_RCC_GetSysClockFreq)
    HAL_RCC_OscConfig                        0x08001ae1   Thumb Code   832  stm32f4xx_hal_rcc.o(.text.HAL_RCC_OscConfig)
    HAL_SPI_Init                             0x08001e21   Thumb Code   198  stm32f4xx_hal_spi.o(.text.HAL_SPI_Init)
    HAL_SPI_MspInit                          0x08001ee9   Thumb Code   172  spi.o(.text.HAL_SPI_MspInit)
    HAL_SPI_Receive                          0x08001f95   Thumb Code   342  stm32f4xx_hal_spi.o(.text.HAL_SPI_Receive)
    HAL_SPI_Transmit                         0x080020ed   Thumb Code   504  stm32f4xx_hal_spi.o(.text.HAL_SPI_Transmit)
    HAL_SPI_TransmitReceive                  0x080022e5   Thumb Code   600  stm32f4xx_hal_spi.o(.text.HAL_SPI_TransmitReceive)
    HAL_SYSTICK_Config                       0x0800253d   Thumb Code    44  stm32f4xx_hal_cortex.o(.text.HAL_SYSTICK_Config)
    HAL_TIMEx_BreakCallback                  0x08002569   Thumb Code     2  stm32f4xx_hal_tim_ex.o(.text.HAL_TIMEx_BreakCallback)
    HAL_TIMEx_CommutCallback                 0x0800256d   Thumb Code     2  stm32f4xx_hal_tim_ex.o(.text.HAL_TIMEx_CommutCallback)
    HAL_TIMEx_ConfigBreakDeadTime            0x08002571   Thumb Code    82  stm32f4xx_hal_tim_ex.o(.text.HAL_TIMEx_ConfigBreakDeadTime)
    HAL_TIMEx_MasterConfigSynchronization    0x080025c5   Thumb Code   186  stm32f4xx_hal_tim_ex.o(.text.HAL_TIMEx_MasterConfigSynchronization)
    HAL_TIM_Base_Init                        0x08002681   Thumb Code    90  stm32f4xx_hal_tim.o(.text.HAL_TIM_Base_Init)
    HAL_TIM_Base_MspInit                     0x080026dd   Thumb Code   264  tim.o(.text.HAL_TIM_Base_MspInit)
    HAL_TIM_Base_Start_IT                    0x080027e5   Thumb Code   176  stm32f4xx_hal_tim.o(.text.HAL_TIM_Base_Start_IT)
    HAL_TIM_ConfigClockSource                0x08002895   Thumb Code   408  stm32f4xx_hal_tim.o(.text.HAL_TIM_ConfigClockSource)
    HAL_TIM_Encoder_Init                     0x08002a2d   Thumb Code   178  stm32f4xx_hal_tim.o(.text.HAL_TIM_Encoder_Init)
    HAL_TIM_Encoder_MspInit                  0x08002ae1   Thumb Code   392  tim.o(.text.HAL_TIM_Encoder_MspInit)
    HAL_TIM_Encoder_Start                    0x08002c69   Thumb Code   174  stm32f4xx_hal_tim.o(.text.HAL_TIM_Encoder_Start)
    HAL_TIM_IC_CaptureCallback               0x08002d19   Thumb Code     2  stm32f4xx_hal_tim.o(.text.HAL_TIM_IC_CaptureCallback)
    HAL_TIM_IRQHandler                       0x08002d1d   Thumb Code   362  stm32f4xx_hal_tim.o(.text.HAL_TIM_IRQHandler)
    HAL_TIM_MspPostInit                      0x08002e89   Thumb Code   392  tim.o(.text.HAL_TIM_MspPostInit)
    HAL_TIM_OC_DelayElapsedCallback          0x08003011   Thumb Code     2  stm32f4xx_hal_tim.o(.text.HAL_TIM_OC_DelayElapsedCallback)
    HAL_TIM_PWM_ConfigChannel                0x08003015   Thumb Code   548  stm32f4xx_hal_tim.o(.text.HAL_TIM_PWM_ConfigChannel)
    HAL_TIM_PWM_Init                         0x08003239   Thumb Code    90  stm32f4xx_hal_tim.o(.text.HAL_TIM_PWM_Init)
    HAL_TIM_PWM_MspInit                      0x08003295   Thumb Code     2  stm32f4xx_hal_tim.o(.text.HAL_TIM_PWM_MspInit)
    HAL_TIM_PWM_PulseFinishedCallback        0x08003299   Thumb Code     2  stm32f4xx_hal_tim.o(.text.HAL_TIM_PWM_PulseFinishedCallback)
    HAL_TIM_PWM_Start                        0x0800329d   Thumb Code   300  stm32f4xx_hal_tim.o(.text.HAL_TIM_PWM_Start)
    HAL_TIM_PeriodElapsedCallback            0x080033c9   Thumb Code    50  task.o(.text.HAL_TIM_PeriodElapsedCallback)
    HAL_TIM_TriggerCallback                  0x080033fd   Thumb Code     2  stm32f4xx_hal_tim.o(.text.HAL_TIM_TriggerCallback)
    HAL_UARTEx_RxEventCallback               0x08003401   Thumb Code     2  stm32f4xx_hal_uart.o(.text.HAL_UARTEx_RxEventCallback)
    HAL_UART_ErrorCallback                   0x08003405   Thumb Code     2  stm32f4xx_hal_uart.o(.text.HAL_UART_ErrorCallback)
    HAL_UART_IRQHandler                      0x08003409   Thumb Code  1400  stm32f4xx_hal_uart.o(.text.HAL_UART_IRQHandler)
    HAL_UART_Init                            0x08003981   Thumb Code    94  stm32f4xx_hal_uart.o(.text.HAL_UART_Init)
    HAL_UART_MspInit                         0x080039e1   Thumb Code   336  usart.o(.text.HAL_UART_MspInit)
    HAL_UART_Receive_IT                      0x08003b31   Thumb Code    98  stm32f4xx_hal_uart.o(.text.HAL_UART_Receive_IT)
    HAL_UART_RxCpltCallback                  0x08003b95   Thumb Code   138  task.o(.text.HAL_UART_RxCpltCallback)
    HAL_UART_Transmit                        0x08003c21   Thumb Code   584  stm32f4xx_hal_uart.o(.text.HAL_UART_Transmit)
    HAL_UART_TxCpltCallback                  0x08003e69   Thumb Code     2  stm32f4xx_hal_uart.o(.text.HAL_UART_TxCpltCallback)
    HardFault_Handler                        0x08003e6d   Thumb Code     2  stm32f4xx_it.o(.text.HardFault_Handler)
    MX_ADC1_Init                             0x08003e71   Thumb Code   116  adc.o(.text.MX_ADC1_Init)
    MX_ADC2_Init                             0x08003ee5   Thumb Code   118  adc.o(.text.MX_ADC2_Init)
    MX_ADC3_Init                             0x08003f5d   Thumb Code   118  adc.o(.text.MX_ADC3_Init)
    MX_CAN1_Init                             0x08003fd5   Thumb Code    56  can.o(.text.MX_CAN1_Init)
    MX_CAN2_Init                             0x0800400d   Thumb Code    56  can.o(.text.MX_CAN2_Init)
    MX_DMA_Init                              0x08004045   Thumb Code    56  dma.o(.text.MX_DMA_Init)
    MX_GPIO_Init                             0x0800407d   Thumb Code   308  gpio.o(.text.MX_GPIO_Init)
    MX_I2C1_Init                             0x080041b1   Thumb Code    68  i2c.o(.text.MX_I2C1_Init)
    MX_I2C2_Init                             0x080041f5   Thumb Code    68  i2c.o(.text.MX_I2C2_Init)
    MX_SPI2_Init                             0x08004239   Thumb Code    76  spi.o(.text.MX_SPI2_Init)
    MX_TIM12_Init                            0x08004285   Thumb Code   198  tim.o(.text.MX_TIM12_Init)
    MX_TIM1_Init                             0x0800434d   Thumb Code   338  tim.o(.text.MX_TIM1_Init)
    MX_TIM2_Init                             0x080044a1   Thumb Code   104  tim.o(.text.MX_TIM2_Init)
    MX_TIM3_Init                             0x08004509   Thumb Code   108  tim.o(.text.MX_TIM3_Init)
    MX_TIM4_Init                             0x08004575   Thumb Code   208  tim.o(.text.MX_TIM4_Init)
    MX_TIM5_Init                             0x08004645   Thumb Code   108  tim.o(.text.MX_TIM5_Init)
    MX_TIM8_Init                             0x080046b1   Thumb Code   340  tim.o(.text.MX_TIM8_Init)
    MX_TIM9_Init                             0x08004805   Thumb Code   200  tim.o(.text.MX_TIM9_Init)
    MX_USART1_UART_Init                      0x080048cd   Thumb Code    62  usart.o(.text.MX_USART1_UART_Init)
    MX_USART2_UART_Init                      0x0800490d   Thumb Code    62  usart.o(.text.MX_USART2_UART_Init)
    MX_USART3_UART_Init                      0x0800494d   Thumb Code    62  usart.o(.text.MX_USART3_UART_Init)
    MemManage_Handler                        0x0800498d   Thumb Code     2  stm32f4xx_it.o(.text.MemManage_Handler)
    NMI_Handler                              0x08004991   Thumb Code     2  stm32f4xx_it.o(.text.NMI_Handler)
    PendSV_Handler                           0x08004995   Thumb Code     2  stm32f4xx_it.o(.text.PendSV_Handler)
    SVC_Handler                              0x08004ad1   Thumb Code     2  stm32f4xx_it.o(.text.SVC_Handler)
    SysTick_Handler                          0x08004ad5   Thumb Code    14  stm32f4xx_it.o(.text.SysTick_Handler)
    SystemClock_Config                       0x08004ae5   Thumb Code   174  main.o(.text.SystemClock_Config)
    SystemInit                               0x08004b95   Thumb Code    18  system_stm32f4xx.o(.text.SystemInit)
    TIM2_IRQHandler                          0x08004ba9   Thumb Code    12  stm32f4xx_it.o(.text.TIM2_IRQHandler)
    TIM3_IRQHandler                          0x08004bb5   Thumb Code    12  stm32f4xx_it.o(.text.TIM3_IRQHandler)
    TIM4_IRQHandler                          0x08004bc1   Thumb Code    22  stm32f4xx_it.o(.text.TIM4_IRQHandler)
    TIM5_IRQHandler                          0x08004bd9   Thumb Code    12  stm32f4xx_it.o(.text.TIM5_IRQHandler)
    TIM_Base_SetConfig                       0x08004be5   Thumb Code   294  stm32f4xx_hal_tim.o(.text.TIM_Base_SetConfig)
    USART1_IRQHandler                        0x08004ef5   Thumb Code    26  stm32f4xx_it.o(.text.USART1_IRQHandler)
    UsageFault_Handler                       0x08004f11   Thumb Code     2  stm32f4xx_it.o(.text.UsageFault_Handler)
    CCD::init()                              0x08004fe1   Thumb Code    14  ccd.o(.text._ZN3CCD4initEv)
    CCD::Handler()                           0x08004ff1   Thumb Code    44  ccd.o(.text._ZN3CCD7HandlerEv)
    CCD::SI_send()                           0x0800501d   Thumb Code   110  ccd.o(.text._ZN3CCD7SI_sendEv)
    IMU::init()                              0x0800508d   Thumb Code    20  imu.o(.text._ZN3IMU4initEv)
    IMU::Handler()                           0x080050a1   Thumb Code   314  imu.o(.text._ZN3IMU7HandlerEv)
    Remote::process_data(unsigned short*)    0x080051dd   Thumb Code    60  remote.o(.text._ZN6Remote12process_dataEPt)
    Remote::Handler()                        0x08005219   Thumb Code    32  remote.o(.text._ZN6Remote7HandlerEv)
    Remote::Remote(__UART_HandleTypeDef*)    0x08005239   Thumb Code    14  remote.o(.text._ZN6RemoteC2EP20__UART_HandleTypeDef)
    Remote::Remote__sub_object(__UART_HandleTypeDef*) 0x08005239   Thumb Code    14  remote.o(.text._ZN6RemoteC2EP20__UART_HandleTypeDef)
    Encoder::overflow_update()               0x08005249   Thumb Code    34  encoder.o(.text._ZN7Encoder15overflow_updateEv)
    Encoder::init()                          0x0800526d   Thumb Code    22  encoder.o(.text._ZN7Encoder4initEv)
    Encoder::Handler()                       0x08005285   Thumb Code    34  encoder.o(.text._ZN7Encoder7HandlerEv)
    Encoder::Encoder(TIM_HandleTypeDef*)     0x080052a9   Thumb Code    14  encoder.o(.text._ZN7EncoderC2EP17TIM_HandleTypeDef)
    Encoder::Encoder__sub_object(TIM_HandleTypeDef*) 0x080052a9   Thumb Code    14  encoder.o(.text._ZN7EncoderC2EP17TIM_HandleTypeDef)
    N20_Motor::output_intensity()            0x080052b9   Thumb Code   596  n20_motor.o(.text._ZN9N20_Motor16output_intensityEv)
    N20_Motor::measure_parameter()           0x08005511   Thumb Code   276  n20_motor.o(.text._ZN9N20_Motor17measure_parameterEv)
    N20_Motor::init()                        0x08005625   Thumb Code    24  n20_motor.o(.text._ZN9N20_Motor4initEv)
    N20_Motor::Handler()                     0x0800563d   Thumb Code    18  n20_motor.o(.text._ZN9N20_Motor7HandlerEv)
    N20_Motor::N20_Motor(TIM_HandleTypeDef*, unsigned, unsigned, Encoder*, float, float, float) 0x08005651   Thumb Code    32  n20_motor.o(.text._ZN9N20_MotorC2EP17TIM_HandleTypeDefjjP7Encoderfff)
    N20_Motor::N20_Motor__sub_object(TIM_HandleTypeDef*, unsigned, unsigned, Encoder*, float, float, float) 0x08005651   Thumb Code    32  n20_motor.o(.text._ZN9N20_MotorC2EP17TIM_HandleTypeDefjjP7Encoderfff)
    imu660ra_get_acc                         0x08005671   Thumb Code   124  imu660.o(.text.imu660ra_get_acc)
    imu660ra_get_gyro                        0x080056ed   Thumb Code   124  imu660.o(.text.imu660ra_get_gyro)
    imu660ra_init                            0x08005769   Thumb Code   898  imu660.o(.text.imu660ra_init)
    loop                                     0x08005af1   Thumb Code   316  task.o(.text.loop)
    main                                     0x08005c2d   Thumb Code   102  main.o(.text.main)
    setup                                    0x08005c95   Thumb Code   100  task.o(.text.setup)
    task_handler                             0x08005cf9   Thumb Code   138  task.o(.text.task_handler)
    __aeabi_d2f                              0x08005d85   Thumb Code     0  d2f.o(x$fpl$d2f)
    _d2f                                     0x08005d85   Thumb Code    98  d2f.o(x$fpl$d2f)
    __aeabi_dadd                             0x08005de9   Thumb Code     0  daddsub_clz.o(x$fpl$dadd)
    _dadd                                    0x08005de9   Thumb Code   332  daddsub_clz.o(x$fpl$dadd)
    __aeabi_dmul                             0x08005f39   Thumb Code     0  dmul.o(x$fpl$dmul)
    _dmul                                    0x08005f39   Thumb Code   332  dmul.o(x$fpl$dmul)
    __fpl_dnaninf                            0x0800608d   Thumb Code   156  dnaninf.o(x$fpl$dnaninf)
    __fpl_dretinf                            0x08006129   Thumb Code    12  dretinf.o(x$fpl$dretinf)
    __aeabi_dsub                             0x08006135   Thumb Code     0  daddsub_clz.o(x$fpl$dsub)
    _dsub                                    0x08006135   Thumb Code   464  daddsub_clz.o(x$fpl$dsub)
    __aeabi_f2d                              0x08006309   Thumb Code     0  f2d.o(x$fpl$f2d)
    _f2d                                     0x08006309   Thumb Code    86  f2d.o(x$fpl$f2d)
    __fpl_fnaninf                            0x0800635f   Thumb Code   140  fnaninf.o(x$fpl$fnaninf)
    _fp_init                                 0x080063eb   Thumb Code    26  fpinit.o(x$fpl$fpinit)
    __fplib_config_fpu_vfp                   0x08006403   Thumb Code     0  fpinit.o(x$fpl$fpinit)
    __fplib_config_pureend_doubles           0x08006403   Thumb Code     0  fpinit.o(x$fpl$fpinit)
    __fpl_fretinf                            0x08006405   Thumb Code    10  fretinf.o(x$fpl$fretinf)
    AHBPrescTable                            0x0800640e   Data          16  system_stm32f4xx.o(.rodata.AHBPrescTable)
    __I$use$fp                               0x0800640e   Number         0  usenofp.o(x$fpl$usenofp)
    APBPrescTable                            0x0800641e   Data           8  system_stm32f4xx.o(.rodata.APBPrescTable)
    imu660ra_config_file                     0x0800642e   Data        8192  imu660.o(.rodata.imu660ra_config_file)
    Region$$Table$$Base                      0x08008430   Number         0  anon$$obj.o(Region$$Table)
    Region$$Table$$Limit                     0x08008450   Number         0  anon$$obj.o(Region$$Table)
    SHT$$INIT_ARRAY$$Base                    0x08008450   Number         0  task.o(.init_array)
    SHT$$INIT_ARRAY$$Limit                   0x08008454   Number         0  init_aeabi.o(.init_array)
    SystemCoreClock                          0x20000000   Data           4  system_stm32f4xx.o(.data.SystemCoreClock)
    end_flag                                 0x20000004   Data           2  task.o(.data.end_flag)
    imu660ra_transition_factor               0x20000008   Data           8  imu660.o(.data.imu660ra_transition_factor)
    start_flag                               0x20000010   Data           2  task.o(.data.start_flag)
    uwTickFreq                               0x20000012   Data           1  stm32f4xx_hal.o(.data.uwTickFreq)
    uwTickPrio                               0x20000014   Data           4  stm32f4xx_hal.o(.data.uwTickPrio)
    vpwr                                     0x20000018   Data           4  task.o(.data.vpwr)
    vpwr_th                                  0x2000001c   Data           4  task.o(.data.vpwr_th)
    __libspace_start                         0x20000020   Data          96  libspace.o(.bss)
    __temporary_stack_top$libspace           0x20000080   Data           0  libspace.o(.bss)
    ccd                                      0x20000084   Data         264  task.o(.bss.ccd)
    hadc1                                    0x2000018c   Data          72  adc.o(.bss.hadc1)
    hadc2                                    0x200001d4   Data          72  adc.o(.bss.hadc2)
    hadc3                                    0x2000021c   Data          72  adc.o(.bss.hadc3)
    hcan1                                    0x20000264   Data          40  can.o(.bss.hcan1)
    hcan2                                    0x2000028c   Data          40  can.o(.bss.hcan2)
    hdma_adc3                                0x200002b4   Data          96  adc.o(.bss.hdma_adc3)
    hi2c1                                    0x20000314   Data          84  i2c.o(.bss.hi2c1)
    hi2c2                                    0x20000368   Data          84  i2c.o(.bss.hi2c2)
    hspi2                                    0x200003bc   Data          88  spi.o(.bss.hspi2)
    htim1                                    0x20000414   Data          72  tim.o(.bss.htim1)
    htim12                                   0x2000045c   Data          72  tim.o(.bss.htim12)
    htim2                                    0x200004a4   Data          72  tim.o(.bss.htim2)
    htim3                                    0x200004ec   Data          72  tim.o(.bss.htim3)
    htim4                                    0x20000534   Data          72  tim.o(.bss.htim4)
    htim5                                    0x2000057c   Data          72  tim.o(.bss.htim5)
    htim8                                    0x200005c4   Data          72  tim.o(.bss.htim8)
    htim9                                    0x2000060c   Data          72  tim.o(.bss.htim9)
    huart1                                   0x20000654   Data          68  usart.o(.bss.huart1)
    huart2                                   0x20000698   Data          68  usart.o(.bss.huart2)
    huart3                                   0x200006dc   Data          68  usart.o(.bss.huart3)
    imu                                      0x20000720   Data          32  task.o(.bss.imu)
    imu660ra_acc_x                           0x20000740   Data           2  imu660.o(.bss.imu660ra_acc_x)
    imu660ra_acc_y                           0x20000742   Data           2  imu660.o(.bss.imu660ra_acc_y)
    imu660ra_acc_z                           0x20000744   Data           2  imu660.o(.bss.imu660ra_acc_z)
    imu660ra_gyro_x                          0x20000746   Data           2  imu660.o(.bss.imu660ra_gyro_x)
    imu660ra_gyro_y                          0x20000748   Data           2  imu660.o(.bss.imu660ra_gyro_y)
    imu660ra_gyro_z                          0x2000074a   Data           2  imu660.o(.bss.imu660ra_gyro_z)
    imu660ra_state                           0x2000074c   Data           4  imu660.o(.bss.imu660ra_state)
    left_encoder                             0x20000750   Data          20  task.o(.bss.left_encoder)
    left_motor                               0x20000764   Data          40  task.o(.bss.left_motor)
    pwr_cnt                                  0x2000078c   Data           4  task.o(.bss.pwr_cnt)
    remote                                   0x20000790   Data          20  task.o(.bss.remote)
    right_encoder                            0x200007a4   Data          20  task.o(.bss.right_encoder)
    right_motor                              0x200007b8   Data          40  task.o(.bss.right_motor)
    uart1_cnt                                0x200007e0   Data           4  stm32f4xx_it.o(.bss.uart1_cnt)
    uart1_rx_buf                             0x200007e4   Data         100  task.o(.bss.uart1_rx_buf)
    uart1_rx_len                             0x20000848   Data           2  task.o(.bss.uart1_rx_len)
    uart1_state                              0x2000084c   Data           4  task.o(.bss.uart1_state)
    uwTick                                   0x20000850   Data           4  stm32f4xx_hal.o(.bss.uwTick)



==============================================================================

Memory Map of the image

  Image Entry point : 0x08000189

  Load Region LR_IROM1 (Base: 0x08000000, Size: 0x00008478, Max: 0x00080000, ABSOLUTE)

    Execution Region ER_IROM1 (Exec base: 0x08000000, Load base: 0x08000000, Size: 0x00008454, Max: 0x00080000, ABSOLUTE)

    Exec Addr    Load Addr    Size         Type   Attr      Idx    E Section Name        Object

    0x08000000   0x08000000   0x00000188   Data   RO            3    RESET               startup_stm32f407xx.o
    0x08000188   0x08000188   0x00000008   Code   RO         1675  * !!!main             c_w.l(__main.o)
    0x08000190   0x08000190   0x00000034   Code   RO         1875    !!!scatter          c_w.l(__scatter.o)
    0x080001c4   0x080001c4   0x0000001a   Code   RO         1877    !!handler_copy      c_w.l(__scatter_copy.o)
    0x080001de   0x080001de   0x00000002   PAD
    0x080001e0   0x080001e0   0x0000001c   Code   RO         1879    !!handler_zi        c_w.l(__scatter_zi.o)
    0x080001fc   0x080001fc   0x00000002   Code   RO         1792    .ARM.Collect$$libinit$$00000000  c_w.l(libinit.o)
    0x080001fe   0x080001fe   0x00000004   Code   RO         1700    .ARM.Collect$$libinit$$00000001  c_w.l(libinit2.o)
    0x08000202   0x08000202   0x00000000   Code   RO         1703    .ARM.Collect$$libinit$$00000004  c_w.l(libinit2.o)
    0x08000202   0x08000202   0x00000000   Code   RO         1706    .ARM.Collect$$libinit$$0000000A  c_w.l(libinit2.o)
    0x08000202   0x08000202   0x00000000   Code   RO         1708    .ARM.Collect$$libinit$$0000000C  c_w.l(libinit2.o)
    0x08000202   0x08000202   0x00000000   Code   RO         1710    .ARM.Collect$$libinit$$0000000E  c_w.l(libinit2.o)
    0x08000202   0x08000202   0x00000000   Code   RO         1713    .ARM.Collect$$libinit$$00000011  c_w.l(libinit2.o)
    0x08000202   0x08000202   0x00000000   Code   RO         1715    .ARM.Collect$$libinit$$00000013  c_w.l(libinit2.o)
    0x08000202   0x08000202   0x00000000   Code   RO         1717    .ARM.Collect$$libinit$$00000015  c_w.l(libinit2.o)
    0x08000202   0x08000202   0x00000000   Code   RO         1719    .ARM.Collect$$libinit$$00000017  c_w.l(libinit2.o)
    0x08000202   0x08000202   0x00000000   Code   RO         1721    .ARM.Collect$$libinit$$00000019  c_w.l(libinit2.o)
    0x08000202   0x08000202   0x00000000   Code   RO         1723    .ARM.Collect$$libinit$$0000001B  c_w.l(libinit2.o)
    0x08000202   0x08000202   0x00000000   Code   RO         1725    .ARM.Collect$$libinit$$0000001D  c_w.l(libinit2.o)
    0x08000202   0x08000202   0x00000000   Code   RO         1727    .ARM.Collect$$libinit$$0000001F  c_w.l(libinit2.o)
    0x08000202   0x08000202   0x00000000   Code   RO         1729    .ARM.Collect$$libinit$$00000021  c_w.l(libinit2.o)
    0x08000202   0x08000202   0x00000000   Code   RO         1731    .ARM.Collect$$libinit$$00000023  c_w.l(libinit2.o)
    0x08000202   0x08000202   0x00000000   Code   RO         1733    .ARM.Collect$$libinit$$00000025  c_w.l(libinit2.o)
    0x08000202   0x08000202   0x00000000   Code   RO         1737    .ARM.Collect$$libinit$$0000002C  c_w.l(libinit2.o)
    0x08000202   0x08000202   0x00000000   Code   RO         1739    .ARM.Collect$$libinit$$0000002E  c_w.l(libinit2.o)
    0x08000202   0x08000202   0x00000000   Code   RO         1741    .ARM.Collect$$libinit$$00000030  c_w.l(libinit2.o)
    0x08000202   0x08000202   0x00000004   Code   RO         1742    .ARM.Collect$$libinit$$00000031  c_w.l(libinit2.o)
    0x08000206   0x08000206   0x00000000   Code   RO         1743    .ARM.Collect$$libinit$$00000032  c_w.l(libinit2.o)
    0x08000206   0x08000206   0x00000002   Code   RO         1744    .ARM.Collect$$libinit$$00000033  c_w.l(libinit2.o)
    0x08000208   0x08000208   0x00000002   Code   RO         1842    .ARM.Collect$$libshutdown$$00000000  c_w.l(libshutdown.o)
    0x0800020a   0x0800020a   0x00000000   Code   RO         1858    .ARM.Collect$$libshutdown$$00000002  c_w.l(libshutdown2.o)
    0x0800020a   0x0800020a   0x00000000   Code   RO         1860    .ARM.Collect$$libshutdown$$00000004  c_w.l(libshutdown2.o)
    0x0800020a   0x0800020a   0x00000000   Code   RO         1863    .ARM.Collect$$libshutdown$$00000007  c_w.l(libshutdown2.o)
    0x0800020a   0x0800020a   0x00000000   Code   RO         1866    .ARM.Collect$$libshutdown$$0000000A  c_w.l(libshutdown2.o)
    0x0800020a   0x0800020a   0x00000000   Code   RO         1868    .ARM.Collect$$libshutdown$$0000000C  c_w.l(libshutdown2.o)
    0x0800020a   0x0800020a   0x00000000   Code   RO         1871    .ARM.Collect$$libshutdown$$0000000F  c_w.l(libshutdown2.o)
    0x0800020a   0x0800020a   0x00000002   Code   RO         1872    .ARM.Collect$$libshutdown$$00000010  c_w.l(libshutdown2.o)
    0x0800020c   0x0800020c   0x00000000   Code   RO         1695    .ARM.Collect$$rtentry$$00000000  c_w.l(__rtentry.o)
    0x0800020c   0x0800020c   0x00000000   Code   RO         1755    .ARM.Collect$$rtentry$$00000002  c_w.l(__rtentry2.o)
    0x0800020c   0x0800020c   0x00000006   Code   RO         1767    .ARM.Collect$$rtentry$$00000004  c_w.l(__rtentry4.o)
    0x08000212   0x08000212   0x00000000   Code   RO         1757    .ARM.Collect$$rtentry$$00000009  c_w.l(__rtentry2.o)
    0x08000212   0x08000212   0x00000004   Code   RO         1758    .ARM.Collect$$rtentry$$0000000A  c_w.l(__rtentry2.o)
    0x08000216   0x08000216   0x00000000   Code   RO         1760    .ARM.Collect$$rtentry$$0000000C  c_w.l(__rtentry2.o)
    0x08000216   0x08000216   0x00000008   Code   RO         1761    .ARM.Collect$$rtentry$$0000000D  c_w.l(__rtentry2.o)
    0x0800021e   0x0800021e   0x00000002   Code   RO         1800    .ARM.Collect$$rtexit$$00000000  c_w.l(rtexit.o)
    0x08000220   0x08000220   0x00000000   Code   RO         1822    .ARM.Collect$$rtexit$$00000002  c_w.l(rtexit2.o)
    0x08000220   0x08000220   0x00000004   Code   RO         1823    .ARM.Collect$$rtexit$$00000003  c_w.l(rtexit2.o)
    0x08000224   0x08000224   0x00000006   Code   RO         1824    .ARM.Collect$$rtexit$$00000004  c_w.l(rtexit2.o)
    0x0800022a   0x0800022a   0x00000002   PAD
    0x0800022c   0x0800022c   0x00000040   Code   RO            4    .text               startup_stm32f407xx.o
    0x0800026c   0x0800026c   0x000000ee   Code   RO         1671    .text               c_w.l(lludivv7m.o)
    0x0800035a   0x0800035a   0x00000006   Code   RO         1673    .text               c_w.l(heapauxi.o)
    0x08000360   0x08000360   0x00000024   Code   RO         1680    .text               c_w.l(init_aeabi.o)
    0x08000384   0x08000384   0x0000004a   Code   RO         1775    .text               c_w.l(sys_stackheap_outer.o)
    0x080003ce   0x080003ce   0x00000012   Code   RO         1777    .text               c_w.l(exit.o)
    0x080003e0   0x080003e0   0x00000008   Code   RO         1797    .text               c_w.l(libspace.o)
    0x080003e8   0x080003e8   0x0000000c   Code   RO         1814    .text               c_w.l(sys_exit.o)
    0x080003f4   0x080003f4   0x00000002   Code   RO         1818    .text               c_w.l(use_no_semi.o)
    0x080003f6   0x080003f6   0x00000000   Code   RO         1820    .text               c_w.l(indicate_semi.o)
    0x080003f6   0x080003f6   0x00000002   PAD
    0x080003f8   0x080003f8   0x00000068   Code   RO          269    .text.ADC_DMAConvCplt  stm32f4xx_hal_adc.o
    0x08000460   0x08000460   0x00000012   Code   RO          273    .text.ADC_DMAError  stm32f4xx_hal_adc.o
    0x08000472   0x08000472   0x00000002   PAD
    0x08000474   0x08000474   0x00000006   Code   RO          271    .text.ADC_DMAHalfConvCplt  stm32f4xx_hal_adc.o
    0x0800047a   0x0800047a   0x00000002   PAD
    0x0800047c   0x0800047c   0x00000002   Code   RO          197    .text.BusFault_Handler  stm32f4xx_it.o
    0x0800047e   0x0800047e   0x00000002   PAD
    0x08000480   0x08000480   0x0000000c   Code   RO         1518    .text.CCD_Handler   task.o
    0x0800048c   0x0800048c   0x0000000c   Code   RO          219    .text.DMA2_Stream0_IRQHandler  stm32f4xx_it.o
    0x08000498   0x08000498   0x00000002   Code   RO          203    .text.DebugMon_Handler  stm32f4xx_it.o
    0x0800049a   0x0800049a   0x00000002   PAD
    0x0800049c   0x0800049c   0x0000000a   Code   RO           15    .text.Error_Handler  main.o
    0x080004a6   0x080004a6   0x00000002   PAD
    0x080004a8   0x080004a8   0x00000124   Code   RO          281    .text.HAL_ADC_ConfigChannel  stm32f4xx_hal_adc.o
    0x080005cc   0x080005cc   0x00000002   Code   RO          261    .text.HAL_ADC_ConvCpltCallback  stm32f4xx_hal_adc.o
    0x080005ce   0x080005ce   0x00000002   PAD
    0x080005d0   0x080005d0   0x00000002   Code   RO          279    .text.HAL_ADC_ConvHalfCpltCallback  stm32f4xx_hal_adc.o
    0x080005d2   0x080005d2   0x00000002   PAD
    0x080005d4   0x080005d4   0x00000002   Code   RO          265    .text.HAL_ADC_ErrorCallback  stm32f4xx_hal_adc.o
    0x080005d6   0x080005d6   0x00000002   PAD
    0x080005d8   0x080005d8   0x00000006   Code   RO          277    .text.HAL_ADC_GetValue  stm32f4xx_hal_adc.o
    0x080005de   0x080005de   0x00000002   PAD
    0x080005e0   0x080005e0   0x00000148   Code   RO          239    .text.HAL_ADC_Init  stm32f4xx_hal_adc.o
    0x08000728   0x08000728   0x00000184   Code   RO           44    .text.HAL_ADC_MspInit  adc.o
    0x080008ac   0x080008ac   0x000000b0   Code   RO          251    .text.HAL_ADC_PollForConversion  stm32f4xx_hal_adc.o
    0x0800095c   0x0800095c   0x0000012a   Code   RO          247    .text.HAL_ADC_Start  stm32f4xx_hal_adc.o
    0x08000a86   0x08000a86   0x00000002   PAD
    0x08000a88   0x08000a88   0x00000186   Code   RO          267    .text.HAL_ADC_Start_DMA  stm32f4xx_hal_adc.o
    0x08000c0e   0x08000c0e   0x00000002   PAD
    0x08000c10   0x08000c10   0x0000003a   Code   RO          249    .text.HAL_ADC_Stop  stm32f4xx_hal_adc.o
    0x08000c4a   0x08000c4a   0x00000002   PAD
    0x08000c4c   0x08000c4c   0x00000100   Code   RO          730    .text.HAL_CAN_Init  stm32f4xx_hal_can.o
    0x08000d4c   0x08000d4c   0x00000122   Code   RO           65    .text.HAL_CAN_MspInit  can.o
    0x08000e6e   0x08000e6e   0x00000002   PAD
    0x08000e70   0x08000e70   0x00000080   Code   RO          500    .text.HAL_DMA_Abort  stm32f4xx_hal_dma.o
    0x08000ef0   0x08000ef0   0x00000024   Code   RO          502    .text.HAL_DMA_Abort_IT  stm32f4xx_hal_dma.o
    0x08000f14   0x08000f14   0x000001bc   Code   RO          506    .text.HAL_DMA_IRQHandler  stm32f4xx_hal_dma.o
    0x080010d0   0x080010d0   0x00000152   Code   RO          492    .text.HAL_DMA_Init  stm32f4xx_hal_dma.o
    0x08001222   0x08001222   0x00000002   PAD
    0x08001224   0x08001224   0x000000a0   Code   RO          498    .text.HAL_DMA_Start_IT  stm32f4xx_hal_dma.o
    0x080012c4   0x080012c4   0x00000028   Code   RO          657    .text.HAL_Delay     stm32f4xx_hal.o
    0x080012ec   0x080012ec   0x000001bc   Code   RO          452    .text.HAL_GPIO_Init  stm32f4xx_hal_gpio.o
    0x080014a8   0x080014a8   0x0000000a   Code   RO          456    .text.HAL_GPIO_ReadPin  stm32f4xx_hal_gpio.o
    0x080014b2   0x080014b2   0x00000002   PAD
    0x080014b4   0x080014b4   0x00000010   Code   RO          460    .text.HAL_GPIO_TogglePin  stm32f4xx_hal_gpio.o
    0x080014c4   0x080014c4   0x0000000a   Code   RO          458    .text.HAL_GPIO_WritePin  stm32f4xx_hal_gpio.o
    0x080014ce   0x080014ce   0x00000002   PAD
    0x080014d0   0x080014d0   0x0000000c   Code   RO          649    .text.HAL_GetTick   stm32f4xx_hal.o
    0x080014dc   0x080014dc   0x0000019c   Code   RO          811    .text.HAL_I2C_Init  stm32f4xx_hal_i2c.o
    0x08001678   0x08001678   0x000000d8   Code   RO           95    .text.HAL_I2C_MspInit  i2c.o
    0x08001750   0x08001750   0x0000001a   Code   RO          647    .text.HAL_IncTick   stm32f4xx_hal.o
    0x0800176a   0x0800176a   0x00000002   PAD
    0x0800176c   0x0800176c   0x00000036   Code   RO          637    .text.HAL_Init      stm32f4xx_hal.o
    0x080017a2   0x080017a2   0x00000002   PAD
    0x080017a4   0x080017a4   0x0000004c   Code   RO          639    .text.HAL_InitTick  stm32f4xx_hal.o
    0x080017f0   0x080017f0   0x00000038   Code   RO          230    .text.HAL_MspInit   stm32f4xx_hal_msp.o
    0x08001828   0x08001828   0x00000020   Code   RO          594    .text.HAL_NVIC_EnableIRQ  stm32f4xx_hal_cortex.o
    0x08001848   0x08001848   0x0000005c   Code   RO          592    .text.HAL_NVIC_SetPriority  stm32f4xx_hal_cortex.o
    0x080018a4   0x080018a4   0x00000020   Code   RO          590    .text.HAL_NVIC_SetPriorityGrouping  stm32f4xx_hal_cortex.o
    0x080018c4   0x080018c4   0x00000160   Code   RO          342    .text.HAL_RCC_ClockConfig  stm32f4xx_hal_rcc.o
    0x08001a24   0x08001a24   0x00000026   Code   RO          354    .text.HAL_RCC_GetPCLK1Freq  stm32f4xx_hal_rcc.o
    0x08001a4a   0x08001a4a   0x00000002   PAD
    0x08001a4c   0x08001a4c   0x00000026   Code   RO          356    .text.HAL_RCC_GetPCLK2Freq  stm32f4xx_hal_rcc.o
    0x08001a72   0x08001a72   0x00000002   PAD
    0x08001a74   0x08001a74   0x0000006a   Code   RO          344    .text.HAL_RCC_GetSysClockFreq  stm32f4xx_hal_rcc.o
    0x08001ade   0x08001ade   0x00000002   PAD
    0x08001ae0   0x08001ae0   0x00000340   Code   RO          340    .text.HAL_RCC_OscConfig  stm32f4xx_hal_rcc.o
    0x08001e20   0x08001e20   0x000000c6   Code   RO          933    .text.HAL_SPI_Init  stm32f4xx_hal_spi.o
    0x08001ee6   0x08001ee6   0x00000002   PAD
    0x08001ee8   0x08001ee8   0x000000ac   Code   RO          112    .text.HAL_SPI_MspInit  spi.o
    0x08001f94   0x08001f94   0x00000156   Code   RO          943    .text.HAL_SPI_Receive  stm32f4xx_hal_spi.o
    0x080020ea   0x080020ea   0x00000002   PAD
    0x080020ec   0x080020ec   0x000001f8   Code   RO          941    .text.HAL_SPI_Transmit  stm32f4xx_hal_spi.o
    0x080022e4   0x080022e4   0x00000258   Code   RO          945    .text.HAL_SPI_TransmitReceive  stm32f4xx_hal_spi.o
    0x0800253c   0x0800253c   0x0000002c   Code   RO          602    .text.HAL_SYSTICK_Config  stm32f4xx_hal_cortex.o
    0x08002568   0x08002568   0x00000002   Code   RO         1356    .text.HAL_TIMEx_BreakCallback  stm32f4xx_hal_tim_ex.o
    0x0800256a   0x0800256a   0x00000002   PAD
    0x0800256c   0x0800256c   0x00000002   Code   RO         1352    .text.HAL_TIMEx_CommutCallback  stm32f4xx_hal_tim_ex.o
    0x0800256e   0x0800256e   0x00000002   PAD
    0x08002570   0x08002570   0x00000052   Code   RO         1348    .text.HAL_TIMEx_ConfigBreakDeadTime  stm32f4xx_hal_tim_ex.o
    0x080025c2   0x080025c2   0x00000002   PAD
    0x080025c4   0x080025c4   0x000000ba   Code   RO         1346    .text.HAL_TIMEx_MasterConfigSynchronization  stm32f4xx_hal_tim_ex.o
    0x0800267e   0x0800267e   0x00000002   PAD
    0x08002680   0x08002680   0x0000005a   Code   RO         1050    .text.HAL_TIM_Base_Init  stm32f4xx_hal_tim.o
    0x080026da   0x080026da   0x00000002   PAD
    0x080026dc   0x080026dc   0x00000108   Code   RO          144    .text.HAL_TIM_Base_MspInit  tim.o
    0x080027e4   0x080027e4   0x000000b0   Code   RO         1064    .text.HAL_TIM_Base_Start_IT  stm32f4xx_hal_tim.o
    0x08002894   0x08002894   0x00000198   Code   RO         1230    .text.HAL_TIM_ConfigClockSource  stm32f4xx_hal_tim.o
    0x08002a2c   0x08002a2c   0x000000b2   Code   RO         1164    .text.HAL_TIM_Encoder_Init  stm32f4xx_hal_tim.o
    0x08002ade   0x08002ade   0x00000002   PAD
    0x08002ae0   0x08002ae0   0x00000188   Code   RO          146    .text.HAL_TIM_Encoder_MspInit  tim.o
    0x08002c68   0x08002c68   0x000000ae   Code   RO         1172    .text.HAL_TIM_Encoder_Start  stm32f4xx_hal_tim.o
    0x08002d16   0x08002d16   0x00000002   PAD
    0x08002d18   0x08002d18   0x00000002   Code   RO         1186    .text.HAL_TIM_IC_CaptureCallback  stm32f4xx_hal_tim.o
    0x08002d1a   0x08002d1a   0x00000002   PAD
    0x08002d1c   0x08002d1c   0x0000016a   Code   RO         1184    .text.HAL_TIM_IRQHandler  stm32f4xx_hal_tim.o
    0x08002e86   0x08002e86   0x00000002   PAD
    0x08002e88   0x08002e88   0x00000188   Code   RO          128    .text.HAL_TIM_MspPostInit  tim.o
    0x08003010   0x08003010   0x00000002   Code   RO         1188    .text.HAL_TIM_OC_DelayElapsedCallback  stm32f4xx_hal_tim.o
    0x08003012   0x08003012   0x00000002   PAD
    0x08003014   0x08003014   0x00000224   Code   RO         1204    .text.HAL_TIM_PWM_ConfigChannel  stm32f4xx_hal_tim.o
    0x08003238   0x08003238   0x0000005a   Code   RO         1104    .text.HAL_TIM_PWM_Init  stm32f4xx_hal_tim.o
    0x08003292   0x08003292   0x00000002   PAD
    0x08003294   0x08003294   0x00000002   Code   RO         1106    .text.HAL_TIM_PWM_MspInit  stm32f4xx_hal_tim.o
    0x08003296   0x08003296   0x00000002   PAD
    0x08003298   0x08003298   0x00000002   Code   RO         1190    .text.HAL_TIM_PWM_PulseFinishedCallback  stm32f4xx_hal_tim.o
    0x0800329a   0x0800329a   0x00000002   PAD
    0x0800329c   0x0800329c   0x0000012c   Code   RO         1112    .text.HAL_TIM_PWM_Start  stm32f4xx_hal_tim.o
    0x080033c8   0x080033c8   0x00000032   Code   RO         1516    .text.HAL_TIM_PeriodElapsedCallback  task.o
    0x080033fa   0x080033fa   0x00000002   PAD
    0x080033fc   0x080033fc   0x00000002   Code   RO         1194    .text.HAL_TIM_TriggerCallback  stm32f4xx_hal_tim.o
    0x080033fe   0x080033fe   0x00000002   PAD
    0x08003400   0x08003400   0x00000002   Code   RO         1455    .text.HAL_UARTEx_RxEventCallback  stm32f4xx_hal_uart.o
    0x08003402   0x08003402   0x00000002   PAD
    0x08003404   0x08003404   0x00000002   Code   RO         1453    .text.HAL_UART_ErrorCallback  stm32f4xx_hal_uart.o
    0x08003406   0x08003406   0x00000002   PAD
    0x08003408   0x08003408   0x00000578   Code   RO         1447    .text.HAL_UART_IRQHandler  stm32f4xx_hal_uart.o
    0x08003980   0x08003980   0x0000005e   Code   RO         1371    .text.HAL_UART_Init  stm32f4xx_hal_uart.o
    0x080039de   0x080039de   0x00000002   PAD
    0x080039e0   0x080039e0   0x00000150   Code   RO          175    .text.HAL_UART_MspInit  usart.o
    0x08003b30   0x08003b30   0x00000062   Code   RO         1393    .text.HAL_UART_Receive_IT  stm32f4xx_hal_uart.o
    0x08003b92   0x08003b92   0x00000002   PAD
    0x08003b94   0x08003b94   0x0000008a   Code   RO         1520    .text.HAL_UART_RxCpltCallback  task.o
    0x08003c1e   0x08003c1e   0x00000002   PAD
    0x08003c20   0x08003c20   0x00000248   Code   RO         1387    .text.HAL_UART_Transmit  stm32f4xx_hal_uart.o
    0x08003e68   0x08003e68   0x00000002   Code   RO         1457    .text.HAL_UART_TxCpltCallback  stm32f4xx_hal_uart.o
    0x08003e6a   0x08003e6a   0x00000002   PAD
    0x08003e6c   0x08003e6c   0x00000002   Code   RO          193    .text.HardFault_Handler  stm32f4xx_it.o
    0x08003e6e   0x08003e6e   0x00000002   PAD
    0x08003e70   0x08003e70   0x00000074   Code   RO           38    .text.MX_ADC1_Init  adc.o
    0x08003ee4   0x08003ee4   0x00000076   Code   RO           40    .text.MX_ADC2_Init  adc.o
    0x08003f5a   0x08003f5a   0x00000002   PAD
    0x08003f5c   0x08003f5c   0x00000076   Code   RO           42    .text.MX_ADC3_Init  adc.o
    0x08003fd2   0x08003fd2   0x00000002   PAD
    0x08003fd4   0x08003fd4   0x00000038   Code   RO           61    .text.MX_CAN1_Init  can.o
    0x0800400c   0x0800400c   0x00000038   Code   RO           63    .text.MX_CAN2_Init  can.o
    0x08004044   0x08004044   0x00000038   Code   RO           81    .text.MX_DMA_Init   dma.o
    0x0800407c   0x0800407c   0x00000134   Code   RO           27    .text.MX_GPIO_Init  gpio.o
    0x080041b0   0x080041b0   0x00000044   Code   RO           91    .text.MX_I2C1_Init  i2c.o
    0x080041f4   0x080041f4   0x00000044   Code   RO           93    .text.MX_I2C2_Init  i2c.o
    0x08004238   0x08004238   0x0000004c   Code   RO          110    .text.MX_SPI2_Init  spi.o
    0x08004284   0x08004284   0x000000c6   Code   RO          142    .text.MX_TIM12_Init  tim.o
    0x0800434a   0x0800434a   0x00000002   PAD
    0x0800434c   0x0800434c   0x00000152   Code   RO          126    .text.MX_TIM1_Init  tim.o
    0x0800449e   0x0800449e   0x00000002   PAD
    0x080044a0   0x080044a0   0x00000068   Code   RO          130    .text.MX_TIM2_Init  tim.o
    0x08004508   0x08004508   0x0000006c   Code   RO          132    .text.MX_TIM3_Init  tim.o
    0x08004574   0x08004574   0x000000d0   Code   RO          134    .text.MX_TIM4_Init  tim.o
    0x08004644   0x08004644   0x0000006c   Code   RO          136    .text.MX_TIM5_Init  tim.o
    0x080046b0   0x080046b0   0x00000154   Code   RO          138    .text.MX_TIM8_Init  tim.o
    0x08004804   0x08004804   0x000000c8   Code   RO          140    .text.MX_TIM9_Init  tim.o
    0x080048cc   0x080048cc   0x0000003e   Code   RO          169    .text.MX_USART1_UART_Init  usart.o
    0x0800490a   0x0800490a   0x00000002   PAD
    0x0800490c   0x0800490c   0x0000003e   Code   RO          171    .text.MX_USART2_UART_Init  usart.o
    0x0800494a   0x0800494a   0x00000002   PAD
    0x0800494c   0x0800494c   0x0000003e   Code   RO          173    .text.MX_USART3_UART_Init  usart.o
    0x0800498a   0x0800498a   0x00000002   PAD
    0x0800498c   0x0800498c   0x00000002   Code   RO          195    .text.MemManage_Handler  stm32f4xx_it.o
    0x0800498e   0x0800498e   0x00000002   PAD
    0x08004990   0x08004990   0x00000002   Code   RO          191    .text.NMI_Handler   stm32f4xx_it.o
    0x08004992   0x08004992   0x00000002   PAD
    0x08004994   0x08004994   0x00000002   Code   RO          205    .text.PendSV_Handler  stm32f4xx_it.o
    0x08004996   0x08004996   0x00000002   PAD
    0x08004998   0x08004998   0x0000006c   Code   RO          947    .text.SPI_EndRxTransaction  stm32f4xx_hal_spi.o
    0x08004a04   0x08004a04   0x000000ca   Code   RO         1039    .text.SPI_WaitFlagStateUntilTimeout  stm32f4xx_hal_spi.o
    0x08004ace   0x08004ace   0x00000002   PAD
    0x08004ad0   0x08004ad0   0x00000002   Code   RO          201    .text.SVC_Handler   stm32f4xx_it.o
    0x08004ad2   0x08004ad2   0x00000002   PAD
    0x08004ad4   0x08004ad4   0x0000000e   Code   RO          207    .text.SysTick_Handler  stm32f4xx_it.o
    0x08004ae2   0x08004ae2   0x00000002   PAD
    0x08004ae4   0x08004ae4   0x000000ae   Code   RO           13    .text.SystemClock_Config  main.o
    0x08004b92   0x08004b92   0x00000002   PAD
    0x08004b94   0x08004b94   0x00000012   Code   RO         1492    .text.SystemInit    system_stm32f4xx.o
    0x08004ba6   0x08004ba6   0x00000002   PAD
    0x08004ba8   0x08004ba8   0x0000000c   Code   RO          209    .text.TIM2_IRQHandler  stm32f4xx_it.o
    0x08004bb4   0x08004bb4   0x0000000c   Code   RO          211    .text.TIM3_IRQHandler  stm32f4xx_it.o
    0x08004bc0   0x08004bc0   0x00000016   Code   RO          213    .text.TIM4_IRQHandler  stm32f4xx_it.o
    0x08004bd6   0x08004bd6   0x00000002   PAD
    0x08004bd8   0x08004bd8   0x0000000c   Code   RO          217    .text.TIM5_IRQHandler  stm32f4xx_it.o
    0x08004be4   0x08004be4   0x00000126   Code   RO         1054    .text.TIM_Base_SetConfig  stm32f4xx_hal_tim.o
    0x08004d0a   0x08004d0a   0x00000002   PAD
    0x08004d0c   0x08004d0c   0x0000000c   Code   RO         1451    .text.UART_DMAAbortOnError  stm32f4xx_hal_uart.o
    0x08004d18   0x08004d18   0x000000f8   Code   RO         1449    .text.UART_Receive_IT  stm32f4xx_hal_uart.o
    0x08004e10   0x08004e10   0x000000e2   Code   RO         1375    .text.UART_SetConfig  stm32f4xx_hal_uart.o
    0x08004ef2   0x08004ef2   0x00000002   PAD
    0x08004ef4   0x08004ef4   0x0000001a   Code   RO          215    .text.USART1_IRQHandler  stm32f4xx_it.o
    0x08004f0e   0x08004f0e   0x00000002   PAD
    0x08004f10   0x08004f10   0x00000002   Code   RO          199    .text.UsageFault_Handler  stm32f4xx_it.o
    0x08004f12   0x08004f12   0x00000002   PAD
    0x08004f14   0x08004f14   0x000000cc   Code   RO         1522    .text._GLOBAL__sub_I_task.cpp  task.o
    0x08004fe0   0x08004fe0   0x0000000e   Code   RO         1591    .text._ZN3CCD4initEv  ccd.o
    0x08004fee   0x08004fee   0x00000002   PAD
    0x08004ff0   0x08004ff0   0x0000002c   Code   RO         1589    .text._ZN3CCD7HandlerEv  ccd.o
    0x0800501c   0x0800501c   0x0000006e   Code   RO         1587    .text._ZN3CCD7SI_sendEv  ccd.o
    0x0800508a   0x0800508a   0x00000002   PAD
    0x0800508c   0x0800508c   0x00000014   Code   RO         1617    .text._ZN3IMU4initEv  imu.o
    0x080050a0   0x080050a0   0x0000013a   Code   RO         1619    .text._ZN3IMU7HandlerEv  imu.o
    0x080051da   0x080051da   0x00000002   PAD
    0x080051dc   0x080051dc   0x0000003c   Code   RO         1602    .text._ZN6Remote12process_dataEPt  remote.o
    0x08005218   0x08005218   0x00000020   Code   RO         1606    .text._ZN6Remote7HandlerEv  remote.o
    0x08005238   0x08005238   0x0000000e   Code   RO         1604    .text._ZN6RemoteC2EP20__UART_HandleTypeDef  remote.o
    0x08005246   0x08005246   0x00000002   PAD
    0x08005248   0x08005248   0x00000022   Code   RO         1555    .text._ZN7Encoder15overflow_updateEv  encoder.o
    0x0800526a   0x0800526a   0x00000002   PAD
    0x0800526c   0x0800526c   0x00000016   Code   RO         1553    .text._ZN7Encoder4initEv  encoder.o
    0x08005282   0x08005282   0x00000002   PAD
    0x08005284   0x08005284   0x00000022   Code   RO         1549    .text._ZN7Encoder7HandlerEv  encoder.o
    0x080052a6   0x080052a6   0x00000002   PAD
    0x080052a8   0x080052a8   0x0000000e   Code   RO         1551    .text._ZN7EncoderC2EP17TIM_HandleTypeDef  encoder.o
    0x080052b6   0x080052b6   0x00000002   PAD
    0x080052b8   0x080052b8   0x00000254   Code   RO         1570    .text._ZN9N20_Motor16output_intensityEv  n20_motor.o
    0x0800550c   0x0800550c   0x00000004   PAD
    0x08005510   0x08005510   0x00000114   Code   RO         1568    .text._ZN9N20_Motor17measure_parameterEv  n20_motor.o
    0x08005624   0x08005624   0x00000018   Code   RO         1576    .text._ZN9N20_Motor4initEv  n20_motor.o
    0x0800563c   0x0800563c   0x00000012   Code   RO         1566    .text._ZN9N20_Motor7HandlerEv  n20_motor.o
    0x0800564e   0x0800564e   0x00000002   PAD
    0x08005650   0x08005650   0x00000020   Code   RO         1574    .text._ZN9N20_MotorC2EP17TIM_HandleTypeDefjjP7Encoderfff  n20_motor.o
    0x08005670   0x08005670   0x0000007c   Code   RO         1636    .text.imu660ra_get_acc  imu660.o
    0x080056ec   0x080056ec   0x0000007c   Code   RO         1638    .text.imu660ra_get_gyro  imu660.o
    0x08005768   0x08005768   0x00000382   Code   RO         1640    .text.imu660ra_init  imu660.o
    0x08005aea   0x08005aea   0x00000006   PAD
    0x08005af0   0x08005af0   0x0000013c   Code   RO         1512    .text.loop          task.o
    0x08005c2c   0x08005c2c   0x00000066   Code   RO           11    .text.main          main.o
    0x08005c92   0x08005c92   0x00000002   PAD
    0x08005c94   0x08005c94   0x00000064   Code   RO         1510    .text.setup         task.o
    0x08005cf8   0x08005cf8   0x0000008a   Code   RO         1514    .text.task_handler  task.o
    0x08005d82   0x08005d82   0x00000002   PAD
    0x08005d84   0x08005d84   0x00000062   Code   RO         1683    x$fpl$d2f           fz_wm.l(d2f.o)
    0x08005de6   0x08005de6   0x00000002   PAD
    0x08005de8   0x08005de8   0x00000150   Code   RO         1685    x$fpl$dadd          fz_wm.l(daddsub_clz.o)
    0x08005f38   0x08005f38   0x00000154   Code   RO         1691    x$fpl$dmul          fz_wm.l(dmul.o)
    0x0800608c   0x0800608c   0x0000009c   Code   RO         1745    x$fpl$dnaninf       fz_wm.l(dnaninf.o)
    0x08006128   0x08006128   0x0000000c   Code   RO         1747    x$fpl$dretinf       fz_wm.l(dretinf.o)
    0x08006134   0x08006134   0x000001d4   Code   RO         1687    x$fpl$dsub          fz_wm.l(daddsub_clz.o)
    0x08006308   0x08006308   0x00000056   Code   RO         1693    x$fpl$f2d           fz_wm.l(f2d.o)
    0x0800635e   0x0800635e   0x0000008c   Code   RO         1749    x$fpl$fnaninf       fz_wm.l(fnaninf.o)
    0x080063ea   0x080063ea   0x0000001a   Code   RO         1773    x$fpl$fpinit        fz_wm.l(fpinit.o)
    0x08006404   0x08006404   0x0000000a   Code   RO         1751    x$fpl$fretinf       fz_wm.l(fretinf.o)
    0x0800640e   0x0800640e   0x00000000   Code   RO         1753    x$fpl$usenofp       fz_wm.l(usenofp.o)
    0x0800640e   0x0800640e   0x00000010   Data   RO         1497    .rodata.AHBPrescTable  system_stm32f4xx.o
    0x0800641e   0x0800641e   0x00000008   Data   RO         1498    .rodata.APBPrescTable  system_stm32f4xx.o
    0x08006426   0x08006426   0x00000008   Data   RO          516    .rodata.cst8        stm32f4xx_hal_dma.o
    0x0800642e   0x0800642e   0x00002000   Data   RO         1642    .rodata.imu660ra_config_file  imu660.o
    0x0800842e   0x0800842e   0x00000002   PAD
    0x08008430   0x08008430   0x00000020   Data   RO         1874    Region$$Table       anon$$obj.o
    0x08008450   0x08008450   0x00000004   Data   RO         1539    .init_array         task.o
    0x08008454   0x08008450   0x00000000   Data   RO         1678    .init_array         c_w.l(init_aeabi.o)


    Execution Region RW_IRAM1 (Exec base: 0x20000000, Load base: 0x08008458, Size: 0x00000e58, Max: 0x0001c000, ABSOLUTE)

    Exec Addr    Load Addr    Size         Type   Attr      Idx    E Section Name        Object

    0x20000000   0x08008458   0x00000004   Data   RW         1496    .data.SystemCoreClock  system_stm32f4xx.o
    0x20000004   0x0800845c   0x00000002   Data   RW         1538    .data.end_flag      task.o
    0x20000006   0x0800845e   0x00000002   PAD
    0x20000008   0x08008460   0x00000008   Data   RW         1649    .data.imu660ra_transition_factor  imu660.o
    0x20000010   0x08008468   0x00000002   Data   RW         1537    .data.start_flag    task.o
    0x20000012   0x0800846a   0x00000001   Data   RW          692    .data.uwTickFreq    stm32f4xx_hal.o
    0x20000013   0x0800846b   0x00000001   PAD
    0x20000014   0x0800846c   0x00000004   Data   RW          691    .data.uwTickPrio    stm32f4xx_hal.o
    0x20000018   0x08008470   0x00000004   Data   RW         1534    .data.vpwr          task.o
    0x2000001c   0x08008474   0x00000004   Data   RW         1535    .data.vpwr_th       task.o
    0x20000020        -       0x00000060   Zero   RW         1798    .bss                c_w.l(libspace.o)
    0x20000080        -       0x00000004   Zero   RW           71    .bss.HAL_RCC_CAN1_CLK_ENABLED  can.o
    0x20000084        -       0x00000108   Zero   RW         1531    .bss.ccd            task.o
    0x2000018c        -       0x00000048   Zero   RW           48    .bss.hadc1          adc.o
    0x200001d4        -       0x00000048   Zero   RW           49    .bss.hadc2          adc.o
    0x2000021c        -       0x00000048   Zero   RW           50    .bss.hadc3          adc.o
    0x20000264        -       0x00000028   Zero   RW           69    .bss.hcan1          can.o
    0x2000028c        -       0x00000028   Zero   RW           70    .bss.hcan2          can.o
    0x200002b4        -       0x00000060   Zero   RW           51    .bss.hdma_adc3      adc.o
    0x20000314        -       0x00000054   Zero   RW           99    .bss.hi2c1          i2c.o
    0x20000368        -       0x00000054   Zero   RW          100    .bss.hi2c2          i2c.o
    0x200003bc        -       0x00000058   Zero   RW          116    .bss.hspi2          spi.o
    0x20000414        -       0x00000048   Zero   RW          152    .bss.htim1          tim.o
    0x2000045c        -       0x00000048   Zero   RW          159    .bss.htim12         tim.o
    0x200004a4        -       0x00000048   Zero   RW          153    .bss.htim2          tim.o
    0x200004ec        -       0x00000048   Zero   RW          154    .bss.htim3          tim.o
    0x20000534        -       0x00000048   Zero   RW          155    .bss.htim4          tim.o
    0x2000057c        -       0x00000048   Zero   RW          156    .bss.htim5          tim.o
    0x200005c4        -       0x00000048   Zero   RW          157    .bss.htim8          tim.o
    0x2000060c        -       0x00000048   Zero   RW          158    .bss.htim9          tim.o
    0x20000654        -       0x00000044   Zero   RW          179    .bss.huart1         usart.o
    0x20000698        -       0x00000044   Zero   RW          180    .bss.huart2         usart.o
    0x200006dc        -       0x00000044   Zero   RW          181    .bss.huart3         usart.o
    0x20000720        -       0x00000020   Zero   RW         1533    .bss.imu            task.o
    0x20000740        -       0x00000002   Zero   RW         1646    .bss.imu660ra_acc_x  imu660.o
    0x20000742        -       0x00000002   Zero   RW         1647    .bss.imu660ra_acc_y  imu660.o
    0x20000744        -       0x00000002   Zero   RW         1648    .bss.imu660ra_acc_z  imu660.o
    0x20000746        -       0x00000002   Zero   RW         1643    .bss.imu660ra_gyro_x  imu660.o
    0x20000748        -       0x00000002   Zero   RW         1644    .bss.imu660ra_gyro_y  imu660.o
    0x2000074a        -       0x00000002   Zero   RW         1645    .bss.imu660ra_gyro_z  imu660.o
    0x2000074c        -       0x00000004   Zero   RW         1650    .bss.imu660ra_state  imu660.o
    0x20000750        -       0x00000014   Zero   RW         1527    .bss.left_encoder   task.o
    0x20000764        -       0x00000028   Zero   RW         1530    .bss.left_motor     task.o
    0x2000078c        -       0x00000004   Zero   RW         1536    .bss.pwr_cnt        task.o
    0x20000790        -       0x00000014   Zero   RW         1532    .bss.remote         task.o
    0x200007a4        -       0x00000014   Zero   RW         1528    .bss.right_encoder  task.o
    0x200007b8        -       0x00000028   Zero   RW         1529    .bss.right_motor    task.o
    0x200007e0        -       0x00000004   Zero   RW          221    .bss.uart1_cnt      stm32f4xx_it.o
    0x200007e4        -       0x00000064   Zero   RW         1524    .bss.uart1_rx_buf   task.o
    0x20000848        -       0x00000002   Zero   RW         1525    .bss.uart1_rx_len   task.o
    0x2000084a   0x08008478   0x00000002   PAD
    0x2000084c        -       0x00000004   Zero   RW         1526    .bss.uart1_state    task.o
    0x20000850        -       0x00000004   Zero   RW          693    .bss.uwTick         stm32f4xx_hal.o
    0x20000854   0x08008478   0x00000004   PAD
    0x20000858        -       0x00000200   Zero   RW            2    HEAP                startup_stm32f407xx.o
    0x20000a58        -       0x00000400   Zero   RW            1    STACK               startup_stm32f407xx.o


    Execution Region RW_IRAM2 (Exec base: 0x2001c000, Load base: 0x08008478, Size: 0x00000000, Max: 0x00004000, ABSOLUTE)

    **** No section assigned to this execution region ****


==============================================================================

Image component sizes


      Code (inc. data)   RO Data    RW Data    ZI Data      Debug   Object Name

       740          0          0          0        312       5813   adc.o
       402          0          0          0         84       4584   can.o
       168          0          0          0          0       4954   ccd.o
        56          0          0          0          0       3270   dma.o
       104          0          0          0          0       6946   encoder.o
       308          0          0          0          0       2286   gpio.o
       352          0          0          0        168       5365   i2c.o
       334          0          0          0          0       4794   imu.o
      1146          0       8192          8         16       9439   imu660.o
       286          0          0          0          0       2778   main.o
       946         80          0          0          0      10491   n20_motor.o
       106          4          0          0          0       5250   remote.o
       248          0          0          0         88       4958   spi.o
        64         26        392          0       1536        828   startup_stm32f407xx.o
       208          0          0          5          4       7227   stm32f4xx_hal.o
      1682          0          0          0          0      10416   stm32f4xx_hal_adc.o
       256          0          0          0          0      12196   stm32f4xx_hal_can.o
       200          0          0          0          0       9851   stm32f4xx_hal_cortex.o
      1106          4          8          0          0       8567   stm32f4xx_hal_dma.o
       480          0          0          0          0       5171   stm32f4xx_hal_gpio.o
       412          0          0          0          0      44218   stm32f4xx_hal_i2c.o
        56          0          0          0          0       1433   stm32f4xx_hal_msp.o
      1366          0          0          0          0       7267   stm32f4xx_hal_rcc.o
      1954          0          0          0          0      22212   stm32f4xx_hal_spi.o
      2630          4          0          0          0      49285   stm32f4xx_hal_tim.o
       272          0          0          0          0      19550   stm32f4xx_hal_tim_ex.o
      2668          0          0          0          0      27485   stm32f4xx_hal_uart.o
       126          0          0          0          4       1729   stm32f4xx_it.o
        18          0         24          4          0       2568   system_stm32f4xx.o
       958         28          4         12        546       9177   task.o
      2652          0          0          0        576      12133   tim.o
       522          0          0          0        204       7225   usart.o

    ----------------------------------------------------------------------
     22988        150       8654         32       3544     329466   Object Totals
         0          0         32          0          0          0   (incl. Generated)
       162          4          2          3          6          0   (incl. Padding)

    ----------------------------------------------------------------------

      Code (inc. data)   RO Data    RW Data    ZI Data      Debug   Library Member Name

         8          0          0          0          0         68   __main.o
         0          0          0          0          0          0   __rtentry.o
        12          0          0          0          0          0   __rtentry2.o
         6          0          0          0          0          0   __rtentry4.o
        52          8          0          0          0          0   __scatter.o
        26          0          0          0          0          0   __scatter_copy.o
        28          0          0          0          0          0   __scatter_zi.o
        18          0          0          0          0         80   exit.o
         6          0          0          0          0        152   heapauxi.o
         0          0          0          0          0          0   indicate_semi.o
        36         10          0          0          0         80   init_aeabi.o
         2          0          0          0          0          0   libinit.o
        10          0          0          0          0          0   libinit2.o
         2          0          0          0          0          0   libshutdown.o
         2          0          0          0          0          0   libshutdown2.o
         8          4          0          0         96         68   libspace.o
       238          0          0          0          0        100   lludivv7m.o
         2          0          0          0          0          0   rtexit.o
        10          0          0          0          0          0   rtexit2.o
        12          4          0          0          0         68   sys_exit.o
        74          0          0          0          0         80   sys_stackheap_outer.o
         2          0          0          0          0         68   use_no_semi.o
        98          4          0          0          0        140   d2f.o
       804         16          0          0          0        376   daddsub_clz.o
       340         12          0          0          0        152   dmul.o
       156          4          0          0          0        140   dnaninf.o
        12          0          0          0          0        116   dretinf.o
        86          4          0          0          0        132   f2d.o
       140          4          0          0          0        132   fnaninf.o
        26          0          0          0          0        116   fpinit.o
        10          0          0          0          0        116   fretinf.o
         0          0          0          0          0          0   usenofp.o

    ----------------------------------------------------------------------
      2234         70          0          0         96       2184   Library Totals
         8          0          0          0          0          0   (incl. Padding)

    ----------------------------------------------------------------------

      Code (inc. data)   RO Data    RW Data    ZI Data      Debug   Library Name

       554         26          0          0         96        764   c_w.l
      1672         44          0          0          0       1420   fz_wm.l

    ----------------------------------------------------------------------
      2234         70          0          0         96       2184   Library Totals

    ----------------------------------------------------------------------

==============================================================================


      Code (inc. data)   RO Data    RW Data    ZI Data      Debug   

     25222        220       8654         32       3640     330010   Grand Totals
     25222        220       8654         32       3640     330010   ELF Image Totals
     25222        220       8654         32          0          0   ROM Totals

==============================================================================

    Total RO  Size (Code + RO Data)                33876 (  33.08kB)
    Total RW  Size (RW Data + ZI Data)              3672 (   3.59kB)
    Total ROM Size (Code + RO Data + RW Data)      33908 (  33.11kB)

==============================================================================

