../code/CCD.h:20:7:CCD::CCD()	16	static
../code/task.cpp:46:6:void get_vpwr()	16	static
../code/task.cpp:54:6:void setup()	8	static
../code/task.cpp:66:6:void loop()	8	static
../code/task.cpp:84:6:void task_handler()	8	static
../code/task.cpp:97:6:void HAL_TIM_PeriodElapsedCallback(TIM_HandleTypeDef*)	16	static
../code/task.cpp:105:6:void CCD_Handler()	8	static
../code/task.cpp:110:6:void HAL_UART_RxCpltCallback(UART_HandleTypeDef*)	24	static
../code/task.cpp:129:1:void __static_initialization_and_destruction_0(int, int)	24	static
../code/task.cpp:129:1:cpp)	8	static
