../code/CCD.h:20:7:CCD::CCD()	16	static
../code/IMU.h:28:7:IMU::IMU()	16	static
../code/task.cpp:57:6:void get_vpwr()	16	static
../code/task.cpp:65:6:void setup()	8	static
../code/task.cpp:81:6:void loop()	8	static
../code/task.cpp:128:6:void task_handler()	16	static
../code/task.cpp:238:6:void HAL_TIM_PeriodElapsedCallback(TIM_HandleTypeDef*)	16	static
../code/task.cpp:246:6:void CCD_Handler()	8	static
../code/task.cpp:251:6:void HAL_UART_RxCpltCallback(UART_HandleTypeDef*)	24	static
../code/task.cpp:277:6:void HAL_ADC_ConvCpltCallback(ADC_HandleTypeDef*)	16	static
../code/task.cpp:281:1:void __static_initialization_and_destruction_0(int, int)	24	static
../code/task.cpp:281:1:cpp)	8	static
