Archive member included to satisfy reference by file (symbol)

g:/gcc-arm-none-eabi-10.3-2021.10/bin/../lib/gcc/arm-none-eabi/10.3.1/thumb/v7e-m/nofp\libgcc.a(_arm_muldf3.o)
                              CMakeFiles/control.elf.dir/code/N20_Motor.cpp.obj (__aeabi_dmul)
g:/gcc-arm-none-eabi-10.3-2021.10/bin/../lib/gcc/arm-none-eabi/10.3.1/thumb/v7e-m/nofp\libgcc.a(_arm_mulsf3.o)
                              CMakeFiles/control.elf.dir/code/N20_Motor.cpp.obj (__aeabi_fmul)
g:/gcc-arm-none-eabi-10.3-2021.10/bin/../lib/gcc/arm-none-eabi/10.3.1/thumb/v7e-m/nofp\libgcc.a(_arm_addsubdf3.o)
                              CMakeFiles/control.elf.dir/code/N20_Motor.cpp.obj (__aeabi_dadd)
g:/gcc-arm-none-eabi-10.3-2021.10/bin/../lib/gcc/arm-none-eabi/10.3.1/thumb/v7e-m/nofp\libgcc.a(_arm_truncdfsf2.o)
                              CMakeFiles/control.elf.dir/code/N20_Motor.cpp.obj (__aeabi_d2f)
g:/gcc-arm-none-eabi-10.3-2021.10/bin/../lib/gcc/arm-none-eabi/10.3.1/thumb/v7e-m/nofp\libgcc.a(_arm_addsubsf3.o)
                              CMakeFiles/control.elf.dir/code/N20_Motor.cpp.obj (__aeabi_fsub)
g:/gcc-arm-none-eabi-10.3-2021.10/bin/../lib/gcc/arm-none-eabi/10.3.1/thumb/v7e-m/nofp\libgcc.a(_arm_muldivsf3.o)
                              CMakeFiles/control.elf.dir/code/N20_Motor.cpp.obj (__aeabi_fdiv)
g:/gcc-arm-none-eabi-10.3-2021.10/bin/../lib/gcc/arm-none-eabi/10.3.1/thumb/v7e-m/nofp\libgcc.a(_arm_cmpsf2.o)
                              CMakeFiles/control.elf.dir/code/N20_Motor.cpp.obj (__aeabi_fcmplt)
g:/gcc-arm-none-eabi-10.3-2021.10/bin/../lib/gcc/arm-none-eabi/10.3.1/thumb/v7e-m/nofp\libgcc.a(_arm_fixsfsi.o)
                              CMakeFiles/control.elf.dir/code/N20_Motor.cpp.obj (__aeabi_f2iz)
g:/gcc-arm-none-eabi-10.3-2021.10/bin/../lib/gcc/arm-none-eabi/10.3.1/thumb/v7e-m/nofp\libgcc.a(_aeabi_uldivmod.o)
                              CMakeFiles/control.elf.dir/Drivers/STM32F4xx_HAL_Driver/Src/stm32f4xx_hal_rcc.c.obj (__aeabi_uldivmod)
g:/gcc-arm-none-eabi-10.3-2021.10/bin/../lib/gcc/arm-none-eabi/10.3.1/thumb/v7e-m/nofp\libgcc.a(_udivmoddi4.o)
                              g:/gcc-arm-none-eabi-10.3-2021.10/bin/../lib/gcc/arm-none-eabi/10.3.1/thumb/v7e-m/nofp\libgcc.a(_aeabi_uldivmod.o) (__udivmoddi4)
g:/gcc-arm-none-eabi-10.3-2021.10/bin/../lib/gcc/arm-none-eabi/10.3.1/thumb/v7e-m/nofp\libgcc.a(unwind-arm.o)
                              CMakeFiles/control.elf.dir/code/Encoder.cpp.obj (__aeabi_unwind_cpp_pr0)
g:/gcc-arm-none-eabi-10.3-2021.10/bin/../lib/gcc/arm-none-eabi/10.3.1/thumb/v7e-m/nofp\libgcc.a(libunwind.o)
                              g:/gcc-arm-none-eabi-10.3-2021.10/bin/../lib/gcc/arm-none-eabi/10.3.1/thumb/v7e-m/nofp\libgcc.a(unwind-arm.o) (restore_core_regs)
g:/gcc-arm-none-eabi-10.3-2021.10/bin/../lib/gcc/arm-none-eabi/10.3.1/thumb/v7e-m/nofp\libgcc.a(pr-support.o)
                              g:/gcc-arm-none-eabi-10.3-2021.10/bin/../lib/gcc/arm-none-eabi/10.3.1/thumb/v7e-m/nofp\libgcc.a(unwind-arm.o) (__gnu_unwind_execute)
g:/gcc-arm-none-eabi-10.3-2021.10/bin/../lib/gcc/arm-none-eabi/10.3.1/thumb/v7e-m/nofp\libgcc.a(_dvmd_tls.o)
                              g:/gcc-arm-none-eabi-10.3-2021.10/bin/../lib/gcc/arm-none-eabi/10.3.1/thumb/v7e-m/nofp\libgcc.a(_aeabi_uldivmod.o) (__aeabi_ldiv0)
g:/gcc-arm-none-eabi-10.3-2021.10/bin/../lib/gcc/arm-none-eabi/10.3.1/../../../../arm-none-eabi/lib/thumb/v7e-m/nofp\libg.a(lib_a-abort.o)
                              g:/gcc-arm-none-eabi-10.3-2021.10/bin/../lib/gcc/arm-none-eabi/10.3.1/thumb/v7e-m/nofp\libgcc.a(unwind-arm.o) (abort)
g:/gcc-arm-none-eabi-10.3-2021.10/bin/../lib/gcc/arm-none-eabi/10.3.1/../../../../arm-none-eabi/lib/thumb/v7e-m/nofp\libg.a(lib_a-errno.o)
                              CMakeFiles/control.elf.dir/Core/Src/syscalls.c.obj (__errno)
g:/gcc-arm-none-eabi-10.3-2021.10/bin/../lib/gcc/arm-none-eabi/10.3.1/../../../../arm-none-eabi/lib/thumb/v7e-m/nofp\libg.a(lib_a-exit.o)
                              g:/gcc-arm-none-eabi-10.3-2021.10/bin/../lib/gcc/arm-none-eabi/10.3.1/../../../../arm-none-eabi/lib/thumb/v7e-m/nofp/crt0.o (exit)
g:/gcc-arm-none-eabi-10.3-2021.10/bin/../lib/gcc/arm-none-eabi/10.3.1/../../../../arm-none-eabi/lib/thumb/v7e-m/nofp\libg.a(lib_a-impure.o)
                              g:/gcc-arm-none-eabi-10.3-2021.10/bin/../lib/gcc/arm-none-eabi/10.3.1/../../../../arm-none-eabi/lib/thumb/v7e-m/nofp\libg.a(lib_a-exit.o) (_global_impure_ptr)
g:/gcc-arm-none-eabi-10.3-2021.10/bin/../lib/gcc/arm-none-eabi/10.3.1/../../../../arm-none-eabi/lib/thumb/v7e-m/nofp\libg.a(lib_a-init.o)
                              g:/gcc-arm-none-eabi-10.3-2021.10/bin/../lib/gcc/arm-none-eabi/10.3.1/../../../../arm-none-eabi/lib/thumb/v7e-m/nofp/crt0.o (__libc_init_array)
g:/gcc-arm-none-eabi-10.3-2021.10/bin/../lib/gcc/arm-none-eabi/10.3.1/../../../../arm-none-eabi/lib/thumb/v7e-m/nofp\libg.a(lib_a-memcpy.o)
[...]
Memory Configuration

Name             Origin             Length             Attributes
CCMRAM           0x10000000         0x00010000         xrw
RAM              0x20000000         0x00020000         xrw
FLASH            0x08000000         0x00080000         xr
*default*        0x00000000         0xffffffff

Linker script and memory map

LOAD g:/gcc-arm-none-eabi-10.3-2021.10/bin/../lib/gcc/arm-none-eabi/10.3.1/thumb/v7e-m/nofp/crti.o
LOAD g:/gcc-arm-none-eabi-10.3-2021.10/bin/../lib/gcc/arm-none-eabi/10.3.1/thumb/v7e-m/nofp/crtbegin.o
LOAD g:/gcc-arm-none-eabi-10.3-2021.10/bin/../lib/gcc/arm-none-eabi/10.3.1/../../../../arm-none-eabi/lib/thumb/v7e-m/nofp/crt0.o
LOAD CMakeFiles/control.elf.dir/Core/Src/adc.c.obj
LOAD CMakeFiles/control.elf.dir/Core/Src/can.c.obj
LOAD CMakeFiles/control.elf.dir/Core/Src/dma.c.obj
LOAD CMakeFiles/control.elf.dir/Core/Src/gpio.c.obj
LOAD CMakeFiles/control.elf.dir/Core/Src/i2c.c.obj
LOAD CMakeFiles/control.elf.dir/Core/Src/main.c.obj
LOAD CMakeFiles/control.elf.dir/Core/Src/spi.c.obj
LOAD CMakeFiles/control.elf.dir/Core/Src/stm32f4xx_hal_msp.c.obj
LOAD CMakeFiles/control.elf.dir/Core/Src/stm32f4xx_it.c.obj
LOAD CMakeFiles/control.elf.dir/Core/Src/syscalls.c.obj
LOAD CMakeFiles/control.elf.dir/Core/Src/sysmem.c.obj
LOAD CMakeFiles/control.elf.dir/Core/Src/system_stm32f4xx.c.obj
LOAD CMakeFiles/control.elf.dir/Core/Src/tim.c.obj
LOAD CMakeFiles/control.elf.dir/Core/Src/usart.c.obj
LOAD CMakeFiles/control.elf.dir/Core/Startup/startup_stm32f407vetx.s.obj
LOAD CMakeFiles/control.elf.dir/Drivers/STM32F4xx_HAL_Driver/Src/stm32f4xx_hal.c.obj
LOAD CMakeFiles/control.elf.dir/Drivers/STM32F4xx_HAL_Driver/Src/stm32f4xx_hal_adc.c.obj
LOAD CMakeFiles/control.elf.dir/Drivers/STM32F4xx_HAL_Driver/Src/stm32f4xx_hal_adc_ex.c.obj
LOAD CMakeFiles/control.elf.dir/Drivers/STM32F4xx_HAL_Driver/Src/stm32f4xx_hal_can.c.obj
LOAD CMakeFiles/control.elf.dir/Drivers/STM32F4xx_HAL_Driver/Src/stm32f4xx_hal_cortex.c.obj
LOAD CMakeFiles/control.elf.dir/Drivers/STM32F4xx_HAL_Driver/Src/stm32f4xx_hal_dma.c.obj
LOAD CMakeFiles/control.elf.dir/Drivers/STM32F4xx_HAL_Driver/Src/stm32f4xx_hal_dma_ex.c.obj
LOAD CMakeFiles/control.elf.dir/Drivers/STM32F4xx_HAL_Driver/Src/stm32f4xx_hal_exti.c.obj
LOAD CMakeFiles/control.elf.dir/Drivers/STM32F4xx_HAL_Driver/Src/stm32f4xx_hal_flash.c.obj
LOAD CMakeFiles/control.elf.dir/Drivers/STM32F4xx_HAL_Driver/Src/stm32f4xx_hal_flash_ex.c.obj
LOAD CMakeFiles/control.elf.dir/Drivers/STM32F4xx_HAL_Driver/Src/stm32f4xx_hal_flash_ramfunc.c.obj
LOAD CMakeFiles/control.elf.dir/Drivers/STM32F4xx_HAL_Driver/Src/stm32f4xx_hal_gpio.c.obj
LOAD CMakeFiles/control.elf.dir/Drivers/STM32F4xx_HAL_Driver/Src/stm32f4xx_hal_i2c.c.obj
LOAD CMakeFiles/control.elf.dir/Drivers/STM32F4xx_HAL_Driver/Src/stm32f4xx_hal_i2c_ex.c.obj
LOAD CMakeFiles/control.elf.dir/Drivers/STM32F4xx_HAL_Driver/Src/stm32f4xx_hal_pwr.c.obj
LOAD CMakeFiles/control.elf.dir/Drivers/STM32F4xx_HAL_Driver/Src/stm32f4xx_hal_pwr_ex.c.obj
LOAD CMakeFiles/control.elf.dir/Drivers/STM32F4xx_HAL_Driver/Src/stm32f4xx_hal_rcc.c.obj
LOAD CMakeFiles/control.elf.dir/Drivers/STM32F4xx_HAL_Driver/Src/stm32f4xx_hal_rcc_ex.c.obj
LOAD CMakeFiles/control.elf.dir/Drivers/STM32F4xx_HAL_Driver/Src/stm32f4xx_hal_spi.c.obj
LOAD CMakeFiles/control.elf.dir/Drivers/STM32F4xx_HAL_Driver/Src/stm32f4xx_hal_tim.c.obj
LOAD CMakeFiles/control.elf.dir/Drivers/STM32F4xx_HAL_Driver/Src/stm32f4xx_hal_tim_ex.c.obj
LOAD CMakeFiles/control.elf.dir/Drivers/STM32F4xx_HAL_Driver/Src/stm32f4xx_hal_uart.c.obj
LOAD CMakeFiles/control.elf.dir/Drivers/STM32F4xx_HAL_Driver/Src/stm32f4xx_ll_adc.c.obj
LOAD CMakeFiles/control.elf.dir/code/Encoder.cpp.obj
LOAD CMakeFiles/control.elf.dir/code/N20_Motor.cpp.obj
LOAD CMakeFiles/control.elf.dir/code/PID.cpp.obj
LOAD CMakeFiles/control.elf.dir/code/task.cpp.obj
LOAD g:/gcc-arm-none-eabi-10.3-2021.10/bin/../lib/gcc/arm-none-eabi/10.3.1/../../../../arm-none-eabi/lib/thumb/v7e-m/nofp\libstdc++.a
LOAD g:/gcc-arm-none-eabi-10.3-2021.10/bin/../lib/gcc/arm-none-eabi/10.3.1/../../../../arm-none-eabi/lib/thumb/v7e-m/nofp\libm.a
START GROUP
LOAD g:/gcc-arm-none-eabi-10.3-2021.10/bin/../lib/gcc/arm-none-eabi/10.3.1/thumb/v7e-m/nofp\libgcc.a
LOAD g:/gcc-arm-none-eabi-10.3-2021.10/bin/../lib/gcc/arm-none-eabi/10.3.1/../../../../arm-none-eabi/lib/thumb/v7e-m/nofp\libg.a
LOAD g:/gcc-arm-none-eabi-10.3-2021.10/bin/../lib/gcc/arm-none-eabi/10.3.1/../../../../arm-none-eabi/lib/thumb/v7e-m/nofp\libc.a
END GROUP
LOAD g:/gcc-arm-none-eabi-10.3-2021.10/bin/../lib/gcc/arm-none-eabi/10.3.1/thumb/v7e-m/nofp/crtend.o
LOAD g:/gcc-arm-none-eabi-10.3-2021.10/bin/../lib/gcc/arm-none-eabi/10.3.1/thumb/v7e-m/nofp/crtn.o
                0x20020000                _estack = (ORIGIN (RAM) + LENGTH (RAM))
                0x00000200                _Min_Heap_Size = 0x200
                0x00000400                _Min_Stack_Size = 0x400

.isr_vector     0x08000000      0x188
                0x08000000                . = ALIGN (0x4)
 *(.isr_vector)
 .isr_vector    0x08000000      0x188 CMakeFiles/control.elf.dir/Core/Startup/startup_stm32f407vetx.s.obj
                0x08000000                g_pfnVectors
                0x08000188                . = ALIGN (0x4)

.text           0x08000188     0x5520
                0x08000188                . = ALIGN (0x4)
 *(.text)
 .text          0x08000188       0x40 g:/gcc-arm-none-eabi-10.3-2021.10/bin/../lib/gcc/arm-none-eabi/10.3.1/thumb/v7e-m/nofp/crtbegin.o
 .text          0x080001c8       0x30 g:/gcc-arm-none-eabi-10.3-2021.10/bin/../lib/gcc/arm-none-eabi/10.3.1/thumb/v7e-m/nofp\libgcc.a(_aeabi_uldivmod.o)
                0x080001c8                __aeabi_uldivmod
 .text          0x080001f8      0x2d0 g:/gcc-arm-none-eabi-10.3-2021.10/bin/../lib/gcc/arm-none-eabi/10.3.1/thumb/v7e-m/nofp\libgcc.a(_udivmoddi4.o)
                0x080001f8                __udivmoddi4
 .text          0x080004c8      0x9d8 g:/gcc-arm-none-eabi-10.3-2021.10/bin/../lib/gcc/arm-none-eabi/10.3.1/thumb/v7e-m/nofp\libgcc.a(unwind-arm.o)
                0x08000770                _Unwind_GetCFA
                0x08000774                __gnu_Unwind_RaiseException
                0x080007dc                __gnu_Unwind_ForcedUnwind
                0x080007ec                __gnu_Unwind_Resume
                0x08000830                __gnu_Unwind_Resume_or_Rethrow
                0x08000840                _Unwind_Complete
                0x08000844                _Unwind_DeleteException
                0x08000850                _Unwind_VRS_Get
                0x0800089c                _Unwind_VRS_Set
                0x080008e4                __gnu_Unwind_Backtrace
                0x08000c10                __aeabi_unwind_cpp_pr0
                0x08000c14                __aeabi_unwind_cpp_pr1
                0x08000c18                __aeabi_unwind_cpp_pr2
                0x08000c1c                _Unwind_VRS_Pop
 .text          0x08000ea0      0x1ac g:/gcc-arm-none-eabi-10.3-2021.10/bin/../lib/gcc/arm-none-eabi/10.3.1/thumb/v7e-m/nofp\libgcc.a(libunwind.o)
                0x08000ea0                __restore_core_regs
                0x08000ea0                restore_core_regs
                0x08000eb8                __gnu_Unwind_Restore_VFP
                0x08000ec0                __gnu_Unwind_Save_VFP
                0x08000ec8                __gnu_Unwind_Restore_VFP_D
                0x08000ed0                __gnu_Unwind_Save_VFP_D
                0x08000ed8                __gnu_Unwind_Restore_VFP_D_16_to_31
                0x08000ee0                __gnu_Unwind_Save_VFP_D_16_to_31
                0x08000ee8                __gnu_Unwind_Restore_WMMXD
                0x08000f2c                __gnu_Unwind_Save_WMMXD
                0x08000f70                __gnu_Unwind_Restore_WMMXC
                0x08000f84                __gnu_Unwind_Save_WMMXC
                0x08000f98                ___Unwind_RaiseException
                0x08000f98                _Unwind_RaiseException
                0x08000fbc                _Unwind_Resume
                0x08000fbc                ___Unwind_Resume
                0x08000fe0                _Unwind_Resume_or_Rethrow
                0x08000fe0                ___Unwind_Resume_or_Rethrow
                0x08001004                _Unwind_ForcedUnwind
                0x08001004                ___Unwind_ForcedUnwind
                0x08001028                ___Unwind_Backtrace
                0x08001028                _Unwind_Backtrace
 .text          0x0800104c      0x350 g:/gcc-arm-none-eabi-10.3-2021.10/bin/../lib/gcc/arm-none-eabi/10.3.1/thumb/v7e-m/nofp\libgcc.a(pr-support.o)
                0x080010a4                __gnu_unwind_execute
                0x08001350                __gnu_unwind_frame
                0x0800137c                _Unwind_GetRegionStart
                0x08001388                _Unwind_GetLanguageSpecificData
 .text          0x0800139c        0x4 g:/gcc-arm-none-eabi-10.3-2021.10/bin/../lib/gcc/arm-none-eabi/10.3.1/thumb/v7e-m/nofp\libgcc.a(_dvmd_tls.o)
                0x0800139c                __aeabi_idiv0
                0x0800139c                __aeabi_ldiv0
 .text          0x080013a0      0x134 g:/gcc-arm-none-eabi-10.3-2021.10/bin/../lib/gcc/arm-none-eabi/10.3.1/../../../../arm-none-eabi/lib/thumb/v7e-m/nofp\libg.a(lib_a-memcpy.o)
                0x080013a0                memcpy
 *(.text*)
 .text.MX_ADC1_Init
                0x080014d4       0x70 CMakeFiles/control.elf.dir/Core/Src/adc.c.obj
                0x080014d4                MX_ADC1_Init
 .text.MX_ADC2_Init
                0x08001544       0x70 CMakeFiles/control.elf.dir/Core/Src/adc.c.obj
                0x08001544                MX_ADC2_Init
 .text.MX_ADC3_Init
                0x080015b4       0x74 CMakeFiles/control.elf.dir/Core/Src/adc.c.obj
                0x080015b4                MX_ADC3_Init
 .text.HAL_ADC_MspInit
                0x08001628      0x160 CMakeFiles/control.elf.dir/Core/Src/adc.c.obj
                0x08001628                HAL_ADC_MspInit
 .text.MX_CAN1_Init
                0x08001788       0x38 CMakeFiles/control.elf.dir/Core/Src/can.c.obj
                0x08001788                MX_CAN1_Init
 .text.MX_CAN2_Init
                0x080017c0       0x38 CMakeFiles/control.elf.dir/Core/Src/can.c.obj
                0x080017c0                MX_CAN2_Init
 .text.HAL_CAN_MspInit
                0x080017f8      0x108 CMakeFiles/control.elf.dir/Core/Src/can.c.obj
                0x080017f8                HAL_CAN_MspInit
 .text.MX_DMA_Init
                0x08001900       0x34 CMakeFiles/control.elf.dir/Core/Src/dma.c.obj
                0x08001900                MX_DMA_Init
 .text.MX_GPIO_Init
                0x08001934      0x12c CMakeFiles/control.elf.dir/Core/Src/gpio.c.obj
                0x08001934                MX_GPIO_Init
 .text.MX_I2C1_Init
                0x08001a60       0x3c CMakeFiles/control.elf.dir/Core/Src/i2c.c.obj
                0x08001a60                MX_I2C1_Init
 .text.MX_I2C2_Init
                0x08001a9c       0x3c CMakeFiles/control.elf.dir/Core/Src/i2c.c.obj
                0x08001a9c                MX_I2C2_Init
 .text.HAL_I2C_MspInit
                0x08001ad8       0xc4 CMakeFiles/control.elf.dir/Core/Src/i2c.c.obj
                0x08001ad8                HAL_I2C_MspInit
 .text.Error_Handler
                0x08001b9c        0x4 CMakeFiles/control.elf.dir/Core/Src/main.c.obj
                0x08001b9c                Error_Handler
 .text.SystemClock_Config
                0x08001ba0       0xa8 CMakeFiles/control.elf.dir/Core/Src/main.c.obj
                0x08001ba0                SystemClock_Config
 .text.main     0x08001c48       0x68 CMakeFiles/control.elf.dir/Core/Src/main.c.obj
                0x08001c48                main
 .text.MX_SPI2_Init
                0x08001cb0       0x40 CMakeFiles/control.elf.dir/Core/Src/spi.c.obj
                0x08001cb0                MX_SPI2_Init
 .text.HAL_SPI_MspInit
                0x08001cf0       0x9c CMakeFiles/control.elf.dir/Core/Src/spi.c.obj
                0x08001cf0                HAL_SPI_MspInit
 .text.HAL_MspInit
                0x08001d8c       0x38 CMakeFiles/control.elf.dir/Core/Src/stm32f4xx_hal_msp.c.obj
                0x08001d8c                HAL_MspInit
 .text.NMI_Handler
                0x08001dc4        0x2 CMakeFiles/control.elf.dir/Core/Src/stm32f4xx_it.c.obj
                0x08001dc4                NMI_Handler
 .text.HardFault_Handler
                0x08001dc6        0x2 CMakeFiles/control.elf.dir/Core/Src/stm32f4xx_it.c.obj
                0x08001dc6                HardFault_Handler
 .text.MemManage_Handler
                0x08001dc8        0x2 CMakeFiles/control.elf.dir/Core/Src/stm32f4xx_it.c.obj
                0x08001dc8                MemManage_Handler
 .text.BusFault_Handler
                0x08001dca        0x2 CMakeFiles/control.elf.dir/Core/Src/stm32f4xx_it.c.obj
                0x08001dca                BusFault_Handler
 .text.UsageFault_Handler
                0x08001dcc        0x2 CMakeFiles/control.elf.dir/Core/Src/stm32f4xx_it.c.obj
                0x08001dcc                UsageFault_Handler
 .text.SVC_Handler
                0x08001dce        0x2 CMakeFiles/control.elf.dir/Core/Src/stm32f4xx_it.c.obj
                0x08001dce                SVC_Handler
 .text.DebugMon_Handler
                0x08001dd0        0x2 CMakeFiles/control.elf.dir/Core/Src/stm32f4xx_it.c.obj
                0x08001dd0                DebugMon_Handler
 .text.PendSV_Handler
                0x08001dd2        0x2 CMakeFiles/control.elf.dir/Core/Src/stm32f4xx_it.c.obj
                0x08001dd2                PendSV_Handler
 .text.SysTick_Handler
                0x08001dd4        0xc CMakeFiles/control.elf.dir/Core/Src/stm32f4xx_it.c.obj
                0x08001dd4                SysTick_Handler
 .text.TIM1_TRG_COM_TIM11_IRQHandler
                0x08001de0       0x10 CMakeFiles/control.elf.dir/Core/Src/stm32f4xx_it.c.obj
                0x08001de0                TIM1_TRG_COM_TIM11_IRQHandler
 .text.TIM2_IRQHandler
                0x08001df0       0x10 CMakeFiles/control.elf.dir/Core/Src/stm32f4xx_it.c.obj
                0x08001df0                TIM2_IRQHandler
 .text.TIM3_IRQHandler
                0x08001e00       0x10 CMakeFiles/control.elf.dir/Core/Src/stm32f4xx_it.c.obj
                0x08001e00                TIM3_IRQHandler
 .text.TIM4_IRQHandler
                0x08001e10       0x10 CMakeFiles/control.elf.dir/Core/Src/stm32f4xx_it.c.obj
                0x08001e10                TIM4_IRQHandler
 .text.USART1_IRQHandler
                0x08001e20       0x10 CMakeFiles/control.elf.dir/Core/Src/stm32f4xx_it.c.obj
                0x08001e20                USART1_IRQHandler
 .text.TIM5_IRQHandler
                0x08001e30       0x10 CMakeFiles/control.elf.dir/Core/Src/stm32f4xx_it.c.obj
                0x08001e30                TIM5_IRQHandler
 .text.DMA2_Stream0_IRQHandler
                0x08001e40       0x10 CMakeFiles/control.elf.dir/Core/Src/stm32f4xx_it.c.obj
                0x08001e40                DMA2_Stream0_IRQHandler
 .text._getpid  0x08001e50        0x4 CMakeFiles/control.elf.dir/Core/Src/syscalls.c.obj
                0x08001e50                _getpid
 .text._kill    0x08001e54       0x10 CMakeFiles/control.elf.dir/Core/Src/syscalls.c.obj
                0x08001e54                _kill
 .text._exit    0x08001e64        0xc CMakeFiles/control.elf.dir/Core/Src/syscalls.c.obj
                0x08001e64                _exit
 .text.SystemInit
                0x08001e70        0x2 CMakeFiles/control.elf.dir/Core/Src/system_stm32f4xx.c.obj
                0x08001e70                SystemInit
 *fill*         0x08001e72        0x2 
 .text.MX_TIM2_Init
                0x08001e74       0x64 CMakeFiles/control.elf.dir/Core/Src/tim.c.obj
                0x08001e74                MX_TIM2_Init
 .text.MX_TIM3_Init
                0x08001ed8       0x64 CMakeFiles/control.elf.dir/Core/Src/tim.c.obj
                0x08001ed8                MX_TIM3_Init
 .text.MX_TIM5_Init
                0x08001f3c       0x64 CMakeFiles/control.elf.dir/Core/Src/tim.c.obj
                0x08001f3c                MX_TIM5_Init
 .text.HAL_TIM_Base_MspInit
                0x08001fa0       0xe0 CMakeFiles/control.elf.dir/Core/Src/tim.c.obj
                0x08001fa0                HAL_TIM_Base_MspInit
 .text.HAL_TIM_Encoder_MspInit
                0x08002080      0x160 CMakeFiles/control.elf.dir/Core/Src/tim.c.obj
                0x08002080                HAL_TIM_Encoder_MspInit
 .text.HAL_TIM_MspPostInit
                0x080021e0      0x148 CMakeFiles/control.elf.dir/Core/Src/tim.c.obj
                0x080021e0                HAL_TIM_MspPostInit
 .text.MX_TIM1_Init
                0x08002328      0x120 CMakeFiles/control.elf.dir/Core/Src/tim.c.obj
                0x08002328                MX_TIM1_Init
 .text.MX_TIM4_Init
                0x08002448       0xb0 CMakeFiles/control.elf.dir/Core/Src/tim.c.obj
                0x08002448                MX_TIM4_Init
 .text.MX_TIM8_Init
                0x080024f8      0x120 CMakeFiles/control.elf.dir/Core/Src/tim.c.obj
                0x080024f8                MX_TIM8_Init
 .text.MX_TIM9_Init
                0x08002618       0xa8 CMakeFiles/control.elf.dir/Core/Src/tim.c.obj
                0x08002618                MX_TIM9_Init
 .text.MX_TIM12_Init
                0x080026c0       0xa8 CMakeFiles/control.elf.dir/Core/Src/tim.c.obj
                0x080026c0                MX_TIM12_Init
 .text.MX_USART1_UART_Init
                0x08002768       0x34 CMakeFiles/control.elf.dir/Core/Src/usart.c.obj
                0x08002768                MX_USART1_UART_Init
 .text.MX_USART2_UART_Init
                0x0800279c       0x34 CMakeFiles/control.elf.dir/Core/Src/usart.c.obj
                0x0800279c                MX_USART2_UART_Init
 .text.MX_USART3_UART_Init
                0x080027d0       0x34 CMakeFiles/control.elf.dir/Core/Src/usart.c.obj
                0x080027d0                MX_USART3_UART_Init
 .text.HAL_UART_MspInit
                0x08002804      0x128 CMakeFiles/control.elf.dir/Core/Src/usart.c.obj
                0x08002804                HAL_UART_MspInit
 .text.Reset_Handler
                0x0800292c       0x50 CMakeFiles/control.elf.dir/Core/Startup/startup_stm32f407vetx.s.obj
                0x0800292c                Reset_Handler
 .text.Default_Handler
                0x0800297c        0x2 CMakeFiles/control.elf.dir/Core/Startup/startup_stm32f407vetx.s.obj
                0x0800297c                RTC_Alarm_IRQHandler
                0x0800297c                HASH_RNG_IRQHandler
                0x0800297c                EXTI2_IRQHandler
                0x0800297c                TIM8_CC_IRQHandler
                0x0800297c                TIM1_CC_IRQHandler
                0x0800297c                DMA2_Stream5_IRQHandler
                0x0800297c                DMA1_Stream5_IRQHandler
                0x0800297c                PVD_IRQHandler
                0x0800297c                SDIO_IRQHandler
                0x0800297c                TAMP_STAMP_IRQHandler
                0x0800297c                CAN2_RX1_IRQHandler
                0x0800297c                EXTI3_IRQHandler
                0x0800297c                TIM8_TRG_COM_TIM14_IRQHandler
                0x0800297c                TIM1_UP_TIM10_IRQHandler
                0x0800297c                TIM8_UP_TIM13_IRQHandler
                0x0800297c                I2C3_ER_IRQHandler
                0x0800297c                EXTI0_IRQHandler
                0x0800297c                I2C2_EV_IRQHandler
                0x0800297c                DMA1_Stream2_IRQHandler
                0x0800297c                CAN1_RX0_IRQHandler
                0x0800297c                FPU_IRQHandler
                0x0800297c                OTG_HS_WKUP_IRQHandler
                0x0800297c                CAN2_SCE_IRQHandler
                0x0800297c                DMA2_Stream2_IRQHandler
                0x0800297c                SPI1_IRQHandler
                0x0800297c                TIM6_DAC_IRQHandler
                0x0800297c                TIM1_BRK_TIM9_IRQHandler
                0x0800297c                DCMI_IRQHandler
                0x0800297c                CAN2_RX0_IRQHandler
                0x0800297c                DMA2_Stream3_IRQHandler
                0x0800297c                USART6_IRQHandler
                0x0800297c                USART3_IRQHandler
                0x0800297c                CAN1_RX1_IRQHandler
                0x0800297c                UART5_IRQHandler
                0x0800297c                I2C1_EV_IRQHandler
                0x0800297c                DMA1_Stream6_IRQHandler
                0x0800297c                DMA1_Stream1_IRQHandler
                0x0800297c                UART4_IRQHandler
                0x0800297c                RCC_IRQHandler
                0x0800297c                TIM8_BRK_TIM12_IRQHandler
                0x0800297c                Default_Handler
                0x0800297c                EXTI15_10_IRQHandler
                0x0800297c                ADC_IRQHandler
                0x0800297c                DMA1_Stream7_IRQHandler
                0x0800297c                TIM7_IRQHandler
                0x0800297c                CAN2_TX_IRQHandler
                0x0800297c                DMA2_Stream7_IRQHandler
                0x0800297c                I2C3_EV_IRQHandler
                0x0800297c                EXTI9_5_IRQHandler
                0x0800297c                RTC_WKUP_IRQHandler
                0x0800297c                ETH_WKUP_IRQHandler
                0x0800297c                SPI2_IRQHandler
                0x0800297c                OTG_HS_EP1_IN_IRQHandler
                0x0800297c                DMA1_Stream0_IRQHandler
                0x0800297c                CAN1_TX_IRQHandler
                0x0800297c                EXTI4_IRQHandler
                0x0800297c                FSMC_IRQHandler
                0x0800297c                ETH_IRQHandler
                0x0800297c                OTG_HS_EP1_OUT_IRQHandler
                0x0800297c                WWDG_IRQHandler
                0x0800297c                OTG_FS_WKUP_IRQHandler
                0x0800297c                OTG_HS_IRQHandler
                0x0800297c                EXTI1_IRQHandler
                0x0800297c                USART2_IRQHandler
                0x0800297c                I2C2_ER_IRQHandler
                0x0800297c                DMA2_Stream1_IRQHandler
                0x0800297c                CAN1_SCE_IRQHandler
                0x0800297c                FLASH_IRQHandler
                0x0800297c                DMA2_Stream4_IRQHandler
                0x0800297c                OTG_FS_IRQHandler
                0x0800297c                SPI3_IRQHandler
                0x0800297c                DMA1_Stream4_IRQHandler
                0x0800297c                I2C1_ER_IRQHandler
                0x0800297c                DMA2_Stream6_IRQHandler
                0x0800297c                DMA1_Stream3_IRQHandler
 *fill*         0x0800297e        0x2 
 .text.HAL_InitTick
                0x08002980       0x4c CMakeFiles/control.elf.dir/Drivers/STM32F4xx_HAL_Driver/Src/stm32f4xx_hal.c.obj
                0x08002980                HAL_InitTick
 .text.HAL_Init
                0x080029cc       0x34 CMakeFiles/control.elf.dir/Drivers/STM32F4xx_HAL_Driver/Src/stm32f4xx_hal.c.obj
                0x080029cc                HAL_Init
 .text.HAL_IncTick
                0x08002a00       0x18 CMakeFiles/control.elf.dir/Drivers/STM32F4xx_HAL_Driver/Src/stm32f4xx_hal.c.obj
                0x08002a00                HAL_IncTick
 .text.HAL_GetTick
                0x08002a18        0xc CMakeFiles/control.elf.dir/Drivers/STM32F4xx_HAL_Driver/Src/stm32f4xx_hal.c.obj
                0x08002a18                HAL_GetTick
 .text.HAL_Delay
                0x08002a24       0x28 CMakeFiles/control.elf.dir/Drivers/STM32F4xx_HAL_Driver/Src/stm32f4xx_hal.c.obj
                0x08002a24                HAL_Delay
 .text.ADC_Init
                0x08002a4c      0x134 CMakeFiles/control.elf.dir/Drivers/STM32F4xx_HAL_Driver/Src/stm32f4xx_hal_adc.c.obj
 .text.HAL_ADC_Init
                0x08002b80       0x56 CMakeFiles/control.elf.dir/Drivers/STM32F4xx_HAL_Driver/Src/stm32f4xx_hal_adc.c.obj
                0x08002b80                HAL_ADC_Init
 *fill*         0x08002bd6        0x2 
 .text.HAL_ADC_Start_DMA
                0x08002bd8      0x19c CMakeFiles/control.elf.dir/Drivers/STM32F4xx_HAL_Driver/Src/stm32f4xx_hal_adc.c.obj
                0x08002bd8                HAL_ADC_Start_DMA
 .text.HAL_ADC_ConvCpltCallback
                0x08002d74        0x2 CMakeFiles/control.elf.dir/Drivers/STM32F4xx_HAL_Driver/Src/stm32f4xx_hal_adc.c.obj
                0x08002d74                HAL_ADC_ConvCpltCallback
 .text.HAL_ADC_ConvHalfCpltCallback
                0x08002d76        0x2 CMakeFiles/control.elf.dir/Drivers/STM32F4xx_HAL_Driver/Src/stm32f4xx_hal_adc.c.obj
                0x08002d76                HAL_ADC_ConvHalfCpltCallback
 .text.ADC_DMAHalfConvCplt
                0x08002d78        0xa CMakeFiles/control.elf.dir/Drivers/STM32F4xx_HAL_Driver/Src/stm32f4xx_hal_adc.c.obj
 .text.HAL_ADC_ErrorCallback
                0x08002d82        0x2 CMakeFiles/control.elf.dir/Drivers/STM32F4xx_HAL_Driver/Src/stm32f4xx_hal_adc.c.obj
                0x08002d82                HAL_ADC_ErrorCallback
 .text.ADC_DMAError
                0x08002d84       0x16 CMakeFiles/control.elf.dir/Drivers/STM32F4xx_HAL_Driver/Src/stm32f4xx_hal_adc.c.obj
 .text.ADC_DMAConvCplt
                0x08002d9a       0x72 CMakeFiles/control.elf.dir/Drivers/STM32F4xx_HAL_Driver/Src/stm32f4xx_hal_adc.c.obj
 .text.HAL_ADC_ConfigChannel
                0x08002e0c      0x198 CMakeFiles/control.elf.dir/Drivers/STM32F4xx_HAL_Driver/Src/stm32f4xx_hal_adc.c.obj
                0x08002e0c                HAL_ADC_ConfigChannel
 .text.HAL_CAN_Init
                0x08002fa4      0x14c CMakeFiles/control.elf.dir/Drivers/STM32F4xx_HAL_Driver/Src/stm32f4xx_hal_can.c.obj
                0x08002fa4                HAL_CAN_Init
 .text.HAL_NVIC_SetPriorityGrouping
                0x080030f0       0x24 CMakeFiles/control.elf.dir/Drivers/STM32F4xx_HAL_Driver/Src/stm32f4xx_hal_cortex.c.obj
                0x080030f0                HAL_NVIC_SetPriorityGrouping
 .text.HAL_NVIC_SetPriority
                0x08003114       0x70 CMakeFiles/control.elf.dir/Drivers/STM32F4xx_HAL_Driver/Src/stm32f4xx_hal_cortex.c.obj
                0x08003114                HAL_NVIC_SetPriority
 .text.HAL_NVIC_EnableIRQ
                0x08003184       0x1c CMakeFiles/control.elf.dir/Drivers/STM32F4xx_HAL_Driver/Src/stm32f4xx_hal_cortex.c.obj
                0x08003184                HAL_NVIC_EnableIRQ
 .text.HAL_SYSTICK_Config
                0x080031a0       0x28 CMakeFiles/control.elf.dir/Drivers/STM32F4xx_HAL_Driver/Src/stm32f4xx_hal_cortex.c.obj
                0x080031a0                HAL_SYSTICK_Config
 .text.DMA_SetConfig
                0x080031c8       0x2c CMakeFiles/control.elf.dir/Drivers/STM32F4xx_HAL_Driver/Src/stm32f4xx_hal_dma.c.obj
 .text.DMA_CalcBaseAndBitshift
                0x080031f4       0x40 CMakeFiles/control.elf.dir/Drivers/STM32F4xx_HAL_Driver/Src/stm32f4xx_hal_dma.c.obj
 .text.DMA_CheckFifoParam
                0x08003234       0x8e CMakeFiles/control.elf.dir/Drivers/STM32F4xx_HAL_Driver/Src/stm32f4xx_hal_dma.c.obj
 *fill*         0x080032c2        0x2 
 .text.HAL_DMA_Init
                0x080032c4       0xcc CMakeFiles/control.elf.dir/Drivers/STM32F4xx_HAL_Driver/Src/stm32f4xx_hal_dma.c.obj
                0x080032c4                HAL_DMA_Init
 .text.HAL_DMA_Start_IT
                0x08003390       0x6a CMakeFiles/control.elf.dir/Drivers/STM32F4xx_HAL_Driver/Src/stm32f4xx_hal_dma.c.obj
                0x08003390                HAL_DMA_Start_IT
 .text.HAL_DMA_Abort
                0x080033fa       0x94 CMakeFiles/control.elf.dir/Drivers/STM32F4xx_HAL_Driver/Src/stm32f4xx_hal_dma.c.obj
                0x080033fa                HAL_DMA_Abort
 .text.HAL_DMA_Abort_IT
                0x0800348e       0x26 CMakeFiles/control.elf.dir/Drivers/STM32F4xx_HAL_Driver/Src/stm32f4xx_hal_dma.c.obj
                0x0800348e                HAL_DMA_Abort_IT
 .text.HAL_DMA_IRQHandler
                0x080034b4      0x1dc CMakeFiles/control.elf.dir/Drivers/STM32F4xx_HAL_Driver/Src/stm32f4xx_hal_dma.c.obj
                0x080034b4                HAL_DMA_IRQHandler
 .text.HAL_GPIO_Init
                0x08003690      0x1e4 CMakeFiles/control.elf.dir/Drivers/STM32F4xx_HAL_Driver/Src/stm32f4xx_hal_gpio.c.obj
                0x08003690                HAL_GPIO_Init
 .text.HAL_GPIO_WritePin
                0x08003874        0xc CMakeFiles/control.elf.dir/Drivers/STM32F4xx_HAL_Driver/Src/stm32f4xx_hal_gpio.c.obj
                0x08003874                HAL_GPIO_WritePin
 .text.HAL_GPIO_TogglePin
                0x08003880       0x12 CMakeFiles/control.elf.dir/Drivers/STM32F4xx_HAL_Driver/Src/stm32f4xx_hal_gpio.c.obj
                0x08003880                HAL_GPIO_TogglePin
 *fill*         0x08003892        0x2 
 .text.HAL_I2C_Init
                0x08003894      0x1bc CMakeFiles/control.elf.dir/Drivers/STM32F4xx_HAL_Driver/Src/stm32f4xx_hal_i2c.c.obj
                0x08003894                HAL_I2C_Init
 .text.HAL_RCC_OscConfig
                0x08003a50      0x3f8 CMakeFiles/control.elf.dir/Drivers/STM32F4xx_HAL_Driver/Src/stm32f4xx_hal_rcc.c.obj
                0x08003a50                HAL_RCC_OscConfig
 .text.HAL_RCC_GetSysClockFreq
                0x08003e48       0xd4 CMakeFiles/control.elf.dir/Drivers/STM32F4xx_HAL_Driver/Src/stm32f4xx_hal_rcc.c.obj
                0x08003e48                HAL_RCC_GetSysClockFreq
 .text.HAL_RCC_ClockConfig
                0x08003f1c      0x160 CMakeFiles/control.elf.dir/Drivers/STM32F4xx_HAL_Driver/Src/stm32f4xx_hal_rcc.c.obj
                0x08003f1c                HAL_RCC_ClockConfig
 .text.HAL_RCC_GetHCLKFreq
                0x0800407c        0xc CMakeFiles/control.elf.dir/Drivers/STM32F4xx_HAL_Driver/Src/stm32f4xx_hal_rcc.c.obj
                0x0800407c                HAL_RCC_GetHCLKFreq
 .text.HAL_RCC_GetPCLK1Freq
                0x08004088       0x20 CMakeFiles/control.elf.dir/Drivers/STM32F4xx_HAL_Driver/Src/stm32f4xx_hal_rcc.c.obj
                0x08004088                HAL_RCC_GetPCLK1Freq
 .text.HAL_RCC_GetPCLK2Freq
                0x080040a8       0x20 CMakeFiles/control.elf.dir/Drivers/STM32F4xx_HAL_Driver/Src/stm32f4xx_hal_rcc.c.obj
                0x080040a8                HAL_RCC_GetPCLK2Freq
 .text.HAL_SPI_Init
                0x080040c8       0xbe CMakeFiles/control.elf.dir/Drivers/STM32F4xx_HAL_Driver/Src/stm32f4xx_hal_spi.c.obj
                0x080040c8                HAL_SPI_Init
 *fill*         0x08004186        0x2 
 .text.TIM_OC1_SetConfig
                0x08004188       0x68 CMakeFiles/control.elf.dir/Drivers/STM32F4xx_HAL_Driver/Src/stm32f4xx_hal_tim.c.obj
 .text.TIM_OC3_SetConfig
                0x080041f0       0x70 CMakeFiles/control.elf.dir/Drivers/STM32F4xx_HAL_Driver/Src/stm32f4xx_hal_tim.c.obj
 .text.TIM_OC4_SetConfig
                0x08004260       0x50 CMakeFiles/control.elf.dir/Drivers/STM32F4xx_HAL_Driver/Src/stm32f4xx_hal_tim.c.obj
 .text.TIM_TI1_ConfigInputStage
                0x080042b0       0x24 CMakeFiles/control.elf.dir/Drivers/STM32F4xx_HAL_Driver/Src/stm32f4xx_hal_tim.c.obj
 .text.TIM_TI2_ConfigInputStage
                0x080042d4       0x26 CMakeFiles/control.elf.dir/Drivers/STM32F4xx_HAL_Driver/Src/stm32f4xx_hal_tim.c.obj
 .text.TIM_ITRx_SetConfig
                0x080042fa       0x10 CMakeFiles/control.elf.dir/Drivers/STM32F4xx_HAL_Driver/Src/stm32f4xx_hal_tim.c.obj
 *fill*         0x0800430a        0x2 
 .text.HAL_TIM_Base_Start_IT
                0x0800430c       0x88 CMakeFiles/control.elf.dir/Drivers/STM32F4xx_HAL_Driver/Src/stm32f4xx_hal_tim.c.obj
                0x0800430c                HAL_TIM_Base_Start_IT
 .text.HAL_TIM_PWM_MspInit
                0x08004394        0x2 CMakeFiles/control.elf.dir/Drivers/STM32F4xx_HAL_Driver/Src/stm32f4xx_hal_tim.c.obj
                0x08004394                HAL_TIM_PWM_MspInit
 .text.HAL_TIM_OC_DelayElapsedCallback
                0x08004396        0x2 CMakeFiles/control.elf.dir/Drivers/STM32F4xx_HAL_Driver/Src/stm32f4xx_hal_tim.c.obj
                0x08004396                HAL_TIM_OC_DelayElapsedCallback
 .text.HAL_TIM_IC_CaptureCallback
                0x08004398        0x2 CMakeFiles/control.elf.dir/Drivers/STM32F4xx_HAL_Driver/Src/stm32f4xx_hal_tim.c.obj
                0x08004398                HAL_TIM_IC_CaptureCallback
 .text.HAL_TIM_TriggerCallback
                0x0800439a        0x2 CMakeFiles/control.elf.dir/Drivers/STM32F4xx_HAL_Driver/Src/stm32f4xx_hal_tim.c.obj
                0x0800439a                HAL_TIM_TriggerCallback
 .text.HAL_TIM_IRQHandler
                0x0800439c      0x17a CMakeFiles/control.elf.dir/Drivers/STM32F4xx_HAL_Driver/Src/stm32f4xx_hal_tim.c.obj
                0x0800439c                HAL_TIM_IRQHandler
 *fill*         0x08004516        0x2 
 .text.TIM_Base_SetConfig
                0x08004518       0xc8 CMakeFiles/control.elf.dir/Drivers/STM32F4xx_HAL_Driver/Src/stm32f4xx_hal_tim.c.obj
                0x08004518                TIM_Base_SetConfig
 .text.HAL_TIM_Base_Init
                0x080045e0       0x58 CMakeFiles/control.elf.dir/Drivers/STM32F4xx_HAL_Driver/Src/stm32f4xx_hal_tim.c.obj
                0x080045e0                HAL_TIM_Base_Init
 .text.HAL_TIM_PWM_Init
                0x08004638       0x58 CMakeFiles/control.elf.dir/Drivers/STM32F4xx_HAL_Driver/Src/stm32f4xx_hal_tim.c.obj
                0x08004638                HAL_TIM_PWM_Init
 .text.HAL_TIM_Encoder_Init
                0x08004690       0xb8 CMakeFiles/control.elf.dir/Drivers/STM32F4xx_HAL_Driver/Src/stm32f4xx_hal_tim.c.obj
                0x08004690                HAL_TIM_Encoder_Init
 .text.TIM_OC2_SetConfig
                0x08004748       0x70 CMakeFiles/control.elf.dir/Drivers/STM32F4xx_HAL_Driver/Src/stm32f4xx_hal_tim.c.obj
                0x08004748                TIM_OC2_SetConfig
 .text.HAL_TIM_PWM_ConfigChannel
                0x080047b8       0xdc CMakeFiles/control.elf.dir/Drivers/STM32F4xx_HAL_Driver/Src/stm32f4xx_hal_tim.c.obj
                0x080047b8                HAL_TIM_PWM_ConfigChannel
 .text.TIM_ETR_SetConfig
                0x08004894       0x18 CMakeFiles/control.elf.dir/Drivers/STM32F4xx_HAL_Driver/Src/stm32f4xx_hal_tim.c.obj
                0x08004894                TIM_ETR_SetConfig
 .text.HAL_TIM_ConfigClockSource
                0x080048ac       0xfe CMakeFiles/control.elf.dir/Drivers/STM32F4xx_HAL_Driver/Src/stm32f4xx_hal_tim.c.obj
                0x080048ac                HAL_TIM_ConfigClockSource
 .text.TIM_CCxChannelCmd
                0x080049aa       0x1e CMakeFiles/control.elf.dir/Drivers/STM32F4xx_HAL_Driver/Src/stm32f4xx_hal_tim.c.obj
                0x080049aa                TIM_CCxChannelCmd
 .text.HAL_TIM_PWM_Start
                0x080049c8      0x104 CMakeFiles/control.elf.dir/Drivers/STM32F4xx_HAL_Driver/Src/stm32f4xx_hal_tim.c.obj
                0x080049c8                HAL_TIM_PWM_Start
 .text.HAL_TIM_Encoder_Start
                0x08004acc       0xcc CMakeFiles/control.elf.dir/Drivers/STM32F4xx_HAL_Driver/Src/stm32f4xx_hal_tim.c.obj
                0x08004acc                HAL_TIM_Encoder_Start
 .text.HAL_TIMEx_MasterConfigSynchronization
                0x08004b98       0x8c CMakeFiles/control.elf.dir/Drivers/STM32F4xx_HAL_Driver/Src/stm32f4xx_hal_tim_ex.c.obj
                0x08004b98                HAL_TIMEx_MasterConfigSynchronization
 .text.HAL_TIMEx_ConfigBreakDeadTime
                0x08004c24       0x52 CMakeFiles/control.elf.dir/Drivers/STM32F4xx_HAL_Driver/Src/stm32f4xx_hal_tim_ex.c.obj
                0x08004c24                HAL_TIMEx_ConfigBreakDeadTime
 .text.HAL_TIMEx_CommutCallback
                0x08004c76        0x2 CMakeFiles/control.elf.dir/Drivers/STM32F4xx_HAL_Driver/Src/stm32f4xx_hal_tim_ex.c.obj
                0x08004c76                HAL_TIMEx_CommutCallback
 .text.HAL_TIMEx_BreakCallback
                0x08004c78        0x2 CMakeFiles/control.elf.dir/Drivers/STM32F4xx_HAL_Driver/Src/stm32f4xx_hal_tim_ex.c.obj
                0x08004c78                HAL_TIMEx_BreakCallback
 .text.UART_EndRxTransfer
                0x08004c7a       0x5c CMakeFiles/control.elf.dir/Drivers/STM32F4xx_HAL_Driver/Src/stm32f4xx_hal_uart.c.obj
 .text.UART_Transmit_IT
                0x08004cd6       0x60 CMakeFiles/control.elf.dir/Drivers/STM32F4xx_HAL_Driver/Src/stm32f4xx_hal_uart.c.obj
 *fill*         0x08004d36        0x2 
 .text.UART_SetConfig
                0x08004d38      0x110 CMakeFiles/control.elf.dir/Drivers/STM32F4xx_HAL_Driver/Src/stm32f4xx_hal_uart.c.obj
 .text.HAL_UART_Init
                0x08004e48       0x5e CMakeFiles/control.elf.dir/Drivers/STM32F4xx_HAL_Driver/Src/stm32f4xx_hal_uart.c.obj
                0x08004e48                HAL_UART_Init
 .text.HAL_UART_TxCpltCallback
                0x08004ea6        0x2 CMakeFiles/control.elf.dir/Drivers/STM32F4xx_HAL_Driver/Src/stm32f4xx_hal_uart.c.obj
                0x08004ea6                HAL_UART_TxCpltCallback
 .text.UART_EndTransmit_IT
                0x08004ea8       0x1a CMakeFiles/control.elf.dir/Drivers/STM32F4xx_HAL_Driver/Src/stm32f4xx_hal_uart.c.obj
 .text.HAL_UART_RxCpltCallback
                0x08004ec2        0x2 CMakeFiles/control.elf.dir/Drivers/STM32F4xx_HAL_Driver/Src/stm32f4xx_hal_uart.c.obj
                0x08004ec2                HAL_UART_RxCpltCallback
 .text.HAL_UART_ErrorCallback
                0x08004ec4        0x2 CMakeFiles/control.elf.dir/Drivers/STM32F4xx_HAL_Driver/Src/stm32f4xx_hal_uart.c.obj
                0x08004ec4                HAL_UART_ErrorCallback
 .text.UART_DMAAbortOnError
                0x08004ec6       0x10 CMakeFiles/control.elf.dir/Drivers/STM32F4xx_HAL_Driver/Src/stm32f4xx_hal_uart.c.obj
 .text.HAL_UARTEx_RxEventCallback
                0x08004ed6        0x2 CMakeFiles/control.elf.dir/Drivers/STM32F4xx_HAL_Driver/Src/stm32f4xx_hal_uart.c.obj
                0x08004ed6                HAL_UARTEx_RxEventCallback
 .text.UART_Receive_IT
                0x08004ed8       0xe2 CMakeFiles/control.elf.dir/Drivers/STM32F4xx_HAL_Driver/Src/stm32f4xx_hal_uart.c.obj
 *fill*         0x08004fba        0x2 
 .text.HAL_UART_IRQHandler
                0x08004fbc      0x280 CMakeFiles/control.elf.dir/Drivers/STM32F4xx_HAL_Driver/Src/stm32f4xx_hal_uart.c.obj
                0x08004fbc                HAL_UART_IRQHandler
 .text._ZN7EncoderC2EP17TIM_HandleTypeDef
                0x0800523c        0xc CMakeFiles/control.elf.dir/code/Encoder.cpp.obj
                0x0800523c                Encoder::Encoder(TIM_HandleTypeDef*)
                0x0800523c                Encoder::Encoder(TIM_HandleTypeDef*)
 .text._ZN7Encoder4initEv
                0x08005248       0x14 CMakeFiles/control.elf.dir/code/Encoder.cpp.obj
                0x08005248                Encoder::init()
 .text._ZN7Encoder15overflow_updateEv
                0x0800525c       0x1c CMakeFiles/control.elf.dir/code/Encoder.cpp.obj
                0x0800525c                Encoder::overflow_update()
 .text._ZN9N20_MotorC2EP17TIM_HandleTypeDefmmP7Encoderfff
                0x08005278       0x34 CMakeFiles/control.elf.dir/code/N20_Motor.cpp.obj
                0x08005278                N20_Motor::N20_Motor(TIM_HandleTypeDef*, unsigned long, unsigned long, Encoder*, float, float, float)
                0x08005278                N20_Motor::N20_Motor(TIM_HandleTypeDef*, unsigned long, unsigned long, Encoder*, float, float, float)
 .text._Z41__static_initialization_and_destruction_0ii
                0x080052ac       0x8c CMakeFiles/control.elf.dir/code/task.cpp.obj
 .text.setup    0x08005338       0x24 CMakeFiles/control.elf.dir/code/task.cpp.obj
                0x08005338                setup
 .text.loop     0x0800535c       0x1c CMakeFiles/control.elf.dir/code/task.cpp.obj
                0x0800535c                loop
 .text.task_handler
                0x08005378        0x2 CMakeFiles/control.elf.dir/code/task.cpp.obj
                0x08005378                task_handler
 *fill*         0x0800537a        0x2 
 .text.HAL_TIM_PeriodElapsedCallback
                0x0800537c       0x30 CMakeFiles/control.elf.dir/code/task.cpp.obj
                0x0800537c                HAL_TIM_PeriodElapsedCallback
 .text.HAL_TIM_PWM_PulseFinishedCallback
                0x080053ac       0x60 CMakeFiles/control.elf.dir/code/task.cpp.obj
                0x080053ac                HAL_TIM_PWM_PulseFinishedCallback
 .text._GLOBAL__sub_I_left_encoder
                0x0800540c        0xe CMakeFiles/control.elf.dir/code/task.cpp.obj
 *fill*         0x0800541a        0x2 
 .text.abort    0x0800541c       0x10 g:/gcc-arm-none-eabi-10.3-2021.10/bin/../lib/gcc/arm-none-eabi/10.3.1/../../../../arm-none-eabi/lib/thumb/v7e-m/nofp\libg.a(lib_a-abort.o)
                0x0800541c                abort
 .text.__errno  0x0800542c        0xc g:/gcc-arm-none-eabi-10.3-2021.10/bin/../lib/gcc/arm-none-eabi/10.3.1/../../../../arm-none-eabi/lib/thumb/v7e-m/nofp\libg.a(lib_a-errno.o)
                0x0800542c                __errno
 .text.__libc_init_array
                0x08005438       0x48 g:/gcc-arm-none-eabi-10.3-2021.10/bin/../lib/gcc/arm-none-eabi/10.3.1/../../../../arm-none-eabi/lib/thumb/v7e-m/nofp\libg.a(lib_a-init.o)
                0x08005438                __libc_init_array
 .text.memset   0x08005480       0xa4 g:/gcc-arm-none-eabi-10.3-2021.10/bin/../lib/gcc/arm-none-eabi/10.3.1/../../../../arm-none-eabi/lib/thumb/v7e-m/nofp\libg.a(lib_a-memset.o)
                0x08005480                memset
 .text.raise    0x08005524       0x5c g:/gcc-arm-none-eabi-10.3-2021.10/bin/../lib/gcc/arm-none-eabi/10.3.1/../../../../arm-none-eabi/lib/thumb/v7e-m/nofp\libg.a(lib_a-signal.o)
                0x08005524                raise
 .text._kill_r  0x08005580       0x2c g:/gcc-arm-none-eabi-10.3-2021.10/bin/../lib/gcc/arm-none-eabi/10.3.1/../../../../arm-none-eabi/lib/thumb/v7e-m/nofp\libg.a(lib_a-signalr.o)
                0x08005580                _kill_r
 .text._getpid_r
                0x080055ac        0x4 g:/gcc-arm-none-eabi-10.3-2021.10/bin/../lib/gcc/arm-none-eabi/10.3.1/../../../../arm-none-eabi/lib/thumb/v7e-m/nofp\libg.a(lib_a-signalr.o)
                0x080055ac                _getpid_r
 .text.startup.register_fini
                0x080055b0       0x14 g:/gcc-arm-none-eabi-10.3-2021.10/bin/../lib/gcc/arm-none-eabi/10.3.1/../../../../arm-none-eabi/lib/thumb/v7e-m/nofp\libg.a(lib_a-__call_atexit.o)
 .text.atexit   0x080055c4        0xc g:/gcc-arm-none-eabi-10.3-2021.10/bin/../lib/gcc/arm-none-eabi/10.3.1/../../../../arm-none-eabi/lib/thumb/v7e-m/nofp\libg.a(lib_a-atexit.o)
                0x080055c4                atexit
 .text.__libc_fini_array
                0x080055d0       0x2c g:/gcc-arm-none-eabi-10.3-2021.10/bin/../lib/gcc/arm-none-eabi/10.3.1/../../../../arm-none-eabi/lib/thumb/v7e-m/nofp\libg.a(lib_a-fini.o)
                0x080055d0                __libc_fini_array
 .text.__retarget_lock_acquire_recursive
                0x080055fc        0x4 g:/gcc-arm-none-eabi-10.3-2021.10/bin/../lib/gcc/arm-none-eabi/10.3.1/../../../../arm-none-eabi/lib/thumb/v7e-m/nofp\libg.a(lib_a-lock.o)
                0x080055fc                __retarget_lock_acquire_recursive
 .text.__retarget_lock_release_recursive
                0x08005600        0x4 g:/gcc-arm-none-eabi-10.3-2021.10/bin/../lib/gcc/arm-none-eabi/10.3.1/../../../../arm-none-eabi/lib/thumb/v7e-m/nofp\libg.a(lib_a-lock.o)
                0x08005600                __retarget_lock_release_recursive
 .text.__register_exitproc
                0x08005604       0x8c g:/gcc-arm-none-eabi-10.3-2021.10/bin/../lib/gcc/arm-none-eabi/10.3.1/../../../../arm-none-eabi/lib/thumb/v7e-m/nofp\libg.a(lib_a-__atexit.o)
                0x08005604                __register_exitproc
 *(.glue_7)
 .glue_7        0x08005690        0x0 linker stubs
 *(.glue_7t)
 .glue_7t       0x08005690        0x0 linker stubs
 *(.eh_frame)
 .eh_frame      0x08005690        0x0 g:/gcc-arm-none-eabi-10.3-2021.10/bin/../lib/gcc/arm-none-eabi/10.3.1/thumb/v7e-m/nofp/crtbegin.o
 *(.init)
 .init          0x08005690        0x4 g:/gcc-arm-none-eabi-10.3-2021.10/bin/../lib/gcc/arm-none-eabi/10.3.1/thumb/v7e-m/nofp/crti.o
                0x08005690                _init
 .init          0x08005694        0x8 g:/gcc-arm-none-eabi-10.3-2021.10/bin/../lib/gcc/arm-none-eabi/10.3.1/thumb/v7e-m/nofp/crtn.o
 *(.fini)
 .fini          0x0800569c        0x4 g:/gcc-arm-none-eabi-10.3-2021.10/bin/../lib/gcc/arm-none-eabi/10.3.1/thumb/v7e-m/nofp/crti.o
                0x0800569c                _fini
 .fini          0x080056a0        0x8 g:/gcc-arm-none-eabi-10.3-2021.10/bin/../lib/gcc/arm-none-eabi/10.3.1/thumb/v7e-m/nofp/crtn.o
                0x080056a8                . = ALIGN (0x4)
                0x080056a8                _etext = .

.vfp11_veneer   0x080056a8        0x0
 .vfp11_veneer  0x080056a8        0x0 linker stubs

.v4_bx          0x080056a8        0x0
 .v4_bx         0x080056a8        0x0 linker stubs

.iplt           0x080056a8        0x0
 .iplt          0x080056a8        0x0 g:/gcc-arm-none-eabi-10.3-2021.10/bin/../lib/gcc/arm-none-eabi/10.3.1/thumb/v7e-m/nofp/crtbegin.o

.rodata         0x080056a8       0x24
                0x080056a8                . = ALIGN (0x4)
 *(.rodata)
 *(.rodata*)
 .rodata.AHBPrescTable
                0x080056a8       0x10 CMakeFiles/control.elf.dir/Core/Src/system_stm32f4xx.c.obj
                0x080056a8                AHBPrescTable
 .rodata.APBPrescTable
                0x080056b8        0x8 CMakeFiles/control.elf.dir/Core/Src/system_stm32f4xx.c.obj
                0x080056b8                APBPrescTable
 .rodata.flagBitshiftOffset.0
                0x080056c0        0x8 CMakeFiles/control.elf.dir/Drivers/STM32F4xx_HAL_Driver/Src/stm32f4xx_hal_dma.c.obj
 .rodata._global_impure_ptr
                0x080056c8        0x4 g:/gcc-arm-none-eabi-10.3-2021.10/bin/../lib/gcc/arm-none-eabi/10.3.1/../../../../arm-none-eabi/lib/thumb/v7e-m/nofp\libg.a(lib_a-impure.o)
                0x080056c8                _global_impure_ptr
                0x080056cc                . = ALIGN (0x4)

.ARM.extab      0x080056cc       0x3c
                0x080056cc                . = ALIGN (0x4)
 *(.ARM.extab* .gnu.linkonce.armextab.*)
 .ARM.extab.text.setup
                0x080056cc        0xc CMakeFiles/control.elf.dir/code/task.cpp.obj
 .ARM.extab.text.loop
                0x080056d8        0xc CMakeFiles/control.elf.dir/code/task.cpp.obj
 .ARM.extab.text.HAL_TIM_PeriodElapsedCallback
                0x080056e4        0xc CMakeFiles/control.elf.dir/code/task.cpp.obj
 .ARM.extab     0x080056f0       0x18 g:/gcc-arm-none-eabi-10.3-2021.10/bin/../lib/gcc/arm-none-eabi/10.3.1/thumb/v7e-m/nofp\libgcc.a(pr-support.o)
                0x08005708                . = ALIGN (0x4)

.ARM            0x08005708       0xf8
                0x08005708                . = ALIGN (0x4)
                0x08005708                __exidx_start = .
 *(.ARM.exidx*)
 .ARM.exidx.text._ZN7EncoderC2EP17TIM_HandleTypeDef
                0x080057c0        0x0 CMakeFiles/control.elf.dir/code/Encoder.cpp.obj
                                  0x8 (size before relaxing)
 .ARM.exidx.text._ZN7Encoder4initEv
                0x080057c0        0x8 CMakeFiles/control.elf.dir/code/Encoder.cpp.obj
 .ARM.exidx.text._ZN7Encoder15overflow_updateEv
                0x080057c8        0x8 CMakeFiles/control.elf.dir/code/Encoder.cpp.obj
 .ARM.exidx.text._ZN9N20_MotorC2EP17TIM_HandleTypeDefmmP7Encoderfff
                0x080057d0        0x0 CMakeFiles/control.elf.dir/code/N20_Motor.cpp.obj
                                  0x8 (size before relaxing)
 .ARM.exidx.text._Z41__static_initialization_and_destruction_0ii
                0x080057d0        0x0 CMakeFiles/control.elf.dir/code/task.cpp.obj
                                  0x8 (size before relaxing)
 .ARM.exidx.text.setup
                0x080057d0        0x8 CMakeFiles/control.elf.dir/code/task.cpp.obj
 .ARM.exidx.text.loop
                0x080057d8        0x8 CMakeFiles/control.elf.dir/code/task.cpp.obj
 .ARM.exidx.text.task_handler
                0x080057e0        0x8 CMakeFiles/control.elf.dir/code/task.cpp.obj
 .ARM.exidx.text.HAL_TIM_PeriodElapsedCallback
                0x080057e8        0x8 CMakeFiles/control.elf.dir/code/task.cpp.obj
 .ARM.exidx.text.HAL_TIM_PWM_PulseFinishedCallback
                0x080057f0        0x8 CMakeFiles/control.elf.dir/code/task.cpp.obj
 .ARM.exidx.text._GLOBAL__sub_I_left_encoder
                0x080057f8        0x8 CMakeFiles/control.elf.dir/code/task.cpp.obj
 .ARM.exidx     0x08005708        0x8 g:/gcc-arm-none-eabi-10.3-2021.10/bin/../lib/gcc/arm-none-eabi/10.3.1/thumb/v7e-m/nofp\libgcc.a(_udivmoddi4.o)
 .ARM.exidx     0x08005710       0x78 g:/gcc-arm-none-eabi-10.3-2021.10/bin/../lib/gcc/arm-none-eabi/10.3.1/thumb/v7e-m/nofp\libgcc.a(unwind-arm.o)
                                 0xd8 (size before relaxing)
 .ARM.exidx     0x08005788       0x38 g:/gcc-arm-none-eabi-10.3-2021.10/bin/../lib/gcc/arm-none-eabi/10.3.1/thumb/v7e-m/nofp\libgcc.a(pr-support.o)
                0x08005800                __exidx_end = .
                0x08005800                . = ALIGN (0x4)

.rel.dyn        0x08005800        0x0
 .rel.iplt      0x08005800        0x0 g:/gcc-arm-none-eabi-10.3-2021.10/bin/../lib/gcc/arm-none-eabi/10.3.1/thumb/v7e-m/nofp/crtbegin.o

.preinit_array  0x08005800        0x0
                0x08005800                . = ALIGN (0x4)
                0x08005800                PROVIDE (__preinit_array_start = .)
 *(.preinit_array*)
                0x08005800                PROVIDE (__preinit_array_end = .)
                0x08005800                . = ALIGN (0x4)

.init_array     0x08005800        0xc
                0x08005800                . = ALIGN (0x4)
                0x08005800                PROVIDE (__init_array_start = .)
 *(SORT_BY_NAME(.init_array.*))
 .init_array.00000
                0x08005800        0x4 g:/gcc-arm-none-eabi-10.3-2021.10/bin/../lib/gcc/arm-none-eabi/10.3.1/../../../../arm-none-eabi/lib/thumb/v7e-m/nofp\libg.a(lib_a-__call_atexit.o)
 *(.init_array*)
 .init_array    0x08005804        0x4 g:/gcc-arm-none-eabi-10.3-2021.10/bin/../lib/gcc/arm-none-eabi/10.3.1/thumb/v7e-m/nofp/crtbegin.o
 .init_array    0x08005808        0x4 CMakeFiles/control.elf.dir/code/task.cpp.obj
                0x0800580c                PROVIDE (__init_array_end = .)
                0x0800580c                . = ALIGN (0x4)

.fini_array     0x0800580c        0x4
                0x0800580c                . = ALIGN (0x4)
                0x0800580c                PROVIDE (__fini_array_start = .)
 *(SORT_BY_NAME(.fini_array.*))
 *(.fini_array*)
 .fini_array    0x0800580c        0x4 g:/gcc-arm-none-eabi-10.3-2021.10/bin/../lib/gcc/arm-none-eabi/10.3.1/thumb/v7e-m/nofp/crtbegin.o
                0x08005810                PROVIDE (__fini_array_end = .)
                0x08005810                . = ALIGN (0x4)
                0x08005810                _sidata = LOADADDR (.data)

.data           0x20000000      0x43c load address 0x08005810
                0x20000000                . = ALIGN (0x4)
                0x20000000                _sdata = .
 *(.data)
 *(.data*)
 .data.SystemCoreClock
                0x20000000        0x4 CMakeFiles/control.elf.dir/Core/Src/system_stm32f4xx.c.obj
                0x20000000                SystemCoreClock
 .data.uwTickFreq
                0x20000004        0x1 CMakeFiles/control.elf.dir/Drivers/STM32F4xx_HAL_Driver/Src/stm32f4xx_hal.c.obj
                0x20000004                uwTickFreq
 *fill*         0x20000005        0x3 
 .data.uwTickPrio
                0x20000008        0x4 CMakeFiles/control.elf.dir/Drivers/STM32F4xx_HAL_Driver/Src/stm32f4xx_hal.c.obj
                0x20000008                uwTickPrio
 .data._impure_ptr
                0x2000000c        0x4 g:/gcc-arm-none-eabi-10.3-2021.10/bin/../lib/gcc/arm-none-eabi/10.3.1/../../../../arm-none-eabi/lib/thumb/v7e-m/nofp\libg.a(lib_a-impure.o)
                0x2000000c                _impure_ptr
 .data.impure_data
                0x20000010      0x428 g:/gcc-arm-none-eabi-10.3-2021.10/bin/../lib/gcc/arm-none-eabi/10.3.1/../../../../arm-none-eabi/lib/thumb/v7e-m/nofp\libg.a(lib_a-impure.o)
 .data.__atexit_recursive_mutex
                0x20000438        0x4 g:/gcc-arm-none-eabi-10.3-2021.10/bin/../lib/gcc/arm-none-eabi/10.3.1/../../../../arm-none-eabi/lib/thumb/v7e-m/nofp\libg.a(lib_a-__call_atexit.o)
                0x20000438                __atexit_recursive_mutex
 *(.RamFunc)
 *(.RamFunc*)
                0x2000043c                . = ALIGN (0x4)
                0x2000043c                _edata = .
                0x08005c4c                _siccmram = LOADADDR (.ccmram)

.igot.plt       0x2000043c        0x0 load address 0x08005c4c
 .igot.plt      0x2000043c        0x0 g:/gcc-arm-none-eabi-10.3-2021.10/bin/../lib/gcc/arm-none-eabi/10.3.1/thumb/v7e-m/nofp/crtbegin.o

.ccmram         0x10000000        0x0 load address 0x08005c4c
                0x10000000                . = ALIGN (0x4)
                0x10000000                _sccmram = .
 *(.ccmram)
 *(.ccmram*)
                0x10000000                . = ALIGN (0x4)
                0x10000000                _eccmram = .
                0x10000000                . = ALIGN (0x4)

.bss            0x2000043c      0x734
                0x2000043c                _sbss = .
                0x2000043c                __bss_start__ = _sbss
 *(.bss)
 .bss           0x2000043c       0x1c g:/gcc-arm-none-eabi-10.3-2021.10/bin/../lib/gcc/arm-none-eabi/10.3.1/thumb/v7e-m/nofp/crtbegin.o
 *(.bss*)
 .bss.hadc1     0x20000458       0x48 CMakeFiles/control.elf.dir/Core/Src/adc.c.obj
                0x20000458                hadc1
 .bss.hadc2     0x200004a0       0x48 CMakeFiles/control.elf.dir/Core/Src/adc.c.obj
                0x200004a0                hadc2
 .bss.hadc3     0x200004e8       0x48 CMakeFiles/control.elf.dir/Core/Src/adc.c.obj
                0x200004e8                hadc3
 .bss.hdma_adc3
                0x20000530       0x60 CMakeFiles/control.elf.dir/Core/Src/adc.c.obj
                0x20000530                hdma_adc3
 .bss.HAL_RCC_CAN1_CLK_ENABLED
                0x20000590        0x4 CMakeFiles/control.elf.dir/Core/Src/can.c.obj
 .bss.hcan1     0x20000594       0x28 CMakeFiles/control.elf.dir/Core/Src/can.c.obj
                0x20000594                hcan1
 .bss.hcan2     0x200005bc       0x28 CMakeFiles/control.elf.dir/Core/Src/can.c.obj
                0x200005bc                hcan2
 .bss.hi2c1     0x200005e4       0x54 CMakeFiles/control.elf.dir/Core/Src/i2c.c.obj
                0x200005e4                hi2c1
 .bss.hi2c2     0x20000638       0x54 CMakeFiles/control.elf.dir/Core/Src/i2c.c.obj
                0x20000638                hi2c2
 .bss.hspi2     0x2000068c       0x58 CMakeFiles/control.elf.dir/Core/Src/spi.c.obj
                0x2000068c                hspi2
 .bss.htim1     0x200006e4       0x48 CMakeFiles/control.elf.dir/Core/Src/tim.c.obj
                0x200006e4                htim1
 .bss.htim12    0x2000072c       0x48 CMakeFiles/control.elf.dir/Core/Src/tim.c.obj
                0x2000072c                htim12
 .bss.htim2     0x20000774       0x48 CMakeFiles/control.elf.dir/Core/Src/tim.c.obj
                0x20000774                htim2
 .bss.htim3     0x200007bc       0x48 CMakeFiles/control.elf.dir/Core/Src/tim.c.obj
                0x200007bc                htim3
 .bss.htim4     0x20000804       0x48 CMakeFiles/control.elf.dir/Core/Src/tim.c.obj
                0x20000804                htim4
 .bss.htim5     0x2000084c       0x48 CMakeFiles/control.elf.dir/Core/Src/tim.c.obj
                0x2000084c                htim5
 .bss.htim8     0x20000894       0x48 CMakeFiles/control.elf.dir/Core/Src/tim.c.obj
                0x20000894                htim8
 .bss.htim9     0x200008dc       0x48 CMakeFiles/control.elf.dir/Core/Src/tim.c.obj
                0x200008dc                htim9
 .bss.huart1    0x20000924       0x44 CMakeFiles/control.elf.dir/Core/Src/usart.c.obj
                0x20000924                huart1
 .bss.huart2    0x20000968       0x44 CMakeFiles/control.elf.dir/Core/Src/usart.c.obj
                0x20000968                huart2
 .bss.huart3    0x200009ac       0x44 CMakeFiles/control.elf.dir/Core/Src/usart.c.obj
                0x200009ac                huart3
 .bss.uwTick    0x200009f0        0x4 CMakeFiles/control.elf.dir/Drivers/STM32F4xx_HAL_Driver/Src/stm32f4xx_hal.c.obj
                0x200009f0                uwTick
 .bss.ccd_data  0x200009f4      0x100 CMakeFiles/control.elf.dir/code/task.cpp.obj
                0x200009f4                ccd_data
 .bss.ccd_state
                0x20000af4        0x4 CMakeFiles/control.elf.dir/code/task.cpp.obj
                0x20000af4                ccd_state
 .bss.left_encoder
                0x20000af8       0x10 CMakeFiles/control.elf.dir/code/task.cpp.obj
                0x20000af8                left_encoder
 .bss.left_motor
                0x20000b08       0x28 CMakeFiles/control.elf.dir/code/task.cpp.obj
                0x20000b08                left_motor
 .bss.right_encoder
                0x20000b30       0x10 CMakeFiles/control.elf.dir/code/task.cpp.obj
                0x20000b30                right_encoder
 .bss.right_motor
                0x20000b40       0x28 CMakeFiles/control.elf.dir/code/task.cpp.obj
                0x20000b40                right_motor
 .bss.__lock___atexit_recursive_mutex
                0x20000b68        0x1 g:/gcc-arm-none-eabi-10.3-2021.10/bin/../lib/gcc/arm-none-eabi/10.3.1/../../../../arm-none-eabi/lib/thumb/v7e-m/nofp\libg.a(lib_a-lock.o)
                0x20000b68                __lock___atexit_recursive_mutex
 *fill*         0x20000b69        0x3 
 .bss.errno     0x20000b6c        0x4 g:/gcc-arm-none-eabi-10.3-2021.10/bin/../lib/gcc/arm-none-eabi/10.3.1/../../../../arm-none-eabi/lib/thumb/v7e-m/nofp\libg.a(lib_a-reent.o)
                0x20000b6c                errno
 *(COMMON)
                0x20000b70                . = ALIGN (0x4)
                0x20000b70                _ebss = .
                0x20000b70                __bss_end__ = _ebss

._user_heap_stack
                0x20000b70      0x600
                0x20000b70                . = ALIGN (0x8)
                [!provide]                PROVIDE (end = .)
                0x20000b70                PROVIDE (_end = .)
                0x20000d70                . = (. + _Min_Heap_Size)
 *fill*         0x20000b70      0x200 
                0x20001170                . = (. + _Min_Stack_Size)
 *fill*         0x20000d70      0x400 
                0x20001170                . = ALIGN (0x8)

/DISCARD/
 libc.a(*)
 libm.a(*)
 libgcc.a(*)

.ARM.attributes
                0x00000000       0x2a
 *(.ARM.attributes)
 .ARM.attributes
                0x00000000       0x1e g:/gcc-arm-none-eabi-10.3-2021.10/bin/../lib/gcc/arm-none-eabi/10.3.1/thumb/v7e-m/nofp/crti.o
 .ARM.attributes
                0x0000001e       0x2e g:/gcc-arm-none-eabi-10.3-2021.10/bin/../lib/gcc/arm-none-eabi/10.3.1/thumb/v7e-m/nofp/crtbegin.o
 .ARM.attributes
                0x0000004c       0x2e CMakeFiles/control.elf.dir/Core/Src/adc.c.obj
 .ARM.attributes
                0x0000007a       0x2e CMakeFiles/control.elf.dir/Core/Src/can.c.obj
 .ARM.attributes
                0x000000a8       0x2e CMakeFiles/control.elf.dir/Core/Src/dma.c.obj
 .ARM.attributes
                0x000000d6       0x2e CMakeFiles/control.elf.dir/Core/Src/gpio.c.obj
 .ARM.attributes
                0x00000104       0x2e CMakeFiles/control.elf.dir/Core/Src/i2c.c.obj
 .ARM.attributes
                0x00000132       0x2e CMakeFiles/control.elf.dir/Core/Src/main.c.obj
 .ARM.attributes
                0x00000160       0x2e CMakeFiles/control.elf.dir/Core/Src/spi.c.obj
 .ARM.attributes
                0x0000018e       0x2e CMakeFiles/control.elf.dir/Core/Src/stm32f4xx_hal_msp.c.obj
 .ARM.attributes
                0x000001bc       0x2e CMakeFiles/control.elf.dir/Core/Src/stm32f4xx_it.c.obj
 .ARM.attributes
                0x000001ea       0x2e CMakeFiles/control.elf.dir/Core/Src/system_stm32f4xx.c.obj
 .ARM.attributes
                0x00000218       0x2e CMakeFiles/control.elf.dir/Core/Src/tim.c.obj
 .ARM.attributes
                0x00000246       0x2e CMakeFiles/control.elf.dir/Core/Src/usart.c.obj
 .ARM.attributes
                0x00000274       0x21 CMakeFiles/control.elf.dir/Core/Startup/startup_stm32f407vetx.s.obj
 .ARM.attributes
                0x00000295       0x2e CMakeFiles/control.elf.dir/Drivers/STM32F4xx_HAL_Driver/Src/stm32f4xx_hal.c.obj
 .ARM.attributes
                0x000002c3       0x2e CMakeFiles/control.elf.dir/Drivers/STM32F4xx_HAL_Driver/Src/stm32f4xx_hal_adc.c.obj
 .ARM.attributes
                0x000002f1       0x2e CMakeFiles/control.elf.dir/Drivers/STM32F4xx_HAL_Driver/Src/stm32f4xx_hal_can.c.obj
 .ARM.attributes
                0x0000031f       0x2e CMakeFiles/control.elf.dir/Drivers/STM32F4xx_HAL_Driver/Src/stm32f4xx_hal_cortex.c.obj
 .ARM.attributes
                0x0000034d       0x2e CMakeFiles/control.elf.dir/Drivers/STM32F4xx_HAL_Driver/Src/stm32f4xx_hal_dma.c.obj
 .ARM.attributes
                0x0000037b       0x2e CMakeFiles/control.elf.dir/Drivers/STM32F4xx_HAL_Driver/Src/stm32f4xx_hal_gpio.c.obj
 .ARM.attributes
                0x000003a9       0x2e CMakeFiles/control.elf.dir/Drivers/STM32F4xx_HAL_Driver/Src/stm32f4xx_hal_i2c.c.obj
 .ARM.attributes
                0x000003d7       0x2e CMakeFiles/control.elf.dir/Drivers/STM32F4xx_HAL_Driver/Src/stm32f4xx_hal_rcc.c.obj
 .ARM.attributes
                0x00000405       0x2e CMakeFiles/control.elf.dir/Drivers/STM32F4xx_HAL_Driver/Src/stm32f4xx_hal_spi.c.obj
 .ARM.attributes
                0x00000433       0x2e CMakeFiles/control.elf.dir/Drivers/STM32F4xx_HAL_Driver/Src/stm32f4xx_hal_tim.c.obj
 .ARM.attributes
                0x00000461       0x2e CMakeFiles/control.elf.dir/Drivers/STM32F4xx_HAL_Driver/Src/stm32f4xx_hal_tim_ex.c.obj
 .ARM.attributes
                0x0000048f       0x2e CMakeFiles/control.elf.dir/Drivers/STM32F4xx_HAL_Driver/Src/stm32f4xx_hal_uart.c.obj
 .ARM.attributes
                0x000004bd       0x2e CMakeFiles/control.elf.dir/code/Encoder.cpp.obj
 .ARM.attributes
                0x000004eb       0x2e CMakeFiles/control.elf.dir/code/N20_Motor.cpp.obj
 .ARM.attributes
                0x00000519       0x2e CMakeFiles/control.elf.dir/code/task.cpp.obj
 .ARM.attributes
                0x00000547       0x1e g:/gcc-arm-none-eabi-10.3-2021.10/bin/../lib/gcc/arm-none-eabi/10.3.1/thumb/v7e-m/nofp\libgcc.a(_aeabi_uldivmod.o)
 .ARM.attributes
                0x00000565       0x2e g:/gcc-arm-none-eabi-10.3-2021.10/bin/../lib/gcc/arm-none-eabi/10.3.1/thumb/v7e-m/nofp\libgcc.a(_udivmoddi4.o)
 .ARM.attributes
                0x00000593       0x2e g:/gcc-arm-none-eabi-10.3-2021.10/bin/../lib/gcc/arm-none-eabi/10.3.1/thumb/v7e-m/nofp\libgcc.a(unwind-arm.o)
 .ARM.attributes
                0x000005c1       0x1e g:/gcc-arm-none-eabi-10.3-2021.10/bin/../lib/gcc/arm-none-eabi/10.3.1/thumb/v7e-m/nofp\libgcc.a(libunwind.o)
 .ARM.attributes
                0x000005df       0x2e g:/gcc-arm-none-eabi-10.3-2021.10/bin/../lib/gcc/arm-none-eabi/10.3.1/thumb/v7e-m/nofp\libgcc.a(pr-support.o)
 .ARM.attributes
                0x0000060d       0x1e g:/gcc-arm-none-eabi-10.3-2021.10/bin/../lib/gcc/arm-none-eabi/10.3.1/thumb/v7e-m/nofp\libgcc.a(_dvmd_tls.o)
 .ARM.attributes
                0x0000062b       0x2e g:/gcc-arm-none-eabi-10.3-2021.10/bin/../lib/gcc/arm-none-eabi/10.3.1/../../../../arm-none-eabi/lib/thumb/v7e-m/nofp\libg.a(lib_a-abort.o)
 .ARM.attributes
                0x00000659       0x2e g:/gcc-arm-none-eabi-10.3-2021.10/bin/../lib/gcc/arm-none-eabi/10.3.1/../../../../arm-none-eabi/lib/thumb/v7e-m/nofp\libg.a(lib_a-errno.o)
 .ARM.attributes
                0x00000687       0x2e g:/gcc-arm-none-eabi-10.3-2021.10/bin/../lib/gcc/arm-none-eabi/10.3.1/../../../../arm-none-eabi/lib/thumb/v7e-m/nofp\libg.a(lib_a-impure.o)
 .ARM.attributes
                0x000006b5       0x2e g:/gcc-arm-none-eabi-10.3-2021.10/bin/../lib/gcc/arm-none-eabi/10.3.1/../../../../arm-none-eabi/lib/thumb/v7e-m/nofp\libg.a(lib_a-init.o)
 .ARM.attributes
                0x000006e3       0x1c g:/gcc-arm-none-eabi-10.3-2021.10/bin/../lib/gcc/arm-none-eabi/10.3.1/../../../../arm-none-eabi/lib/thumb/v7e-m/nofp\libg.a(lib_a-memcpy.o)
 .ARM.attributes
                0x000006ff       0x2e g:/gcc-arm-none-eabi-10.3-2021.10/bin/../lib/gcc/arm-none-eabi/10.3.1/../../../../arm-none-eabi/lib/thumb/v7e-m/nofp\libg.a(lib_a-memset.o)
 .ARM.attributes
                0x0000072d       0x2e g:/gcc-arm-none-eabi-10.3-2021.10/bin/../lib/gcc/arm-none-eabi/10.3.1/../../../../arm-none-eabi/lib/thumb/v7e-m/nofp\libg.a(lib_a-signal.o)
 .ARM.attributes
                0x0000075b       0x2e g:/gcc-arm-none-eabi-10.3-2021.10/bin/../lib/gcc/arm-none-eabi/10.3.1/../../../../arm-none-eabi/lib/thumb/v7e-m/nofp\libg.a(lib_a-signalr.o)
 .ARM.attributes
                0x00000789       0x2e g:/gcc-arm-none-eabi-10.3-2021.10/bin/../lib/gcc/arm-none-eabi/10.3.1/../../../../arm-none-eabi/lib/thumb/v7e-m/nofp\libg.a(lib_a-__call_atexit.o)
 .ARM.attributes
                0x000007b7       0x2e g:/gcc-arm-none-eabi-10.3-2021.10/bin/../lib/gcc/arm-none-eabi/10.3.1/../../../../arm-none-eabi/lib/thumb/v7e-m/nofp\libg.a(lib_a-atexit.o)
 .ARM.attributes
                0x000007e5       0x2e g:/gcc-arm-none-eabi-10.3-2021.10/bin/../lib/gcc/arm-none-eabi/10.3.1/../../../../arm-none-eabi/lib/thumb/v7e-m/nofp\libg.a(lib_a-fini.o)
 .ARM.attributes
                0x00000813       0x2e g:/gcc-arm-none-eabi-10.3-2021.10/bin/../lib/gcc/arm-none-eabi/10.3.1/../../../../arm-none-eabi/lib/thumb/v7e-m/nofp\libg.a(lib_a-lock.o)
 .ARM.attributes
                0x00000841       0x2e g:/gcc-arm-none-eabi-10.3-2021.10/bin/../lib/gcc/arm-none-eabi/10.3.1/../../../../arm-none-eabi/lib/thumb/v7e-m/nofp\libg.a(lib_a-reent.o)
 .ARM.attributes
                0x0000086f       0x2e g:/gcc-arm-none-eabi-10.3-2021.10/bin/../lib/gcc/arm-none-eabi/10.3.1/../../../../arm-none-eabi/lib/thumb/v7e-m/nofp\libg.a(lib_a-__atexit.o)
 .ARM.attributes
                0x0000089d       0x1e g:/gcc-arm-none-eabi-10.3-2021.10/bin/../lib/gcc/arm-none-eabi/10.3.1/thumb/v7e-m/nofp/crtn.o
OUTPUT(control.elf elf32-littlearm)
LOAD linker stubs
LOAD g:/gcc-arm-none-eabi-10.3-2021.10/bin/../lib/gcc/arm-none-eabi/10.3.1/../../../../arm-none-eabi/lib/thumb/v7e-m/nofp\libc.a
LOAD g:/gcc-arm-none-eabi-10.3-2021.10/bin/../lib/gcc/arm-none-eabi/10.3.1/../../../../arm-none-eabi/lib/thumb/v7e-m/nofp\libm.a
LOAD g:/gcc-arm-none-eabi-10.3-2021.10/bin/../lib/gcc/arm-none-eabi/10.3.1/thumb/v7e-m/nofp\libgcc.a

.debug_info     0x00000000    0x1ee22
 .debug_info    0x00000000      0xd0d CMakeFiles/control.elf.dir/Core/Src/adc.c.obj
 .debug_info    0x00000d0d      0x9df CMakeFiles/control.elf.dir/Core/Src/can.c.obj
 .debug_info    0x000016ec      0x4fc CMakeFiles/control.elf.dir/Core/Src/dma.c.obj
 .debug_info    0x00001be8      0x55c CMakeFiles/control.elf.dir/Core/Src/gpio.c.obj
 .debug_info    0x00002144      0xb31 CMakeFiles/control.elf.dir/Core/Src/i2c.c.obj
 .debug_info    0x00002c75      0x740 CMakeFiles/control.elf.dir/Core/Src/main.c.obj
 .debug_info    0x000033b5      0xa6f CMakeFiles/control.elf.dir/Core/Src/spi.c.obj
 .debug_info    0x00003e24      0x2a4 CMakeFiles/control.elf.dir/Core/Src/stm32f4xx_hal_msp.c.obj
 .debug_info    0x000040c8      0xaf3 CMakeFiles/control.elf.dir/Core/Src/stm32f4xx_it.c.obj
 .debug_info    0x00004bbb      0x37d CMakeFiles/control.elf.dir/Core/Src/system_stm32f4xx.c.obj
 .debug_info    0x00004f38     0x1dc1 CMakeFiles/control.elf.dir/Core/Src/tim.c.obj
 .debug_info    0x00006cf9      0xded CMakeFiles/control.elf.dir/Core/Src/usart.c.obj
 .debug_info    0x00007ae6       0x22 CMakeFiles/control.elf.dir/Core/Startup/startup_stm32f407vetx.s.obj
 .debug_info    0x00007b08      0x9f0 CMakeFiles/control.elf.dir/Drivers/STM32F4xx_HAL_Driver/Src/stm32f4xx_hal.c.obj
 .debug_info    0x000084f8      0xee1 CMakeFiles/control.elf.dir/Drivers/STM32F4xx_HAL_Driver/Src/stm32f4xx_hal_adc.c.obj
 .debug_info    0x000093d9     0x1269 CMakeFiles/control.elf.dir/Drivers/STM32F4xx_HAL_Driver/Src/stm32f4xx_hal_can.c.obj
 .debug_info    0x0000a642     0x1098 CMakeFiles/control.elf.dir/Drivers/STM32F4xx_HAL_Driver/Src/stm32f4xx_hal_cortex.c.obj
 .debug_info    0x0000b6da      0xb3f CMakeFiles/control.elf.dir/Drivers/STM32F4xx_HAL_Driver/Src/stm32f4xx_hal_dma.c.obj
 .debug_info    0x0000c219      0x7b0 CMakeFiles/control.elf.dir/Drivers/STM32F4xx_HAL_Driver/Src/stm32f4xx_hal_gpio.c.obj
 .debug_info    0x0000c9c9     0x3944 CMakeFiles/control.elf.dir/Drivers/STM32F4xx_HAL_Driver/Src/stm32f4xx_hal_i2c.c.obj
 .debug_info    0x0001030d      0xb03 CMakeFiles/control.elf.dir/Drivers/STM32F4xx_HAL_Driver/Src/stm32f4xx_hal_rcc.c.obj
 .debug_info    0x00010e10     0x1e96 CMakeFiles/control.elf.dir/Drivers/STM32F4xx_HAL_Driver/Src/stm32f4xx_hal_spi.c.obj
 .debug_info    0x00012ca6     0x3d5b CMakeFiles/control.elf.dir/Drivers/STM32F4xx_HAL_Driver/Src/stm32f4xx_hal_tim.c.obj
 .debug_info    0x00016a01     0x1ade CMakeFiles/control.elf.dir/Drivers/STM32F4xx_HAL_Driver/Src/stm32f4xx_hal_tim_ex.c.obj
 .debug_info    0x000184df     0x424e CMakeFiles/control.elf.dir/Drivers/STM32F4xx_HAL_Driver/Src/stm32f4xx_hal_uart.c.obj
 .debug_info    0x0001c72d      0x863 CMakeFiles/control.elf.dir/code/Encoder.cpp.obj
 .debug_info    0x0001cf90      0xde4 CMakeFiles/control.elf.dir/code/N20_Motor.cpp.obj
 .debug_info    0x0001dd74     0x10ae CMakeFiles/control.elf.dir/code/task.cpp.obj

.debug_abbrev   0x00000000     0x3923
 .debug_abbrev  0x00000000      0x20b CMakeFiles/control.elf.dir/Core/Src/adc.c.obj
 .debug_abbrev  0x0000020b      0x1ed CMakeFiles/control.elf.dir/Core/Src/can.c.obj
 .debug_abbrev  0x000003f8      0x126 CMakeFiles/control.elf.dir/Core/Src/dma.c.obj
 .debug_abbrev  0x0000051e      0x14e CMakeFiles/control.elf.dir/Core/Src/gpio.c.obj
 .debug_abbrev  0x0000066c      0x1d3 CMakeFiles/control.elf.dir/Core/Src/i2c.c.obj
 .debug_abbrev  0x0000083f      0x1b7 CMakeFiles/control.elf.dir/Core/Src/main.c.obj
 .debug_abbrev  0x000009f6      0x1d3 CMakeFiles/control.elf.dir/Core/Src/spi.c.obj
 .debug_abbrev  0x00000bc9       0xd1 CMakeFiles/control.elf.dir/Core/Src/stm32f4xx_hal_msp.c.obj
 .debug_abbrev  0x00000c9a      0x1af CMakeFiles/control.elf.dir/Core/Src/stm32f4xx_it.c.obj
 .debug_abbrev  0x00000e49      0x119 CMakeFiles/control.elf.dir/Core/Src/system_stm32f4xx.c.obj
 .debug_abbrev  0x00000f62      0x22d CMakeFiles/control.elf.dir/Core/Src/tim.c.obj
 .debug_abbrev  0x0000118f      0x1e3 CMakeFiles/control.elf.dir/Core/Src/usart.c.obj
 .debug_abbrev  0x00001372       0x12 CMakeFiles/control.elf.dir/Core/Startup/startup_stm32f407vetx.s.obj
 .debug_abbrev  0x00001384      0x206 CMakeFiles/control.elf.dir/Drivers/STM32F4xx_HAL_Driver/Src/stm32f4xx_hal.c.obj
 .debug_abbrev  0x0000158a      0x23a CMakeFiles/control.elf.dir/Drivers/STM32F4xx_HAL_Driver/Src/stm32f4xx_hal_adc.c.obj
 .debug_abbrev  0x000017c4      0x267 CMakeFiles/control.elf.dir/Drivers/STM32F4xx_HAL_Driver/Src/stm32f4xx_hal_can.c.obj
 .debug_abbrev  0x00001a2b      0x36a CMakeFiles/control.elf.dir/Drivers/STM32F4xx_HAL_Driver/Src/stm32f4xx_hal_cortex.c.obj
 .debug_abbrev  0x00001d95      0x2c2 CMakeFiles/control.elf.dir/Drivers/STM32F4xx_HAL_Driver/Src/stm32f4xx_hal_dma.c.obj
 .debug_abbrev  0x00002057      0x1ef CMakeFiles/control.elf.dir/Drivers/STM32F4xx_HAL_Driver/Src/stm32f4xx_hal_gpio.c.obj
 .debug_abbrev  0x00002246      0x27f CMakeFiles/control.elf.dir/Drivers/STM32F4xx_HAL_Driver/Src/stm32f4xx_hal_i2c.c.obj
 .debug_abbrev  0x000024c5      0x28a CMakeFiles/control.elf.dir/Drivers/STM32F4xx_HAL_Driver/Src/stm32f4xx_hal_rcc.c.obj
 .debug_abbrev  0x0000274f      0x24e CMakeFiles/control.elf.dir/Drivers/STM32F4xx_HAL_Driver/Src/stm32f4xx_hal_spi.c.obj
 .debug_abbrev  0x0000299d      0x22b CMakeFiles/control.elf.dir/Drivers/STM32F4xx_HAL_Driver/Src/stm32f4xx_hal_tim.c.obj
 .debug_abbrev  0x00002bc8      0x241 CMakeFiles/control.elf.dir/Drivers/STM32F4xx_HAL_Driver/Src/stm32f4xx_hal_tim_ex.c.obj
 .debug_abbrev  0x00002e09      0x2fd CMakeFiles/control.elf.dir/Drivers/STM32F4xx_HAL_Driver/Src/stm32f4xx_hal_uart.c.obj
 .debug_abbrev  0x00003106      0x241 CMakeFiles/control.elf.dir/code/Encoder.cpp.obj
 .debug_abbrev  0x00003347      0x300 CMakeFiles/control.elf.dir/code/N20_Motor.cpp.obj
 .debug_abbrev  0x00003647      0x2dc CMakeFiles/control.elf.dir/code/task.cpp.obj

.debug_loc      0x00000000    0x15926
 .debug_loc     0x00000000       0xec CMakeFiles/control.elf.dir/Core/Src/adc.c.obj
 .debug_loc     0x000000ec       0xcb CMakeFiles/control.elf.dir/Core/Src/can.c.obj
 .debug_loc     0x000001b7       0xbe CMakeFiles/control.elf.dir/Core/Src/i2c.c.obj
 .debug_loc     0x00000275       0x84 CMakeFiles/control.elf.dir/Core/Src/spi.c.obj
 .debug_loc     0x000002f9      0x158 CMakeFiles/control.elf.dir/Core/Src/system_stm32f4xx.c.obj
 .debug_loc     0x00000451      0x286 CMakeFiles/control.elf.dir/Core/Src/tim.c.obj
 .debug_loc     0x000006d7       0xf8 CMakeFiles/control.elf.dir/Core/Src/usart.c.obj
 .debug_loc     0x000007cf      0x141 CMakeFiles/control.elf.dir/Drivers/STM32F4xx_HAL_Driver/Src/stm32f4xx_hal.c.obj
 .debug_loc     0x00000910      0xba1 CMakeFiles/control.elf.dir/Drivers/STM32F4xx_HAL_Driver/Src/stm32f4xx_hal_adc.c.obj
 .debug_loc     0x000014b1      0xde6 CMakeFiles/control.elf.dir/Drivers/STM32F4xx_HAL_Driver/Src/stm32f4xx_hal_can.c.obj
 .debug_loc     0x00002297      0x744 CMakeFiles/control.elf.dir/Drivers/STM32F4xx_HAL_Driver/Src/stm32f4xx_hal_cortex.c.obj
 .debug_loc     0x000029db      0xbf9 CMakeFiles/control.elf.dir/Drivers/STM32F4xx_HAL_Driver/Src/stm32f4xx_hal_dma.c.obj
 .debug_loc     0x000035d4      0x520 CMakeFiles/control.elf.dir/Drivers/STM32F4xx_HAL_Driver/Src/stm32f4xx_hal_gpio.c.obj
 .debug_loc     0x00003af4     0x41b6 CMakeFiles/control.elf.dir/Drivers/STM32F4xx_HAL_Driver/Src/stm32f4xx_hal_i2c.c.obj
 .debug_loc     0x00007caa      0x58c CMakeFiles/control.elf.dir/Drivers/STM32F4xx_HAL_Driver/Src/stm32f4xx_hal_rcc.c.obj
 .debug_loc     0x00008236     0x1ded CMakeFiles/control.elf.dir/Drivers/STM32F4xx_HAL_Driver/Src/stm32f4xx_hal_spi.c.obj
 .debug_loc     0x0000a023     0x506c CMakeFiles/control.elf.dir/Drivers/STM32F4xx_HAL_Driver/Src/stm32f4xx_hal_tim.c.obj
 .debug_loc     0x0000f08f     0x1cd7 CMakeFiles/control.elf.dir/Drivers/STM32F4xx_HAL_Driver/Src/stm32f4xx_hal_tim_ex.c.obj
 .debug_loc     0x00010d66     0x49ab CMakeFiles/control.elf.dir/Drivers/STM32F4xx_HAL_Driver/Src/stm32f4xx_hal_uart.c.obj
 .debug_loc     0x00015711       0x22 CMakeFiles/control.elf.dir/code/Encoder.cpp.obj
 .debug_loc     0x00015733      0x10e CMakeFiles/control.elf.dir/code/N20_Motor.cpp.obj
 .debug_loc     0x00015841       0xe5 CMakeFiles/control.elf.dir/code/task.cpp.obj

.debug_aranges  0x00000000     0x14b8
 .debug_aranges
                0x00000000       0x40 CMakeFiles/control.elf.dir/Core/Src/adc.c.obj
 .debug_aranges
                0x00000040       0x38 CMakeFiles/control.elf.dir/Core/Src/can.c.obj
 .debug_aranges
                0x00000078       0x20 CMakeFiles/control.elf.dir/Core/Src/dma.c.obj
 .debug_aranges
                0x00000098       0x20 CMakeFiles/control.elf.dir/Core/Src/gpio.c.obj
 .debug_aranges
                0x000000b8       0x38 CMakeFiles/control.elf.dir/Core/Src/i2c.c.obj
 .debug_aranges
                0x000000f0       0x30 CMakeFiles/control.elf.dir/Core/Src/main.c.obj
 .debug_aranges
                0x00000120       0x30 CMakeFiles/control.elf.dir/Core/Src/spi.c.obj
 .debug_aranges
                0x00000150       0x20 CMakeFiles/control.elf.dir/Core/Src/stm32f4xx_hal_msp.c.obj
 .debug_aranges
                0x00000170       0x98 CMakeFiles/control.elf.dir/Core/Src/stm32f4xx_it.c.obj
 .debug_aranges
                0x00000208       0x28 CMakeFiles/control.elf.dir/Core/Src/system_stm32f4xx.c.obj
 .debug_aranges
                0x00000230       0x80 CMakeFiles/control.elf.dir/Core/Src/tim.c.obj
 .debug_aranges
                0x000002b0       0x40 CMakeFiles/control.elf.dir/Core/Src/usart.c.obj
 .debug_aranges
                0x000002f0       0x28 CMakeFiles/control.elf.dir/Core/Startup/startup_stm32f407vetx.s.obj
 .debug_aranges
                0x00000318       0xf0 CMakeFiles/control.elf.dir/Drivers/STM32F4xx_HAL_Driver/Src/stm32f4xx_hal.c.obj
 .debug_aranges
                0x00000408       0xe8 CMakeFiles/control.elf.dir/Drivers/STM32F4xx_HAL_Driver/Src/stm32f4xx_hal_adc.c.obj
 .debug_aranges
                0x000004f0      0x138 CMakeFiles/control.elf.dir/Drivers/STM32F4xx_HAL_Driver/Src/stm32f4xx_hal_can.c.obj
 .debug_aranges
                0x00000628       0xa8 CMakeFiles/control.elf.dir/Drivers/STM32F4xx_HAL_Driver/Src/stm32f4xx_hal_cortex.c.obj
 .debug_aranges
                0x000006d0       0x90 CMakeFiles/control.elf.dir/Drivers/STM32F4xx_HAL_Driver/Src/stm32f4xx_hal_dma.c.obj
 .debug_aranges
                0x00000760       0x58 CMakeFiles/control.elf.dir/Drivers/STM32F4xx_HAL_Driver/Src/stm32f4xx_hal_gpio.c.obj
 .debug_aranges
                0x000007b8      0x2a0 CMakeFiles/control.elf.dir/Drivers/STM32F4xx_HAL_Driver/Src/stm32f4xx_hal_i2c.c.obj
 .debug_aranges
                0x00000a58       0x88 CMakeFiles/control.elf.dir/Drivers/STM32F4xx_HAL_Driver/Src/stm32f4xx_hal_rcc.c.obj
 .debug_aranges
                0x00000ae0      0x1d0 CMakeFiles/control.elf.dir/Drivers/STM32F4xx_HAL_Driver/Src/stm32f4xx_hal_spi.c.obj
 .debug_aranges
                0x00000cb0      0x3d0 CMakeFiles/control.elf.dir/Drivers/STM32F4xx_HAL_Driver/Src/stm32f4xx_hal_tim.c.obj
 .debug_aranges
                0x00001080      0x168 CMakeFiles/control.elf.dir/Drivers/STM32F4xx_HAL_Driver/Src/stm32f4xx_hal_tim_ex.c.obj
 .debug_aranges
                0x000011e8      0x200 CMakeFiles/control.elf.dir/Drivers/STM32F4xx_HAL_Driver/Src/stm32f4xx_hal_uart.c.obj
 .debug_aranges
                0x000013e8       0x38 CMakeFiles/control.elf.dir/code/Encoder.cpp.obj
 .debug_aranges
                0x00001420       0x40 CMakeFiles/control.elf.dir/code/N20_Motor.cpp.obj
 .debug_aranges
                0x00001460       0x58 CMakeFiles/control.elf.dir/code/task.cpp.obj

.debug_ranges   0x00000000     0x13a8
 .debug_ranges  0x00000000       0x30 CMakeFiles/control.elf.dir/Core/Src/adc.c.obj
 .debug_ranges  0x00000030       0x28 CMakeFiles/control.elf.dir/Core/Src/can.c.obj
 .debug_ranges  0x00000058       0x10 CMakeFiles/control.elf.dir/Core/Src/dma.c.obj
 .debug_ranges  0x00000068       0x10 CMakeFiles/control.elf.dir/Core/Src/gpio.c.obj
 .debug_ranges  0x00000078       0x28 CMakeFiles/control.elf.dir/Core/Src/i2c.c.obj
 .debug_ranges  0x000000a0       0x20 CMakeFiles/control.elf.dir/Core/Src/main.c.obj
 .debug_ranges  0x000000c0       0x20 CMakeFiles/control.elf.dir/Core/Src/spi.c.obj
 .debug_ranges  0x000000e0       0x10 CMakeFiles/control.elf.dir/Core/Src/stm32f4xx_hal_msp.c.obj
 .debug_ranges  0x000000f0       0x88 CMakeFiles/control.elf.dir/Core/Src/stm32f4xx_it.c.obj
 .debug_ranges  0x00000178       0x18 CMakeFiles/control.elf.dir/Core/Src/system_stm32f4xx.c.obj
 .debug_ranges  0x00000190       0x70 CMakeFiles/control.elf.dir/Core/Src/tim.c.obj
 .debug_ranges  0x00000200       0x30 CMakeFiles/control.elf.dir/Core/Src/usart.c.obj
 .debug_ranges  0x00000230       0x20 CMakeFiles/control.elf.dir/Core/Startup/startup_stm32f407vetx.s.obj
 .debug_ranges  0x00000250       0xe0 CMakeFiles/control.elf.dir/Drivers/STM32F4xx_HAL_Driver/Src/stm32f4xx_hal.c.obj
 .debug_ranges  0x00000330       0xd8 CMakeFiles/control.elf.dir/Drivers/STM32F4xx_HAL_Driver/Src/stm32f4xx_hal_adc.c.obj
 .debug_ranges  0x00000408      0x128 CMakeFiles/control.elf.dir/Drivers/STM32F4xx_HAL_Driver/Src/stm32f4xx_hal_can.c.obj
 .debug_ranges  0x00000530       0xf8 CMakeFiles/control.elf.dir/Drivers/STM32F4xx_HAL_Driver/Src/stm32f4xx_hal_cortex.c.obj
 .debug_ranges  0x00000628       0x80 CMakeFiles/control.elf.dir/Drivers/STM32F4xx_HAL_Driver/Src/stm32f4xx_hal_dma.c.obj
 .debug_ranges  0x000006a8       0x48 CMakeFiles/control.elf.dir/Drivers/STM32F4xx_HAL_Driver/Src/stm32f4xx_hal_gpio.c.obj
 .debug_ranges  0x000006f0      0x2a8 CMakeFiles/control.elf.dir/Drivers/STM32F4xx_HAL_Driver/Src/stm32f4xx_hal_i2c.c.obj
 .debug_ranges  0x00000998       0x90 CMakeFiles/control.elf.dir/Drivers/STM32F4xx_HAL_Driver/Src/stm32f4xx_hal_rcc.c.obj
 .debug_ranges  0x00000a28      0x1c0 CMakeFiles/control.elf.dir/Drivers/STM32F4xx_HAL_Driver/Src/stm32f4xx_hal_spi.c.obj
 .debug_ranges  0x00000be8      0x3c0 CMakeFiles/control.elf.dir/Drivers/STM32F4xx_HAL_Driver/Src/stm32f4xx_hal_tim.c.obj
 .debug_ranges  0x00000fa8      0x158 CMakeFiles/control.elf.dir/Drivers/STM32F4xx_HAL_Driver/Src/stm32f4xx_hal_tim_ex.c.obj
 .debug_ranges  0x00001100      0x208 CMakeFiles/control.elf.dir/Drivers/STM32F4xx_HAL_Driver/Src/stm32f4xx_hal_uart.c.obj
 .debug_ranges  0x00001308       0x28 CMakeFiles/control.elf.dir/code/Encoder.cpp.obj
 .debug_ranges  0x00001330       0x30 CMakeFiles/control.elf.dir/code/N20_Motor.cpp.obj
 .debug_ranges  0x00001360       0x48 CMakeFiles/control.elf.dir/code/task.cpp.obj

.debug_line     0x00000000    0x1ba66
 .debug_line    0x00000000      0x607 CMakeFiles/control.elf.dir/Core/Src/adc.c.obj
 .debug_line    0x00000607      0x51d CMakeFiles/control.elf.dir/Core/Src/can.c.obj
 .debug_line    0x00000b24      0x1df CMakeFiles/control.elf.dir/Core/Src/dma.c.obj
 .debug_line    0x00000d03      0x2a2 CMakeFiles/control.elf.dir/Core/Src/gpio.c.obj
 .debug_line    0x00000fa5      0x415 CMakeFiles/control.elf.dir/Core/Src/i2c.c.obj
 .debug_line    0x000013ba      0x444 CMakeFiles/control.elf.dir/Core/Src/main.c.obj
 .debug_line    0x000017fe      0x39a CMakeFiles/control.elf.dir/Core/Src/spi.c.obj
 .debug_line    0x00001b98      0x18c CMakeFiles/control.elf.dir/Core/Src/stm32f4xx_hal_msp.c.obj
 .debug_line    0x00001d24      0x45c CMakeFiles/control.elf.dir/Core/Src/stm32f4xx_it.c.obj
 .debug_line    0x00002180      0x255 CMakeFiles/control.elf.dir/Core/Src/system_stm32f4xx.c.obj
 .debug_line    0x000023d5      0xd1b CMakeFiles/control.elf.dir/Core/Src/tim.c.obj
 .debug_line    0x000030f0      0x4db CMakeFiles/control.elf.dir/Core/Src/usart.c.obj
 .debug_line    0x000035cb       0xaf CMakeFiles/control.elf.dir/Core/Startup/startup_stm32f407vetx.s.obj
 .debug_line    0x0000367a      0x5eb CMakeFiles/control.elf.dir/Drivers/STM32F4xx_HAL_Driver/Src/stm32f4xx_hal.c.obj
 .debug_line    0x00003c65     0x110d CMakeFiles/control.elf.dir/Drivers/STM32F4xx_HAL_Driver/Src/stm32f4xx_hal_adc.c.obj
 .debug_line    0x00004d72     0x1163 CMakeFiles/control.elf.dir/Drivers/STM32F4xx_HAL_Driver/Src/stm32f4xx_hal_can.c.obj
 .debug_line    0x00005ed5      0x7fe CMakeFiles/control.elf.dir/Drivers/STM32F4xx_HAL_Driver/Src/stm32f4xx_hal_cortex.c.obj
 .debug_line    0x000066d3      0xe81 CMakeFiles/control.elf.dir/Drivers/STM32F4xx_HAL_Driver/Src/stm32f4xx_hal_dma.c.obj
 .debug_line    0x00007554      0x73d CMakeFiles/control.elf.dir/Drivers/STM32F4xx_HAL_Driver/Src/stm32f4xx_hal_gpio.c.obj
 .debug_line    0x00007c91     0x53bf CMakeFiles/control.elf.dir/Drivers/STM32F4xx_HAL_Driver/Src/stm32f4xx_hal_i2c.c.obj
 .debug_line    0x0000d050      0xb6c CMakeFiles/control.elf.dir/Drivers/STM32F4xx_HAL_Driver/Src/stm32f4xx_hal_rcc.c.obj
 .debug_line    0x0000dbbc     0x2545 CMakeFiles/control.elf.dir/Drivers/STM32F4xx_HAL_Driver/Src/stm32f4xx_hal_spi.c.obj
 .debug_line    0x00010101     0x4afe CMakeFiles/control.elf.dir/Drivers/STM32F4xx_HAL_Driver/Src/stm32f4xx_hal_tim.c.obj
 .debug_line    0x00014bff     0x1d22 CMakeFiles/control.elf.dir/Drivers/STM32F4xx_HAL_Driver/Src/stm32f4xx_hal_tim_ex.c.obj
 .debug_line    0x00016921     0x4674 CMakeFiles/control.elf.dir/Drivers/STM32F4xx_HAL_Driver/Src/stm32f4xx_hal_uart.c.obj
 .debug_line    0x0001af95      0x2c2 CMakeFiles/control.elf.dir/code/Encoder.cpp.obj
 .debug_line    0x0001b257      0x41d CMakeFiles/control.elf.dir/code/N20_Motor.cpp.obj
 .debug_line    0x0001b674      0x3f2 CMakeFiles/control.elf.dir/code/task.cpp.obj

.debug_str      0x00000000     0x64e8
 .debug_str     0x00000000      0x73a CMakeFiles/control.elf.dir/Core/Src/adc.c.obj
                                0x867 (size before relaxing)
 .debug_str     0x0000073a      0x2b6 CMakeFiles/control.elf.dir/Core/Src/can.c.obj
                                0x697 (size before relaxing)
 .debug_str     0x000009f0      0x55b CMakeFiles/control.elf.dir/Core/Src/dma.c.obj
                                0x803 (size before relaxing)
 .debug_str     0x00000f4b       0x75 CMakeFiles/control.elf.dir/Core/Src/gpio.c.obj
                                0x3ac (size before relaxing)
 .debug_str     0x00000fc0      0x2f8 CMakeFiles/control.elf.dir/Core/Src/i2c.c.obj
                                0x8eb (size before relaxing)
 .debug_str     0x000012b8      0x277 CMakeFiles/control.elf.dir/Core/Src/main.c.obj
                                0x5e0 (size before relaxing)
 .debug_str     0x0000152f      0x220 CMakeFiles/control.elf.dir/Core/Src/spi.c.obj
                                0x835 (size before relaxing)
 .debug_str     0x0000174f       0x53 CMakeFiles/control.elf.dir/Core/Src/stm32f4xx_hal_msp.c.obj
                                0x2fb (size before relaxing)
 .debug_str     0x000017a2      0x54d CMakeFiles/control.elf.dir/Core/Src/stm32f4xx_it.c.obj
                                0xa9d (size before relaxing)
 .debug_str     0x00001cef       0xae CMakeFiles/control.elf.dir/Core/Src/system_stm32f4xx.c.obj
                                0x361 (size before relaxing)
 .debug_str     0x00001d9d      0x3b8 CMakeFiles/control.elf.dir/Core/Src/tim.c.obj
                               0x1242 (size before relaxing)
 .debug_str     0x00002155       0x86 CMakeFiles/control.elf.dir/Core/Src/usart.c.obj
                                0xd9c (size before relaxing)
 .debug_str     0x000021db       0x5d CMakeFiles/control.elf.dir/Core/Startup/startup_stm32f407vetx.s.obj
                                 0x99 (size before relaxing)
 .debug_str     0x00002238      0x35b CMakeFiles/control.elf.dir/Drivers/STM32F4xx_HAL_Driver/Src/stm32f4xx_hal.c.obj
                                0xb9a (size before relaxing)
 .debug_str     0x00002593      0x2f7 CMakeFiles/control.elf.dir/Drivers/STM32F4xx_HAL_Driver/Src/stm32f4xx_hal_adc.c.obj
                                0x9a2 (size before relaxing)
 .debug_str     0x0000288a      0x57d CMakeFiles/control.elf.dir/Drivers/STM32F4xx_HAL_Driver/Src/stm32f4xx_hal_can.c.obj
                                0xa8b (size before relaxing)
 .debug_str     0x00002e07      0x4a2 CMakeFiles/control.elf.dir/Drivers/STM32F4xx_HAL_Driver/Src/stm32f4xx_hal_cortex.c.obj
                                0xc6c (size before relaxing)
 .debug_str     0x000032a9      0x2d5 CMakeFiles/control.elf.dir/Drivers/STM32F4xx_HAL_Driver/Src/stm32f4xx_hal_dma.c.obj
                                0x7b6 (size before relaxing)
 .debug_str     0x0000357e      0x141 CMakeFiles/control.elf.dir/Drivers/STM32F4xx_HAL_Driver/Src/stm32f4xx_hal_gpio.c.obj
                                0x520 (size before relaxing)
 .debug_str     0x000036bf      0x8bb CMakeFiles/control.elf.dir/Drivers/STM32F4xx_HAL_Driver/Src/stm32f4xx_hal_i2c.c.obj
                               0x1070 (size before relaxing)
 .debug_str     0x00003f7a      0x1ab CMakeFiles/control.elf.dir/Drivers/STM32F4xx_HAL_Driver/Src/stm32f4xx_hal_rcc.c.obj
                                0x746 (size before relaxing)
 .debug_str     0x00004125      0x535 CMakeFiles/control.elf.dir/Drivers/STM32F4xx_HAL_Driver/Src/stm32f4xx_hal_spi.c.obj
                                0xc3a (size before relaxing)
 .debug_str     0x0000465a      0xd0f CMakeFiles/control.elf.dir/Drivers/STM32F4xx_HAL_Driver/Src/stm32f4xx_hal_tim.c.obj
                               0x16f9 (size before relaxing)
 .debug_str     0x00005369      0x499 CMakeFiles/control.elf.dir/Drivers/STM32F4xx_HAL_Driver/Src/stm32f4xx_hal_tim_ex.c.obj
                                0xefa (size before relaxing)
 .debug_str     0x00005802      0x600 CMakeFiles/control.elf.dir/Drivers/STM32F4xx_HAL_Driver/Src/stm32f4xx_hal_uart.c.obj
                                0xd99 (size before relaxing)
 .debug_str     0x00005e02      0x2c1 CMakeFiles/control.elf.dir/code/Encoder.cpp.obj
                                0x921 (size before relaxing)
 .debug_str     0x000060c3      0x28c CMakeFiles/control.elf.dir/code/N20_Motor.cpp.obj
                                0xb76 (size before relaxing)
 .debug_str     0x0000634f      0x199 CMakeFiles/control.elf.dir/code/task.cpp.obj
                                0xf13 (size before relaxing)

.comment        0x00000000       0x49
 .comment       0x00000000       0x49 CMakeFiles/control.elf.dir/Core/Src/adc.c.obj
                                 0x4a (size before relaxing)
 .comment       0x00000049       0x4a CMakeFiles/control.elf.dir/Core/Src/can.c.obj
 .comment       0x00000049       0x4a CMakeFiles/control.elf.dir/Core/Src/dma.c.obj
 .comment       0x00000049       0x4a CMakeFiles/control.elf.dir/Core/Src/gpio.c.obj
 .comment       0x00000049       0x4a CMakeFiles/control.elf.dir/Core/Src/i2c.c.obj
 .comment       0x00000049       0x4a CMakeFiles/control.elf.dir/Core/Src/main.c.obj
 .comment       0x00000049       0x4a CMakeFiles/control.elf.dir/Core/Src/spi.c.obj
 .comment       0x00000049       0x4a CMakeFiles/control.elf.dir/Core/Src/stm32f4xx_hal_msp.c.obj
 .comment       0x00000049       0x4a CMakeFiles/control.elf.dir/Core/Src/stm32f4xx_it.c.obj
 .comment       0x00000049       0x4a CMakeFiles/control.elf.dir/Core/Src/system_stm32f4xx.c.obj
 .comment       0x00000049       0x4a CMakeFiles/control.elf.dir/Core/Src/tim.c.obj
 .comment       0x00000049       0x4a CMakeFiles/control.elf.dir/Core/Src/usart.c.obj
 .comment       0x00000049       0x4a CMakeFiles/control.elf.dir/Drivers/STM32F4xx_HAL_Driver/Src/stm32f4xx_hal.c.obj
 .comment       0x00000049       0x4a CMakeFiles/control.elf.dir/Drivers/STM32F4xx_HAL_Driver/Src/stm32f4xx_hal_adc.c.obj
 .comment       0x00000049       0x4a CMakeFiles/control.elf.dir/Drivers/STM32F4xx_HAL_Driver/Src/stm32f4xx_hal_can.c.obj
 .comment       0x00000049       0x4a CMakeFiles/control.elf.dir/Drivers/STM32F4xx_HAL_Driver/Src/stm32f4xx_hal_cortex.c.obj
 .comment       0x00000049       0x4a CMakeFiles/control.elf.dir/Drivers/STM32F4xx_HAL_Driver/Src/stm32f4xx_hal_dma.c.obj
 .comment       0x00000049       0x4a CMakeFiles/control.elf.dir/Drivers/STM32F4xx_HAL_Driver/Src/stm32f4xx_hal_gpio.c.obj
 .comment       0x00000049       0x4a CMakeFiles/control.elf.dir/Drivers/STM32F4xx_HAL_Driver/Src/stm32f4xx_hal_i2c.c.obj
 .comment       0x00000049       0x4a CMakeFiles/control.elf.dir/Drivers/STM32F4xx_HAL_Driver/Src/stm32f4xx_hal_rcc.c.obj
 .comment       0x00000049       0x4a CMakeFiles/control.elf.dir/Drivers/STM32F4xx_HAL_Driver/Src/stm32f4xx_hal_spi.c.obj
 .comment       0x00000049       0x4a CMakeFiles/control.elf.dir/Drivers/STM32F4xx_HAL_Driver/Src/stm32f4xx_hal_tim.c.obj
 .comment       0x00000049       0x4a CMakeFiles/control.elf.dir/Drivers/STM32F4xx_HAL_Driver/Src/stm32f4xx_hal_tim_ex.c.obj
 .comment       0x00000049       0x4a CMakeFiles/control.elf.dir/Drivers/STM32F4xx_HAL_Driver/Src/stm32f4xx_hal_uart.c.obj
 .comment       0x00000049       0x4a CMakeFiles/control.elf.dir/code/Encoder.cpp.obj
 .comment       0x00000049       0x4a CMakeFiles/control.elf.dir/code/N20_Motor.cpp.obj
 .comment       0x00000049       0x4a CMakeFiles/control.elf.dir/code/task.cpp.obj

.debug_frame    0x00000000     0x40a4
 .debug_frame   0x00000000       0xac CMakeFiles/control.elf.dir/Core/Src/adc.c.obj
 .debug_frame   0x000000ac       0x78 CMakeFiles/control.elf.dir/Core/Src/can.c.obj
 .debug_frame   0x00000124       0x2c CMakeFiles/control.elf.dir/Core/Src/dma.c.obj
 .debug_frame   0x00000150       0x38 CMakeFiles/control.elf.dir/Core/Src/gpio.c.obj
 .debug_frame   0x00000188       0x7c CMakeFiles/control.elf.dir/Core/Src/i2c.c.obj
 .debug_frame   0x00000204       0x58 CMakeFiles/control.elf.dir/Core/Src/main.c.obj
 .debug_frame   0x0000025c       0x68 CMakeFiles/control.elf.dir/Core/Src/spi.c.obj
 .debug_frame   0x000002c4       0x28 CMakeFiles/control.elf.dir/Core/Src/stm32f4xx_hal_msp.c.obj
 .debug_frame   0x000002ec      0x150 CMakeFiles/control.elf.dir/Core/Src/stm32f4xx_it.c.obj
 .debug_frame   0x0000043c       0x30 CMakeFiles/control.elf.dir/Core/Src/system_stm32f4xx.c.obj
 .debug_frame   0x0000046c      0x1ac CMakeFiles/control.elf.dir/Core/Src/tim.c.obj
 .debug_frame   0x00000618       0x90 CMakeFiles/control.elf.dir/Core/Src/usart.c.obj
 .debug_frame   0x000006a8      0x1ec CMakeFiles/control.elf.dir/Drivers/STM32F4xx_HAL_Driver/Src/stm32f4xx_hal.c.obj
 .debug_frame   0x00000894      0x268 CMakeFiles/control.elf.dir/Drivers/STM32F4xx_HAL_Driver/Src/stm32f4xx_hal_adc.c.obj
 .debug_frame   0x00000afc      0x2d0 CMakeFiles/control.elf.dir/Drivers/STM32F4xx_HAL_Driver/Src/stm32f4xx_hal_can.c.obj
 .debug_frame   0x00000dcc      0x148 CMakeFiles/control.elf.dir/Drivers/STM32F4xx_HAL_Driver/Src/stm32f4xx_hal_cortex.c.obj
 .debug_frame   0x00000f14      0x188 CMakeFiles/control.elf.dir/Drivers/STM32F4xx_HAL_Driver/Src/stm32f4xx_hal_dma.c.obj
 .debug_frame   0x0000109c       0xd8 CMakeFiles/control.elf.dir/Drivers/STM32F4xx_HAL_Driver/Src/stm32f4xx_hal_gpio.c.obj
 .debug_frame   0x00001174      0x970 CMakeFiles/control.elf.dir/Drivers/STM32F4xx_HAL_Driver/Src/stm32f4xx_hal_i2c.c.obj
 .debug_frame   0x00001ae4      0x16c CMakeFiles/control.elf.dir/Drivers/STM32F4xx_HAL_Driver/Src/stm32f4xx_hal_rcc.c.obj
 .debug_frame   0x00001c50      0x5a4 CMakeFiles/control.elf.dir/Drivers/STM32F4xx_HAL_Driver/Src/stm32f4xx_hal_spi.c.obj
 .debug_frame   0x000021f4      0xb04 CMakeFiles/control.elf.dir/Drivers/STM32F4xx_HAL_Driver/Src/stm32f4xx_hal_tim.c.obj
 .debug_frame   0x00002cf8      0x40c CMakeFiles/control.elf.dir/Drivers/STM32F4xx_HAL_Driver/Src/stm32f4xx_hal_tim_ex.c.obj
 .debug_frame   0x00003104      0x5cc CMakeFiles/control.elf.dir/Drivers/STM32F4xx_HAL_Driver/Src/stm32f4xx_hal_uart.c.obj
 .debug_frame   0x000036d0       0x58 CMakeFiles/control.elf.dir/code/Encoder.cpp.obj
 .debug_frame   0x00003728       0x8c CMakeFiles/control.elf.dir/code/N20_Motor.cpp.obj
 .debug_frame   0x000037b4       0xd0 CMakeFiles/control.elf.dir/code/task.cpp.obj